Build started 13/12/2025 03:24:57.
     1>Project "/Users/dotritrong/Desktop/Capstone/Badminton_Court_Management_System/Tests/Tests.csproj" on node 1 (Restore target(s)).
     1>_GetAllRestoreProjectPathItems:
         Determining projects to restore...
       Restore:
         X.509 certificate chain validation will use the fallback certificate bundle at '/usr/local/share/dotnet/sdk/9.0.203/trustedroots/codesignctl.pem'.
         X.509 certificate chain validation will use the fallback certificate bundle at '/usr/local/share/dotnet/sdk/9.0.203/trustedroots/timestampctl.pem'.
         Assets file has not changed. Skipping assets file writing. Path: /Users/dotritrong/Desktop/Capstone/Badminton_Court_Management_System/Tests/obj/project.assets.json
         Assets file has not changed. Skipping assets file writing. Path: /Users/dotritrong/Desktop/Capstone/Badminton_Court_Management_System/ApiApplication/obj/project.assets.json
         Restored /Users/dotritrong/Desktop/Capstone/Badminton_Court_Management_System/Tests/Tests.csproj (in 26 ms).
         Restored /Users/dotritrong/Desktop/Capstone/Badminton_Court_Management_System/ApiApplication/ApiApplication.csproj (in 26 ms).
         
         NuGet Config files used:
             /Users/dotritrong/.nuget/NuGet/NuGet.Config
         
         Feeds used:
             https://api.nuget.org/v3/index.json
             /usr/local/share/dotnet/library-packs
         All projects are up-to-date for restore.
     1>Done Building Project "/Users/dotritrong/Desktop/Capstone/Badminton_Court_Management_System/Tests/Tests.csproj" (Restore target(s)).
   1:7>Project "/Users/dotritrong/Desktop/Capstone/Badminton_Court_Management_System/Tests/Tests.csproj" on node 1 (VSTest target(s)).
     1>BuildProject:
         Build started, please wait...
   1:7>Project "/Users/dotritrong/Desktop/Capstone/Badminton_Court_Management_System/Tests/Tests.csproj" (1:7) is building "/Users/dotritrong/Desktop/Capstone/Badminton_Court_Management_System/Tests/Tests.csproj" (1:8) on node 1 (default targets).
   1:8>Project "/Users/dotritrong/Desktop/Capstone/Badminton_Court_Management_System/Tests/Tests.csproj" (1:8) is building "/Users/dotritrong/Desktop/Capstone/Badminton_Court_Management_System/ApiApplication/ApiApplication.csproj" (2:6) on node 1 (default targets).
     2>GenerateTargetFrameworkMonikerAttribute:
       Skipping target "GenerateTargetFrameworkMonikerAttribute" because all output files are up-to-date with respect to the input files.
       _DiscoverMvcApplicationParts:
       Skipping target "_DiscoverMvcApplicationParts" because all output files are up-to-date with respect to the input files.
       _GenerateSourceLinkFile:
         Updating Source Link file 'obj/Debug/net8.0/ApiApplication.sourcelink.json'.
       CoreCompile:
         /usr/local/share/dotnet/dotnet exec "/usr/local/share/dotnet/sdk/9.0.203/Roslyn/bincore/csc.dll" /noconfig /unsafe- /checked- /nowarn:1701,1702,1701,1702 /fullpaths /nostdlib+ /errorreport:prompt /warn:8 /define:TRACE;DEBUG;NET;NET8_0;NETCOREAPP;NET5_0_OR_GREATER;NET6_0_OR_GREATER;NET7_0_OR_GREATER;NET8_0_OR_GREATER;NETCOREAPP1_0_OR_GREATER;NETCOREAPP1_1_OR_GREATER;NETCOREAPP2_0_OR_GREATER;NETCOREAPP2_1_OR_GREATER;NETCOREAPP2_2_OR_GREATER;NETCOREAPP3_0_OR_GREATER;NETCOREAPP3_1_OR_GREATER /highentropyva+ /nullable:enable /reference:/Users/dotritrong/.nuget/packages/automapper/15.0.1/lib/net8.0/AutoMapper.dll /reference:/Users/dotritrong/.nuget/packages/bouncycastle.cryptography/2.2.1/lib/net6.0/BouncyCastle.Cryptography.dll /reference:/Users/dotritrong/.nuget/packages/closedxml/0.105.0/lib/netstandard2.1/ClosedXML.dll /reference:/Users/dotritrong/.nuget/packages/closedxml.parser/2.0.0/lib/netstandard2.1/ClosedXML.Parser.dll /reference:/Users/dotritrong/.nuget/packages/communitytoolkit.highperformance/8.2.2/lib/net7.0/CommunityToolkit.HighPerformance.dll /reference:/Users/dotritrong/.nuget/packages/cronos/0.11.1/lib/net6.0/Cronos.dll /reference:/Users/dotritrong/.nuget/packages/documentformat.openxml/3.1.1/lib/net8.0/DocumentFormat.OpenXml.dll /reference:/Users/dotritrong/.nuget/packages/documentformat.openxml.framework/3.1.1/lib/net8.0/DocumentFormat.OpenXml.Framework.dll /reference:/Users/dotritrong/.nuget/packages/excelnumberformat/1.1.0/lib/netstandard2.0/ExcelNumberFormat.dll /reference:/Users/dotritrong/.nuget/packages/mailkit/4.3.0/lib/net6.0/MailKit.dll /reference:/usr/local/share/dotnet/packs/Microsoft.AspNetCore.App.Ref/8.0.15/ref/net8.0/Microsoft.AspNetCore.Antiforgery.dll /reference:/usr/local/share/dotnet/packs/Microsoft.AspNetCore.App.Ref/8.0.15/ref/net8.0/Microsoft.AspNetCore.Authentication.Abstractions.dll /reference:/usr/local/share/dotnet/packs/Microsoft.AspNetCore.App.Ref/8.0.15/ref/net8.0/Microsoft.AspNetCore.Authentication.BearerToken.dll /reference:/usr/local/share/dotnet/packs/Microsoft.AspNetCore.App.Ref/8.0.15/ref/net8.0/Microsoft.AspNetCore.Authentication.Cookies.dll /reference:/usr/local/share/dotnet/packs/Microsoft.AspNetCore.App.Ref/8.0.15/ref/net8.0/Microsoft.AspNetCore.Authentication.Core.dll /reference:/usr/local/share/dotnet/packs/Microsoft.AspNetCore.App.Ref/8.0.15/ref/net8.0/Microsoft.AspNetCore.Authentication.dll /reference:/Users/dotritrong/.nuget/packages/microsoft.aspnetcore.authentication.jwtbearer/8.0.20/lib/net8.0/Microsoft.AspNetCore.Authentication.JwtBearer.dll /reference:/usr/local/share/dotnet/packs/Microsoft.AspNetCore.App.Ref/8.0.15/ref/net8.0/Microsoft.AspNetCore.Authentication.OAuth.dll /reference:/usr/local/share/dotnet/packs/Microsoft.AspNetCore.App.Ref/8.0.15/ref/net8.0/Microsoft.AspNetCore.Authorization.dll /reference:/usr/local/share/dotnet/packs/Microsoft.AspNetCore.App.Ref/8.0.15/ref/net8.0/Microsoft.AspNetCore.Authorization.Policy.dll /reference:/usr/local/share/dotnet/packs/Microsoft.AspNetCore.App.Ref/8.0.15/ref/net8.0/Microsoft.AspNetCore.Components.Authorization.dll /reference:/usr/local/share/dotnet/packs/Microsoft.AspNetCore.App.Ref/8.0.15/ref/net8.0/Microsoft.AspNetCore.Components.dll /reference:/usr/local/share/dotnet/packs/Microsoft.AspNetCore.App.Ref/8.0.15/ref/net8.0/Microsoft.AspNetCore.Components.Endpoints.dll /reference:/usr/local/share/dotnet/packs/Microsoft.AspNetCore.App.Ref/8.0.15/ref/net8.0/Microsoft.AspNetCore.Components.Forms.dll /reference:/usr/local/share/dotnet/packs/Microsoft.AspNetCore.App.Ref/8.0.15/ref/net8.0/Microsoft.AspNetCore.Components.Server.dll /reference:/usr/local/share/dotnet/packs/Microsoft.AspNetCore.App.Ref/8.0.15/ref/net8.0/Microsoft.AspNetCore.Components.Web.dll /reference:/usr/local/share/dotnet/packs/Microsoft.AspNetCore.App.Ref/8.0.15/ref/net8.0/Microsoft.AspNetCore.Connections.Abstractions.dll /reference:/usr/local/share/dotnet/packs/Microsoft.AspNetCore.App.Ref/8.0.15/ref/net8.0/Microsoft.AspNetCore.CookiePolicy.dll /reference:/usr/local/share/dotnet/packs/Microsoft.AspNetCore.App.Ref/8.0.15/ref/net8.0/Microsoft.AspNetCore.Cors.dll /reference:/Users/dotritrong/.nuget/packages/microsoft.aspnetcore.cryptography.internal/8.0.20/lib/net8.0/Microsoft.AspNetCore.Cryptography.Internal.dll /reference:/Users/dotritrong/.nuget/packages/microsoft.aspnetcore.cryptography.keyderivation/8.0.20/lib/net8.0/Microsoft.AspNetCore.Cryptography.KeyDerivation.dll /reference:/usr/local/share/dotnet/packs/Microsoft.AspNetCore.App.Ref/8.0.15/ref/net8.0/Microsoft.AspNetCore.DataProtection.Abstractions.dll /reference:/usr/local/share/dotnet/packs/Microsoft.AspNetCore.App.Ref/8.0.15/ref/net8.0/Microsoft.AspNetCore.DataProtection.dll /reference:/usr/local/share/dotnet/packs/Microsoft.AspNetCore.App.Ref/8.0.15/ref/net8.0/Microsoft.AspNetCore.DataProtection.Extensions.dll /reference:/usr/local/share/dotnet/packs/Microsoft.AspNetCore.App.Ref/8.0.15/ref/net8.0/Microsoft.AspNetCore.Diagnostics.Abstractions.dll /reference:/usr/local/share/dotnet/packs/Microsoft.AspNetCore.App.Ref/8.0.15/ref/net8.0/Microsoft.AspNetCore.Diagnostics.dll /reference:/usr/local/share/dotnet/packs/Microsoft.AspNetCore.App.Ref/8.0.15/ref/net8.0/Microsoft.AspNetCore.Diagnostics.HealthChecks.dll /reference:/usr/local/share/dotnet/packs/Microsoft.AspNetCore.App.Ref/8.0.15/ref/net8.0/Microsoft.AspNetCore.dll /reference:/usr/local/share/dotnet/packs/Microsoft.AspNetCore.App.Ref/8.0.15/ref/net8.0/Microsoft.AspNetCore.HostFiltering.dll /reference:/usr/local/share/dotnet/packs/Microsoft.AspNetCore.App.Ref/8.0.15/ref/net8.0/Microsoft.AspNetCore.Hosting.Abstractions.dll /reference:/usr/local/share/dotnet/packs/Microsoft.AspNetCore.App.Ref/8.0.15/ref/net8.0/Microsoft.AspNetCore.Hosting.dll /reference:/usr/local/share/dotnet/packs/Microsoft.AspNetCore.App.Ref/8.0.15/ref/net8.0/Microsoft.AspNetCore.Hosting.Server.Abstractions.dll /reference:/usr/local/share/dotnet/packs/Microsoft.AspNetCore.App.Ref/8.0.15/ref/net8.0/Microsoft.AspNetCore.Html.Abstractions.dll /reference:/usr/local/share/dotnet/packs/Microsoft.AspNetCore.App.Ref/8.0.15/ref/net8.0/Microsoft.AspNetCore.Http.Abstractions.dll /reference:/usr/local/share/dotnet/packs/Microsoft.AspNetCore.App.Ref/8.0.15/ref/net8.0/Microsoft.AspNetCore.Http.Connections.Common.dll /reference:/usr/local/share/dotnet/packs/Microsoft.AspNetCore.App.Ref/8.0.15/ref/net8.0/Microsoft.AspNetCore.Http.Connections.dll /reference:/usr/local/share/dotnet/packs/Microsoft.AspNetCore.App.Ref/8.0.15/ref/net8.0/Microsoft.AspNetCore.Http.dll /reference:/usr/local/share/dotnet/packs/Microsoft.AspNetCore.App.Ref/8.0.15/ref/net8.0/Microsoft.AspNetCore.Http.Extensions.dll /reference:/usr/local/share/dotnet/packs/Microsoft.AspNetCore.App.Ref/8.0.15/ref/net8.0/Microsoft.AspNetCore.Http.Features.dll /reference:/usr/local/share/dotnet/packs/Microsoft.AspNetCore.App.Ref/8.0.15/ref/net8.0/Microsoft.AspNetCore.Http.Results.dll /reference:/usr/local/share/dotnet/packs/Microsoft.AspNetCore.App.Ref/8.0.15/ref/net8.0/Microsoft.AspNetCore.HttpLogging.dll /reference:/usr/local/share/dotnet/packs/Microsoft.AspNetCore.App.Ref/8.0.15/ref/net8.0/Microsoft.AspNetCore.HttpOverrides.dll /reference:/usr/local/share/dotnet/packs/Microsoft.AspNetCore.App.Ref/8.0.15/ref/net8.0/Microsoft.AspNetCore.HttpsPolicy.dll /reference:/usr/local/share/dotnet/packs/Microsoft.AspNetCore.App.Ref/8.0.15/ref/net8.0/Microsoft.AspNetCore.Identity.dll /reference:/Users/dotritrong/.nuget/packages/microsoft.aspnetcore.identity.entityframeworkcore/8.0.20/lib/net8.0/Microsoft.AspNetCore.Identity.EntityFrameworkCore.dll /reference:/usr/local/share/dotnet/packs/Microsoft.AspNetCore.App.Ref/8.0.15/ref/net8.0/Microsoft.AspNetCore.Localization.dll /reference:/usr/local/share/dotnet/packs/Microsoft.AspNetCore.App.Ref/8.0.15/ref/net8.0/Microsoft.AspNetCore.Localization.Routing.dll /reference:/usr/local/share/dotnet/packs/Microsoft.AspNetCore.App.Ref/8.0.15/ref/net8.0/Microsoft.AspNetCore.Metadata.dll /reference:/usr/local/share/dotnet/packs/Microsoft.AspNetCore.App.Ref/8.0.15/ref/net8.0/Microsoft.AspNetCore.Mvc.Abstractions.dll /reference:/usr/local/share/dotnet/packs/Microsoft.AspNetCore.App.Ref/8.0.15/ref/net8.0/Microsoft.AspNetCore.Mvc.ApiExplorer.dll /reference:/usr/local/share/dotnet/packs/Microsoft.AspNetCore.App.Ref/8.0.15/ref/net8.0/Microsoft.AspNetCore.Mvc.Core.dll /reference:/usr/local/share/dotnet/packs/Microsoft.AspNetCore.App.Ref/8.0.15/ref/net8.0/Microsoft.AspNetCore.Mvc.Cors.dll /reference:/usr/local/share/dotnet/packs/Microsoft.AspNetCore.App.Ref/8.0.15/ref/net8.0/Microsoft.AspNetCore.Mvc.DataAnnotations.dll /reference:/usr/local/share/dotnet/packs/Microsoft.AspNetCore.App.Ref/8.0.15/ref/net8.0/Microsoft.AspNetCore.Mvc.dll /reference:/usr/local/share/dotnet/packs/Microsoft.AspNetCore.App.Ref/8.0.15/ref/net8.0/Microsoft.AspNetCore.Mvc.Formatters.Json.dll /reference:/usr/local/share/dotnet/packs/Microsoft.AspNetCore.App.Ref/8.0.15/ref/net8.0/Microsoft.AspNetCore.Mvc.Formatters.Xml.dll /reference:/usr/local/share/dotnet/packs/Microsoft.AspNetCore.App.Ref/8.0.15/ref/net8.0/Microsoft.AspNetCore.Mvc.Localization.dll /reference:/usr/local/share/dotnet/packs/Microsoft.AspNetCore.App.Ref/8.0.15/ref/net8.0/Microsoft.AspNetCore.Mvc.Razor.dll /reference:/usr/local/share/dotnet/packs/Microsoft.AspNetCore.App.Ref/8.0.15/ref/net8.0/Microsoft.AspNetCore.Mvc.RazorPages.dll /reference:/usr/local/share/dotnet/packs/Microsoft.AspNetCore.App.Ref/8.0.15/ref/net8.0/Microsoft.AspNetCore.Mvc.TagHelpers.dll /reference:/usr/local/share/dotnet/packs/Microsoft.AspNetCore.App.Ref/8.0.15/ref/net8.0/Microsoft.AspNetCore.Mvc.ViewFeatures.dll /reference:/usr/local/share/dotnet/packs/Microsoft.AspNetCore.App.Ref/8.0.15/ref/net8.0/Microsoft.AspNetCore.OutputCaching.dll /reference:/usr/local/share/dotnet/packs/Microsoft.AspNetCore.App.Ref/8.0.15/ref/net8.0/Microsoft.AspNetCore.RateLimiting.dll /reference:/usr/local/share/dotnet/packs/Microsoft.AspNetCore.App.Ref/8.0.15/ref/net8.0/Microsoft.AspNetCore.Razor.dll /reference:/usr/local/share/dotnet/packs/Microsoft.AspNetCore.App.Ref/8.0.15/ref/net8.0/Microsoft.AspNetCore.Razor.Runtime.dll /reference:/usr/local/share/dotnet/packs/Microsoft.AspNetCore.App.Ref/8.0.15/ref/net8.0/Microsoft.AspNetCore.RequestDecompression.dll /reference:/usr/local/share/dotnet/packs/Microsoft.AspNetCore.App.Ref/8.0.15/ref/net8.0/Microsoft.AspNetCore.ResponseCaching.Abstractions.dll /reference:/usr/local/share/dotnet/packs/Microsoft.AspNetCore.App.Ref/8.0.15/ref/net8.0/Microsoft.AspNetCore.ResponseCaching.dll /reference:/usr/local/share/dotnet/packs/Microsoft.AspNetCore.App.Ref/8.0.15/ref/net8.0/Microsoft.AspNetCore.ResponseCompression.dll /reference:/usr/local/share/dotnet/packs/Microsoft.AspNetCore.App.Ref/8.0.15/ref/net8.0/Microsoft.AspNetCore.Rewrite.dll /reference:/usr/local/share/dotnet/packs/Microsoft.AspNetCore.App.Ref/8.0.15/ref/net8.0/Microsoft.AspNetCore.Routing.Abstractions.dll /reference:/usr/local/share/dotnet/packs/Microsoft.AspNetCore.App.Ref/8.0.15/ref/net8.0/Microsoft.AspNetCore.Routing.dll /reference:/usr/local/share/dotnet/packs/Microsoft.AspNetCore.App.Ref/8.0.15/ref/net8.0/Microsoft.AspNetCore.Server.HttpSys.dll /reference:/usr/local/share/dotnet/packs/Microsoft.AspNetCore.App.Ref/8.0.15/ref/net8.0/Microsoft.AspNetCore.Server.IIS.dll /reference:/usr/local/share/dotnet/packs/Microsoft.AspNetCore.App.Ref/8.0.15/ref/net8.0/Microsoft.AspNetCore.Server.IISIntegration.dll /reference:/usr/local/share/dotnet/packs/Microsoft.AspNetCore.App.Ref/8.0.15/ref/net8.0/Microsoft.AspNetCore.Server.Kestrel.Core.dll /reference:/usr/local/share/dotnet/packs/Microsoft.AspNetCore.App.Ref/8.0.15/ref/net8.0/Microsoft.AspNetCore.Server.Kestrel.dll /reference:/usr/local/share/dotnet/packs/Microsoft.AspNetCore.App.Ref/8.0.15/ref/net8.0/Microsoft.AspNetCore.Server.Kestrel.Transport.NamedPipes.dll /reference:/usr/local/share/dotnet/packs/Microsoft.AspNetCore.App.Ref/8.0.15/ref/net8.0/Microsoft.AspNetCore.Server.Kestrel.Transport.Quic.dll /reference:/usr/local/share/dotnet/packs/Microsoft.AspNetCore.App.Ref/8.0.15/ref/net8.0/Microsoft.AspNetCore.Server.Kestrel.Transport.Sockets.dll /reference:/usr/local/share/dotnet/packs/Microsoft.AspNetCore.App.Ref/8.0.15/ref/net8.0/Microsoft.AspNetCore.Session.dll /reference:/usr/local/share/dotnet/packs/Microsoft.AspNetCore.App.Ref/8.0.15/ref/net8.0/Microsoft.AspNetCore.SignalR.Common.dll /reference:/usr/local/share/dotnet/packs/Microsoft.AspNetCore.App.Ref/8.0.15/ref/net8.0/Microsoft.AspNetCore.SignalR.Core.dll /reference:/usr/local/share/dotnet/packs/Microsoft.AspNetCore.App.Ref/8.0.15/ref/net8.0/Microsoft.AspNetCore.SignalR.dll /reference:/usr/local/share/dotnet/packs/Microsoft.AspNetCore.App.Ref/8.0.15/ref/net8.0/Microsoft.AspNetCore.SignalR.Protocols.Json.dll /reference:/usr/local/share/dotnet/packs/Microsoft.AspNetCore.App.Ref/8.0.15/ref/net8.0/Microsoft.AspNetCore.StaticFiles.dll /reference:/usr/local/share/dotnet/packs/Microsoft.AspNetCore.App.Ref/8.0.15/ref/net8.0/Microsoft.AspNetCore.WebSockets.dll /reference:/usr/local/share/dotnet/packs/Microsoft.AspNetCore.App.Ref/8.0.15/ref/net8.0/Microsoft.AspNetCore.WebUtilities.dll /reference:/usr/local/share/dotnet/packs/Microsoft.NETCore.App.Ref/8.0.15/ref/net8.0/Microsoft.CSharp.dll /reference:/Users/dotritrong/.nuget/packages/microsoft.entityframeworkcore.abstractions/8.0.20/lib/net8.0/Microsoft.EntityFrameworkCore.Abstractions.dll /reference:/Users/dotritrong/.nuget/packages/microsoft.entityframeworkcore/8.0.20/lib/net8.0/Microsoft.EntityFrameworkCore.dll /reference:/Users/dotritrong/.nuget/packages/microsoft.entityframeworkcore.relational/8.0.20/lib/net8.0/Microsoft.EntityFrameworkCore.Relational.dll /reference:/usr/local/share/dotnet/packs/Microsoft.AspNetCore.App.Ref/8.0.15/ref/net8.0/Microsoft.Extensions.Caching.Abstractions.dll /reference:/usr/local/share/dotnet/packs/Microsoft.AspNetCore.App.Ref/8.0.15/ref/net8.0/Microsoft.Extensions.Caching.Memory.dll /reference:/usr/local/share/dotnet/packs/Microsoft.AspNetCore.App.Ref/8.0.15/ref/net8.0/Microsoft.Extensions.Configuration.Abstractions.dll /reference:/usr/local/share/dotnet/packs/Microsoft.AspNetCore.App.Ref/8.0.15/ref/net8.0/Microsoft.Extensions.Configuration.Binder.dll /reference:/usr/local/share/dotnet/packs/Microsoft.AspNetCore.App.Ref/8.0.15/ref/net8.0/Microsoft.Extensions.Configuration.CommandLine.dll /reference:/usr/local/share/dotnet/packs/Microsoft.AspNetCore.App.Ref/8.0.15/ref/net8.0/Microsoft.Extensions.Configuration.dll /reference:/usr/local/share/dotnet/packs/Microsoft.AspNetCore.App.Ref/8.0.15/ref/net8.0/Microsoft.Extensions.Configuration.EnvironmentVariables.dll /reference:/usr/local/share/dotnet/packs/Microsoft.AspNetCore.App.Ref/8.0.15/ref/net8.0/Microsoft.Extensions.Configuration.FileExtensions.dll /reference:/usr/local/share/dotnet/packs/Microsoft.AspNetCore.App.Ref/8.0.15/ref/net8.0/Microsoft.Extensions.Configuration.Ini.dll /reference:/usr/local/share/dotnet/packs/Microsoft.AspNetCore.App.Ref/8.0.15/ref/net8.0/Microsoft.Extensions.Configuration.Json.dll /reference:/usr/local/share/dotnet/packs/Microsoft.AspNetCore.App.Ref/8.0.15/ref/net8.0/Microsoft.Extensions.Configuration.KeyPerFile.dll /reference:/usr/local/share/dotnet/packs/Microsoft.AspNetCore.App.Ref/8.0.15/ref/net8.0/Microsoft.Extensions.Configuration.UserSecrets.dll /reference:/usr/local/share/dotnet/packs/Microsoft.AspNetCore.App.Ref/8.0.15/ref/net8.0/Microsoft.Extensions.Configuration.Xml.dll /reference:/usr/local/share/dotnet/packs/Microsoft.AspNetCore.App.Ref/8.0.15/ref/net8.0/Microsoft.Extensions.DependencyInjection.Abstractions.dll /reference:/usr/local/share/dotnet/packs/Microsoft.AspNetCore.App.Ref/8.0.15/ref/net8.0/Microsoft.Extensions.DependencyInjection.dll /reference:/usr/local/share/dotnet/packs/Microsoft.AspNetCore.App.Ref/8.0.15/ref/net8.0/Microsoft.Extensions.Diagnostics.Abstractions.dll /reference:/usr/local/share/dotnet/packs/Microsoft.AspNetCore.App.Ref/8.0.15/ref/net8.0/Microsoft.Extensions.Diagnostics.dll /reference:/usr/local/share/dotnet/packs/Microsoft.AspNetCore.App.Ref/8.0.15/ref/net8.0/Microsoft.Extensions.Diagnostics.HealthChecks.Abstractions.dll /reference:/usr/local/share/dotnet/packs/Microsoft.AspNetCore.App.Ref/8.0.15/ref/net8.0/Microsoft.Extensions.Diagnostics.HealthChecks.dll /reference:/usr/local/share/dotnet/packs/Microsoft.AspNetCore.App.Ref/8.0.15/ref/net8.0/Microsoft.Extensions.Features.dll /reference:/usr/local/share/dotnet/packs/Microsoft.AspNetCore.App.Ref/8.0.15/ref/net8.0/Microsoft.Extensions.FileProviders.Abstractions.dll /reference:/usr/local/share/dotnet/packs/Microsoft.AspNetCore.App.Ref/8.0.15/ref/net8.0/Microsoft.Extensions.FileProviders.Composite.dll /reference:/usr/local/share/dotnet/packs/Microsoft.AspNetCore.App.Ref/8.0.15/ref/net8.0/Microsoft.Extensions.FileProviders.Embedded.dll /reference:/usr/local/share/dotnet/packs/Microsoft.AspNetCore.App.Ref/8.0.15/ref/net8.0/Microsoft.Extensions.FileProviders.Physical.dll /reference:/usr/local/share/dotnet/packs/Microsoft.AspNetCore.App.Ref/8.0.15/ref/net8.0/Microsoft.Extensions.FileSystemGlobbing.dll /reference:/usr/local/share/dotnet/packs/Microsoft.AspNetCore.App.Ref/8.0.15/ref/net8.0/Microsoft.Extensions.Hosting.Abstractions.dll /reference:/usr/local/share/dotnet/packs/Microsoft.AspNetCore.App.Ref/8.0.15/ref/net8.0/Microsoft.Extensions.Hosting.dll /reference:/usr/local/share/dotnet/packs/Microsoft.AspNetCore.App.Ref/8.0.15/ref/net8.0/Microsoft.Extensions.Http.dll /reference:/Users/dotritrong/.nuget/packages/microsoft.extensions.identity.core/8.0.20/lib/net8.0/Microsoft.Extensions.Identity.Core.dll /reference:/Users/dotritrong/.nuget/packages/microsoft.extensions.identity.stores/8.0.20/lib/net8.0/Microsoft.Extensions.Identity.Stores.dll /reference:/usr/local/share/dotnet/packs/Microsoft.AspNetCore.App.Ref/8.0.15/ref/net8.0/Microsoft.Extensions.Localization.Abstractions.dll /reference:/usr/local/share/dotnet/packs/Microsoft.AspNetCore.App.Ref/8.0.15/ref/net8.0/Microsoft.Extensions.Localization.dll /reference:/usr/local/share/dotnet/packs/Microsoft.AspNetCore.App.Ref/8.0.15/ref/net8.0/Microsoft.Extensions.Logging.Abstractions.dll /reference:/usr/local/share/dotnet/packs/Microsoft.AspNetCore.App.Ref/8.0.15/ref/net8.0/Microsoft.Extensions.Logging.Configuration.dll /reference:/usr/local/share/dotnet/packs/Microsoft.AspNetCore.App.Ref/8.0.15/ref/net8.0/Microsoft.Extensions.Logging.Console.dll /reference:/usr/local/share/dotnet/packs/Microsoft.AspNetCore.App.Ref/8.0.15/ref/net8.0/Microsoft.Extensions.Logging.Debug.dll /reference:/usr/local/share/dotnet/packs/Microsoft.AspNetCore.App.Ref/8.0.15/ref/net8.0/Microsoft.Extensions.Logging.dll /reference:/usr/local/share/dotnet/packs/Microsoft.AspNetCore.App.Ref/8.0.15/ref/net8.0/Microsoft.Extensions.Logging.EventLog.dll /reference:/usr/local/share/dotnet/packs/Microsoft.AspNetCore.App.Ref/8.0.15/ref/net8.0/Microsoft.Extensions.Logging.EventSource.dll /reference:/usr/local/share/dotnet/packs/Microsoft.AspNetCore.App.Ref/8.0.15/ref/net8.0/Microsoft.Extensions.Logging.TraceSource.dll /reference:/usr/local/share/dotnet/packs/Microsoft.AspNetCore.App.Ref/8.0.15/ref/net8.0/Microsoft.Extensions.ObjectPool.dll /reference:/usr/local/share/dotnet/packs/Microsoft.AspNetCore.App.Ref/8.0.15/ref/net8.0/Microsoft.Extensions.Options.ConfigurationExtensions.dll /reference:/usr/local/share/dotnet/packs/Microsoft.AspNetCore.App.Ref/8.0.15/ref/net8.0/Microsoft.Extensions.Options.DataAnnotations.dll /reference:/usr/local/share/dotnet/packs/Microsoft.AspNetCore.App.Ref/8.0.15/ref/net8.0/Microsoft.Extensions.Options.dll /reference:/usr/local/share/dotnet/packs/Microsoft.AspNetCore.App.Ref/8.0.15/ref/net8.0/Microsoft.Extensions.Primitives.dll /reference:/usr/local/share/dotnet/packs/Microsoft.AspNetCore.App.Ref/8.0.15/ref/net8.0/Microsoft.Extensions.WebEncoders.dll /reference:/Users/dotritrong/.nuget/packages/microsoft.identitymodel.abstractions/8.14.0/lib/net8.0/Microsoft.IdentityModel.Abstractions.dll /reference:/Users/dotritrong/.nuget/packages/microsoft.identitymodel.jsonwebtokens/8.14.0/lib/net8.0/Microsoft.IdentityModel.JsonWebTokens.dll /reference:/Users/dotritrong/.nuget/packages/microsoft.identitymodel.logging/8.14.0/lib/net8.0/Microsoft.IdentityModel.Logging.dll /reference:/Users/dotritrong/.nuget/packages/microsoft.identitymodel.protocols/7.1.2/lib/net8.0/Microsoft.IdentityModel.Protocols.dll /reference:/Users/dotritrong/.nuget/packages/microsoft.identitymodel.protocols.openidconnect/7.1.2/lib/net8.0/Microsoft.IdentityModel.Protocols.OpenIdConnect.dll /reference:/Users/dotritrong/.nuget/packages/microsoft.identitymodel.tokens/8.14.0/lib/net8.0/Microsoft.IdentityModel.Tokens.dll /reference:/usr/local/share/dotnet/packs/Microsoft.AspNetCore.App.Ref/8.0.15/ref/net8.0/Microsoft.JSInterop.dll /reference:/usr/local/share/dotnet/packs/Microsoft.AspNetCore.App.Ref/8.0.15/ref/net8.0/Microsoft.Net.Http.Headers.dll /reference:/Users/dotritrong/.nuget/packages/microsoft.openapi/1.6.14/lib/netstandard2.0/Microsoft.OpenApi.dll /reference:/usr/local/share/dotnet/packs/Microsoft.NETCore.App.Ref/8.0.15/ref/net8.0/Microsoft.VisualBasic.Core.dll /reference:/usr/local/share/dotnet/packs/Microsoft.NETCore.App.Ref/8.0.15/ref/net8.0/Microsoft.VisualBasic.dll /reference:/usr/local/share/dotnet/packs/Microsoft.NETCore.App.Ref/8.0.15/ref/net8.0/Microsoft.Win32.Primitives.dll /reference:/usr/local/share/dotnet/packs/Microsoft.NETCore.App.Ref/8.0.15/ref/net8.0/Microsoft.Win32.Registry.dll /reference:/Users/dotritrong/.nuget/packages/mimekit/4.3.0/lib/net6.0/MimeKit.dll /reference:/Users/dotritrong/.nuget/packages/minio/6.0.2/lib/net7.0/Minio.dll /reference:/usr/local/share/dotnet/packs/Microsoft.NETCore.App.Ref/8.0.15/ref/net8.0/mscorlib.dll /reference:/usr/local/share/dotnet/packs/Microsoft.NETCore.App.Ref/8.0.15/ref/net8.0/netstandard.dll /reference:/Users/dotritrong/.nuget/packages/newtonsoft.json/11.0.2/lib/netstandard2.0/Newtonsoft.Json.dll /reference:/Users/dotritrong/.nuget/packages/npgsql/8.0.6/lib/net8.0/Npgsql.dll /reference:/Users/dotritrong/.nuget/packages/npgsql.entityframeworkcore.postgresql/8.0.11/lib/net8.0/Npgsql.EntityFrameworkCore.PostgreSQL.dll /reference:/Users/dotritrong/.nuget/packages/rbush.signed/4.0.0/lib/net8.0/RBush.dll /reference:/Users/dotritrong/.nuget/packages/scalar.aspnetcore/2.8.1/lib/net8.0/Scalar.AspNetCore.dll /reference:/Users/dotritrong/.nuget/packages/sixlabors.fonts/1.0.0/lib/netcoreapp3.1/SixLabors.Fonts.dll /reference:/Users/dotritrong/.nuget/packages/swashbuckle.aspnetcore.annotations/6.6.2/lib/net8.0/Swashbuckle.AspNetCore.Annotations.dll /reference:/Users/dotritrong/.nuget/packages/swashbuckle.aspnetcore.swagger/6.6.2/lib/net8.0/Swashbuckle.AspNetCore.Swagger.dll /reference:/Users/dotritrong/.nuget/packages/swashbuckle.aspnetcore.swaggergen/6.6.2/lib/net8.0/Swashbuckle.AspNetCore.SwaggerGen.dll /reference:/Users/dotritrong/.nuget/packages/swashbuckle.aspnetcore.swaggerui/6.6.2/lib/net8.0/Swashbuckle.AspNetCore.SwaggerUI.dll /reference:/usr/local/share/dotnet/packs/Microsoft.NETCore.App.Ref/8.0.15/ref/net8.0/System.AppContext.dll /reference:/usr/local/share/dotnet/packs/Microsoft.NETCore.App.Ref/8.0.15/ref/net8.0/System.Buffers.dll /reference:/usr/local/share/dotnet/packs/Microsoft.NETCore.App.Ref/8.0.15/ref/net8.0/System.Collections.Concurrent.dll /reference:/usr/local/share/dotnet/packs/Microsoft.NETCore.App.Ref/8.0.15/ref/net8.0/System.Collections.dll /reference:/usr/local/share/dotnet/packs/Microsoft.NETCore.App.Ref/8.0.15/ref/net8.0/System.Collections.Immutable.dll /reference:/usr/local/share/dotnet/packs/Microsoft.NETCore.App.Ref/8.0.15/ref/net8.0/System.Collections.NonGeneric.dll /reference:/usr/local/share/dotnet/packs/Microsoft.NETCore.App.Ref/8.0.15/ref/net8.0/System.Collections.Specialized.dll /reference:/usr/local/share/dotnet/packs/Microsoft.NETCore.App.Ref/8.0.15/ref/net8.0/System.ComponentModel.Annotations.dll /reference:/usr/local/share/dotnet/packs/Microsoft.NETCore.App.Ref/8.0.15/ref/net8.0/System.ComponentModel.DataAnnotations.dll /reference:/usr/local/share/dotnet/packs/Microsoft.NETCore.App.Ref/8.0.15/ref/net8.0/System.ComponentModel.dll /reference:/usr/local/share/dotnet/packs/Microsoft.NETCore.App.Ref/8.0.15/ref/net8.0/System.ComponentModel.EventBasedAsync.dll /reference:/usr/local/share/dotnet/packs/Microsoft.NETCore.App.Ref/8.0.15/ref/net8.0/System.ComponentModel.Primitives.dll /reference:/usr/local/share/dotnet/packs/Microsoft.NETCore.App.Ref/8.0.15/ref/net8.0/System.ComponentModel.TypeConverter.dll /reference:/usr/local/share/dotnet/packs/Microsoft.NETCore.App.Ref/8.0.15/ref/net8.0/System.Configuration.dll /reference:/usr/local/share/dotnet/packs/Microsoft.NETCore.App.Ref/8.0.15/ref/net8.0/System.Console.dll /reference:/usr/local/share/dotnet/packs/Microsoft.NETCore.App.Ref/8.0.15/ref/net8.0/System.Core.dll /reference:/usr/local/share/dotnet/packs/Microsoft.NETCore.App.Ref/8.0.15/ref/net8.0/System.Data.Common.dll /reference:/usr/local/share/dotnet/packs/Microsoft.NETCore.App.Ref/8.0.15/ref/net8.0/System.Data.DataSetExtensions.dll /reference:/usr/local/share/dotnet/packs/Microsoft.NETCore.App.Ref/8.0.15/ref/net8.0/System.Data.dll /reference:/usr/local/share/dotnet/packs/Microsoft.NETCore.App.Ref/8.0.15/ref/net8.0/System.Diagnostics.Contracts.dll /reference:/usr/local/share/dotnet/packs/Microsoft.NETCore.App.Ref/8.0.15/ref/net8.0/System.Diagnostics.Debug.dll /reference:/usr/local/share/dotnet/packs/Microsoft.NETCore.App.Ref/8.0.15/ref/net8.0/System.Diagnostics.DiagnosticSource.dll /reference:/usr/local/share/dotnet/packs/Microsoft.AspNetCore.App.Ref/8.0.15/ref/net8.0/System.Diagnostics.EventLog.dll /reference:/usr/local/share/dotnet/packs/Microsoft.NETCore.App.Ref/8.0.15/ref/net8.0/System.Diagnostics.FileVersionInfo.dll /reference:/usr/local/share/dotnet/packs/Microsoft.NETCore.App.Ref/8.0.15/ref/net8.0/System.Diagnostics.Process.dll /reference:/usr/local/share/dotnet/packs/Microsoft.NETCore.App.Ref/8.0.15/ref/net8.0/System.Diagnostics.StackTrace.dll /reference:/usr/local/share/dotnet/packs/Microsoft.NETCore.App.Ref/8.0.15/ref/net8.0/System.Diagnostics.TextWriterTraceListener.dll /reference:/usr/local/share/dotnet/packs/Microsoft.NETCore.App.Ref/8.0.15/ref/net8.0/System.Diagnostics.Tools.dll /reference:/usr/local/share/dotnet/packs/Microsoft.NETCore.App.Ref/8.0.15/ref/net8.0/System.Diagnostics.TraceSource.dll /reference:/usr/local/share/dotnet/packs/Microsoft.NETCore.App.Ref/8.0.15/ref/net8.0/System.Diagnostics.Tracing.dll /reference:/usr/local/share/dotnet/packs/Microsoft.NETCore.App.Ref/8.0.15/ref/net8.0/System.dll /reference:/usr/local/share/dotnet/packs/Microsoft.NETCore.App.Ref/8.0.15/ref/net8.0/System.Drawing.dll /reference:/usr/local/share/dotnet/packs/Microsoft.NETCore.App.Ref/8.0.15/ref/net8.0/System.Drawing.Primitives.dll /reference:/usr/local/share/dotnet/packs/Microsoft.NETCore.App.Ref/8.0.15/ref/net8.0/System.Dynamic.Runtime.dll /reference:/usr/local/share/dotnet/packs/Microsoft.NETCore.App.Ref/8.0.15/ref/net8.0/System.Formats.Asn1.dll /reference:/usr/local/share/dotnet/packs/Microsoft.NETCore.App.Ref/8.0.15/ref/net8.0/System.Formats.Tar.dll /reference:/usr/local/share/dotnet/packs/Microsoft.NETCore.App.Ref/8.0.15/ref/net8.0/System.Globalization.Calendars.dll /reference:/usr/local/share/dotnet/packs/Microsoft.NETCore.App.Ref/8.0.15/ref/net8.0/System.Globalization.dll /reference:/usr/local/share/dotnet/packs/Microsoft.NETCore.App.Ref/8.0.15/ref/net8.0/System.Globalization.Extensions.dll /reference:/Users/dotritrong/.nuget/packages/system.identitymodel.tokens.jwt/8.14.0/lib/net8.0/System.IdentityModel.Tokens.Jwt.dll /reference:/usr/local/share/dotnet/packs/Microsoft.NETCore.App.Ref/8.0.15/ref/net8.0/System.IO.Compression.Brotli.dll /reference:/usr/local/share/dotnet/packs/Microsoft.NETCore.App.Ref/8.0.15/ref/net8.0/System.IO.Compression.dll /reference:/usr/local/share/dotnet/packs/Microsoft.NETCore.App.Ref/8.0.15/ref/net8.0/System.IO.Compression.FileSystem.dll /reference:/usr/local/share/dotnet/packs/Microsoft.NETCore.App.Ref/8.0.15/ref/net8.0/System.IO.Compression.ZipFile.dll /reference:/usr/local/share/dotnet/packs/Microsoft.NETCore.App.Ref/8.0.15/ref/net8.0/System.IO.dll /reference:/usr/local/share/dotnet/packs/Microsoft.NETCore.App.Ref/8.0.15/ref/net8.0/System.IO.FileSystem.AccessControl.dll /reference:/usr/local/share/dotnet/packs/Microsoft.NETCore.App.Ref/8.0.15/ref/net8.0/System.IO.FileSystem.dll /reference:/usr/local/share/dotnet/packs/Microsoft.NETCore.App.Ref/8.0.15/ref/net8.0/System.IO.FileSystem.DriveInfo.dll /reference:/usr/local/share/dotnet/packs/Microsoft.NETCore.App.Ref/8.0.15/ref/net8.0/System.IO.FileSystem.Primitives.dll /reference:/usr/local/share/dotnet/packs/Microsoft.NETCore.App.Ref/8.0.15/ref/net8.0/System.IO.FileSystem.Watcher.dll /reference:/Users/dotritrong/.nuget/packages/system.io.hashing/8.0.0/lib/net8.0/System.IO.Hashing.dll /reference:/usr/local/share/dotnet/packs/Microsoft.NETCore.App.Ref/8.0.15/ref/net8.0/System.IO.IsolatedStorage.dll /reference:/usr/local/share/dotnet/packs/Microsoft.NETCore.App.Ref/8.0.15/ref/net8.0/System.IO.MemoryMappedFiles.dll /reference:/Users/dotritrong/.nuget/packages/system.io.packaging/8.0.1/lib/net8.0/System.IO.Packaging.dll /reference:/usr/local/share/dotnet/packs/Microsoft.AspNetCore.App.Ref/8.0.15/ref/net8.0/System.IO.Pipelines.dll /reference:/usr/local/share/dotnet/packs/Microsoft.NETCore.App.Ref/8.0.15/ref/net8.0/System.IO.Pipes.AccessControl.dll /reference:/usr/local/share/dotnet/packs/Microsoft.NETCore.App.Ref/8.0.15/ref/net8.0/System.IO.Pipes.dll /reference:/usr/local/share/dotnet/packs/Microsoft.NETCore.App.Ref/8.0.15/ref/net8.0/System.IO.UnmanagedMemoryStream.dll /reference:/usr/local/share/dotnet/packs/Microsoft.NETCore.App.Ref/8.0.15/ref/net8.0/System.Linq.dll /reference:/usr/local/share/dotnet/packs/Microsoft.NETCore.App.Ref/8.0.15/ref/net8.0/System.Linq.Expressions.dll /reference:/usr/local/share/dotnet/packs/Microsoft.NETCore.App.Ref/8.0.15/ref/net8.0/System.Linq.Parallel.dll /reference:/usr/local/share/dotnet/packs/Microsoft.NETCore.App.Ref/8.0.15/ref/net8.0/System.Linq.Queryable.dll /reference:/usr/local/share/dotnet/packs/Microsoft.NETCore.App.Ref/8.0.15/ref/net8.0/System.Memory.dll /reference:/usr/local/share/dotnet/packs/Microsoft.NETCore.App.Ref/8.0.15/ref/net8.0/System.Net.dll /reference:/usr/local/share/dotnet/packs/Microsoft.NETCore.App.Ref/8.0.15/ref/net8.0/System.Net.Http.dll /reference:/usr/local/share/dotnet/packs/Microsoft.NETCore.App.Ref/8.0.15/ref/net8.0/System.Net.Http.Json.dll /reference:/usr/local/share/dotnet/packs/Microsoft.NETCore.App.Ref/8.0.15/ref/net8.0/System.Net.HttpListener.dll /reference:/usr/local/share/dotnet/packs/Microsoft.NETCore.App.Ref/8.0.15/ref/net8.0/System.Net.Mail.dll /reference:/usr/local/share/dotnet/packs/Microsoft.NETCore.App.Ref/8.0.15/ref/net8.0/System.Net.NameResolution.dll /reference:/usr/local/share/dotnet/packs/Microsoft.NETCore.App.Ref/8.0.15/ref/net8.0/System.Net.NetworkInformation.dll /reference:/usr/local/share/dotnet/packs/Microsoft.NETCore.App.Ref/8.0.15/ref/net8.0/System.Net.Ping.dll /reference:/usr/local/share/dotnet/packs/Microsoft.NETCore.App.Ref/8.0.15/ref/net8.0/System.Net.Primitives.dll /reference:/usr/local/share/dotnet/packs/Microsoft.NETCore.App.Ref/8.0.15/ref/net8.0/System.Net.Quic.dll /reference:/usr/local/share/dotnet/packs/Microsoft.NETCore.App.Ref/8.0.15/ref/net8.0/System.Net.Requests.dll /reference:/usr/local/share/dotnet/packs/Microsoft.NETCore.App.Ref/8.0.15/ref/net8.0/System.Net.Security.dll /reference:/usr/local/share/dotnet/packs/Microsoft.NETCore.App.Ref/8.0.15/ref/net8.0/System.Net.ServicePoint.dll /reference:/usr/local/share/dotnet/packs/Microsoft.NETCore.App.Ref/8.0.15/ref/net8.0/System.Net.Sockets.dll /reference:/usr/local/share/dotnet/packs/Microsoft.NETCore.App.Ref/8.0.15/ref/net8.0/System.Net.WebClient.dll /reference:/usr/local/share/dotnet/packs/Microsoft.NETCore.App.Ref/8.0.15/ref/net8.0/System.Net.WebHeaderCollection.dll /reference:/usr/local/share/dotnet/packs/Microsoft.NETCore.App.Ref/8.0.15/ref/net8.0/System.Net.WebProxy.dll /reference:/usr/local/share/dotnet/packs/Microsoft.NETCore.App.Ref/8.0.15/ref/net8.0/System.Net.WebSockets.Client.dll /reference:/usr/local/share/dotnet/packs/Microsoft.NETCore.App.Ref/8.0.15/ref/net8.0/System.Net.WebSockets.dll /reference:/usr/local/share/dotnet/packs/Microsoft.NETCore.App.Ref/8.0.15/ref/net8.0/System.Numerics.dll /reference:/usr/local/share/dotnet/packs/Microsoft.NETCore.App.Ref/8.0.15/ref/net8.0/System.Numerics.Vectors.dll /reference:/usr/local/share/dotnet/packs/Microsoft.NETCore.App.Ref/8.0.15/ref/net8.0/System.ObjectModel.dll /reference:/Users/dotritrong/.nuget/packages/system.reactive/6.0.0/lib/net6.0/System.Reactive.dll /reference:/usr/local/share/dotnet/packs/Microsoft.NETCore.App.Ref/8.0.15/ref/net8.0/System.Reflection.DispatchProxy.dll /reference:/usr/local/share/dotnet/packs/Microsoft.NETCore.App.Ref/8.0.15/ref/net8.0/System.Reflection.dll /reference:/usr/local/share/dotnet/packs/Microsoft.NETCore.App.Ref/8.0.15/ref/net8.0/System.Reflection.Emit.dll /reference:/usr/local/share/dotnet/packs/Microsoft.NETCore.App.Ref/8.0.15/ref/net8.0/System.Reflection.Emit.ILGeneration.dll /reference:/usr/local/share/dotnet/packs/Microsoft.NETCore.App.Ref/8.0.15/ref/net8.0/System.Reflection.Emit.Lightweight.dll /reference:/usr/local/share/dotnet/packs/Microsoft.NETCore.App.Ref/8.0.15/ref/net8.0/System.Reflection.Extensions.dll /reference:/usr/local/share/dotnet/packs/Microsoft.NETCore.App.Ref/8.0.15/ref/net8.0/System.Reflection.Metadata.dll /reference:/usr/local/share/dotnet/packs/Microsoft.NETCore.App.Ref/8.0.15/ref/net8.0/System.Reflection.Primitives.dll /reference:/usr/local/share/dotnet/packs/Microsoft.NETCore.App.Ref/8.0.15/ref/net8.0/System.Reflection.TypeExtensions.dll /reference:/usr/local/share/dotnet/packs/Microsoft.NETCore.App.Ref/8.0.15/ref/net8.0/System.Resources.Reader.dll /reference:/usr/local/share/dotnet/packs/Microsoft.NETCore.App.Ref/8.0.15/ref/net8.0/System.Resources.ResourceManager.dll /reference:/usr/local/share/dotnet/packs/Microsoft.NETCore.App.Ref/8.0.15/ref/net8.0/System.Resources.Writer.dll /reference:/usr/local/share/dotnet/packs/Microsoft.NETCore.App.Ref/8.0.15/ref/net8.0/System.Runtime.CompilerServices.Unsafe.dll /reference:/usr/local/share/dotnet/packs/Microsoft.NETCore.App.Ref/8.0.15/ref/net8.0/System.Runtime.CompilerServices.VisualC.dll /reference:/usr/local/share/dotnet/packs/Microsoft.NETCore.App.Ref/8.0.15/ref/net8.0/System.Runtime.dll /reference:/usr/local/share/dotnet/packs/Microsoft.NETCore.App.Ref/8.0.15/ref/net8.0/System.Runtime.Extensions.dll /reference:/usr/local/share/dotnet/packs/Microsoft.NETCore.App.Ref/8.0.15/ref/net8.0/System.Runtime.Handles.dll /reference:/usr/local/share/dotnet/packs/Microsoft.NETCore.App.Ref/8.0.15/ref/net8.0/System.Runtime.InteropServices.dll /reference:/usr/local/share/dotnet/packs/Microsoft.NETCore.App.Ref/8.0.15/ref/net8.0/System.Runtime.InteropServices.JavaScript.dll /reference:/usr/local/share/dotnet/packs/Microsoft.NETCore.App.Ref/8.0.15/ref/net8.0/System.Runtime.InteropServices.RuntimeInformation.dll /reference:/usr/local/share/dotnet/packs/Microsoft.NETCore.App.Ref/8.0.15/ref/net8.0/System.Runtime.Intrinsics.dll /reference:/usr/local/share/dotnet/packs/Microsoft.NETCore.App.Ref/8.0.15/ref/net8.0/System.Runtime.Loader.dll /reference:/usr/local/share/dotnet/packs/Microsoft.NETCore.App.Ref/8.0.15/ref/net8.0/System.Runtime.Numerics.dll /reference:/usr/local/share/dotnet/packs/Microsoft.NETCore.App.Ref/8.0.15/ref/net8.0/System.Runtime.Serialization.dll /reference:/usr/local/share/dotnet/packs/Microsoft.NETCore.App.Ref/8.0.15/ref/net8.0/System.Runtime.Serialization.Formatters.dll /reference:/usr/local/share/dotnet/packs/Microsoft.NETCore.App.Ref/8.0.15/ref/net8.0/System.Runtime.Serialization.Json.dll /reference:/usr/local/share/dotnet/packs/Microsoft.NETCore.App.Ref/8.0.15/ref/net8.0/System.Runtime.Serialization.Primitives.dll /reference:/usr/local/share/dotnet/packs/Microsoft.NETCore.App.Ref/8.0.15/ref/net8.0/System.Runtime.Serialization.Xml.dll /reference:/usr/local/share/dotnet/packs/Microsoft.NETCore.App.Ref/8.0.15/ref/net8.0/System.Security.AccessControl.dll /reference:/usr/local/share/dotnet/packs/Microsoft.NETCore.App.Ref/8.0.15/ref/net8.0/System.Security.Claims.dll /reference:/usr/local/share/dotnet/packs/Microsoft.NETCore.App.Ref/8.0.15/ref/net8.0/System.Security.Cryptography.Algorithms.dll /reference:/usr/local/share/dotnet/packs/Microsoft.NETCore.App.Ref/8.0.15/ref/net8.0/System.Security.Cryptography.Cng.dll /reference:/usr/local/share/dotnet/packs/Microsoft.NETCore.App.Ref/8.0.15/ref/net8.0/System.Security.Cryptography.Csp.dll /reference:/usr/local/share/dotnet/packs/Microsoft.NETCore.App.Ref/8.0.15/ref/net8.0/System.Security.Cryptography.dll /reference:/usr/local/share/dotnet/packs/Microsoft.NETCore.App.Ref/8.0.15/ref/net8.0/System.Security.Cryptography.Encoding.dll /reference:/usr/local/share/dotnet/packs/Microsoft.NETCore.App.Ref/8.0.15/ref/net8.0/System.Security.Cryptography.OpenSsl.dll /reference:/Users/dotritrong/.nuget/packages/system.security.cryptography.pkcs/7.0.3/lib/net7.0/System.Security.Cryptography.Pkcs.dll /reference:/usr/local/share/dotnet/packs/Microsoft.NETCore.App.Ref/8.0.15/ref/net8.0/System.Security.Cryptography.Primitives.dll /reference:/usr/local/share/dotnet/packs/Microsoft.NETCore.App.Ref/8.0.15/ref/net8.0/System.Security.Cryptography.X509Certificates.dll /reference:/usr/local/share/dotnet/packs/Microsoft.AspNetCore.App.Ref/8.0.15/ref/net8.0/System.Security.Cryptography.Xml.dll /reference:/usr/local/share/dotnet/packs/Microsoft.NETCore.App.Ref/8.0.15/ref/net8.0/System.Security.dll /reference:/usr/local/share/dotnet/packs/Microsoft.NETCore.App.Ref/8.0.15/ref/net8.0/System.Security.Principal.dll /reference:/usr/local/share/dotnet/packs/Microsoft.NETCore.App.Ref/8.0.15/ref/net8.0/System.Security.Principal.Windows.dll /reference:/usr/local/share/dotnet/packs/Microsoft.NETCore.App.Ref/8.0.15/ref/net8.0/System.Security.SecureString.dll /reference:/usr/local/share/dotnet/packs/Microsoft.NETCore.App.Ref/8.0.15/ref/net8.0/System.ServiceModel.Web.dll /reference:/usr/local/share/dotnet/packs/Microsoft.NETCore.App.Ref/8.0.15/ref/net8.0/System.ServiceProcess.dll /reference:/usr/local/share/dotnet/packs/Microsoft.NETCore.App.Ref/8.0.15/ref/net8.0/System.Text.Encoding.CodePages.dll /reference:/usr/local/share/dotnet/packs/Microsoft.NETCore.App.Ref/8.0.15/ref/net8.0/System.Text.Encoding.dll /reference:/usr/local/share/dotnet/packs/Microsoft.NETCore.App.Ref/8.0.15/ref/net8.0/System.Text.Encoding.Extensions.dll /reference:/usr/local/share/dotnet/packs/Microsoft.NETCore.App.Ref/8.0.15/ref/net8.0/System.Text.Encodings.Web.dll /reference:/usr/local/share/dotnet/packs/Microsoft.NETCore.App.Ref/8.0.15/ref/net8.0/System.Text.Json.dll /reference:/usr/local/share/dotnet/packs/Microsoft.NETCore.App.Ref/8.0.15/ref/net8.0/System.Text.RegularExpressions.dll /reference:/usr/local/share/dotnet/packs/Microsoft.NETCore.App.Ref/8.0.15/ref/net8.0/System.Threading.Channels.dll /reference:/usr/local/share/dotnet/packs/Microsoft.NETCore.App.Ref/8.0.15/ref/net8.0/System.Threading.dll /reference:/usr/local/share/dotnet/packs/Microsoft.NETCore.App.Ref/8.0.15/ref/net8.0/System.Threading.Overlapped.dll /reference:/usr/local/share/dotnet/packs/Microsoft.AspNetCore.App.Ref/8.0.15/ref/net8.0/System.Threading.RateLimiting.dll /reference:/usr/local/share/dotnet/packs/Microsoft.NETCore.App.Ref/8.0.15/ref/net8.0/System.Threading.Tasks.Dataflow.dll /reference:/usr/local/share/dotnet/packs/Microsoft.NETCore.App.Ref/8.0.15/ref/net8.0/System.Threading.Tasks.dll /reference:/usr/local/share/dotnet/packs/Microsoft.NETCore.App.Ref/8.0.15/ref/net8.0/System.Threading.Tasks.Extensions.dll /reference:/usr/local/share/dotnet/packs/Microsoft.NETCore.App.Ref/8.0.15/ref/net8.0/System.Threading.Tasks.Parallel.dll /reference:/usr/local/share/dotnet/packs/Microsoft.NETCore.App.Ref/8.0.15/ref/net8.0/System.Threading.Thread.dll /reference:/usr/local/share/dotnet/packs/Microsoft.NETCore.App.Ref/8.0.15/ref/net8.0/System.Threading.ThreadPool.dll /reference:/usr/local/share/dotnet/packs/Microsoft.NETCore.App.Ref/8.0.15/ref/net8.0/System.Threading.Timer.dll /reference:/usr/local/share/dotnet/packs/Microsoft.NETCore.App.Ref/8.0.15/ref/net8.0/System.Transactions.dll /reference:/usr/local/share/dotnet/packs/Microsoft.NETCore.App.Ref/8.0.15/ref/net8.0/System.Transactions.Local.dll /reference:/usr/local/share/dotnet/packs/Microsoft.NETCore.App.Ref/8.0.15/ref/net8.0/System.ValueTuple.dll /reference:/usr/local/share/dotnet/packs/Microsoft.NETCore.App.Ref/8.0.15/ref/net8.0/System.Web.dll /reference:/usr/local/share/dotnet/packs/Microsoft.NETCore.App.Ref/8.0.15/ref/net8.0/System.Web.HttpUtility.dll /reference:/usr/local/share/dotnet/packs/Microsoft.NETCore.App.Ref/8.0.15/ref/net8.0/System.Windows.dll /reference:/usr/local/share/dotnet/packs/Microsoft.NETCore.App.Ref/8.0.15/ref/net8.0/System.Xml.dll /reference:/usr/local/share/dotnet/packs/Microsoft.NETCore.App.Ref/8.0.15/ref/net8.0/System.Xml.Linq.dll /reference:/usr/local/share/dotnet/packs/Microsoft.NETCore.App.Ref/8.0.15/ref/net8.0/System.Xml.ReaderWriter.dll /reference:/usr/local/share/dotnet/packs/Microsoft.NETCore.App.Ref/8.0.15/ref/net8.0/System.Xml.Serialization.dll /reference:/usr/local/share/dotnet/packs/Microsoft.NETCore.App.Ref/8.0.15/ref/net8.0/System.Xml.XDocument.dll /reference:/usr/local/share/dotnet/packs/Microsoft.NETCore.App.Ref/8.0.15/ref/net8.0/System.Xml.XmlDocument.dll /reference:/usr/local/share/dotnet/packs/Microsoft.NETCore.App.Ref/8.0.15/ref/net8.0/System.Xml.XmlSerializer.dll /reference:/usr/local/share/dotnet/packs/Microsoft.NETCore.App.Ref/8.0.15/ref/net8.0/System.Xml.XPath.dll /reference:/usr/local/share/dotnet/packs/Microsoft.NETCore.App.Ref/8.0.15/ref/net8.0/System.Xml.XPath.XDocument.dll /reference:/usr/local/share/dotnet/packs/Microsoft.NETCore.App.Ref/8.0.15/ref/net8.0/WindowsBase.dll /debug+ /debug:portable /filealign:512 /optimize- /out:obj/Debug/net8.0/ApiApplication.dll /refout:obj/Debug/net8.0/refint/ApiApplication.dll /target:exe /warnaserror- /utf8output /deterministic+ /sourcelink:obj/Debug/net8.0/ApiApplication.sourcelink.json /langversion:12.0 /embed:obj/Debug/net8.0/ApiApplication.GlobalUsings.g.cs /embed:"obj/Debug/net8.0/.NETCoreApp,Version=v8.0.AssemblyAttributes.cs" /embed:obj/Debug/net8.0/ApiApplication.AssemblyInfo.cs /embed:obj/Debug/net8.0/ApiApplication.MvcApplicationPartsAssemblyInfo.cs /analyzerconfig:obj/Debug/net8.0/ApiApplication.GeneratedMSBuildEditorConfig.editorconfig /analyzerconfig:/usr/local/share/dotnet/sdk/9.0.203/Sdks/Microsoft.NET.Sdk/analyzers/build/config/analysislevel_8_default.globalconfig /analyzer:/usr/local/share/dotnet/sdk/9.0.203/Sdks/Microsoft.NET.Sdk.Web/analyzers/cs/Microsoft.AspNetCore.Analyzers.dll /analyzer:/usr/local/share/dotnet/sdk/9.0.203/Sdks/Microsoft.NET.Sdk.Web/analyzers/cs/Microsoft.AspNetCore.Mvc.Analyzers.dll /analyzer:/usr/local/share/dotnet/sdk/9.0.203/Sdks/Microsoft.NET.Sdk/targets/../analyzers/Microsoft.CodeAnalysis.CSharp.NetAnalyzers.dll /analyzer:/usr/local/share/dotnet/sdk/9.0.203/Sdks/Microsoft.NET.Sdk/targets/../analyzers/Microsoft.CodeAnalysis.NetAnalyzers.dll /analyzer:/Users/dotritrong/.nuget/packages/microsoft.codeanalysis.analyzers/3.3.3/analyzers/dotnet/cs/Microsoft.CodeAnalysis.Analyzers.dll /analyzer:/Users/dotritrong/.nuget/packages/microsoft.codeanalysis.analyzers/3.3.3/analyzers/dotnet/cs/Microsoft.CodeAnalysis.CSharp.Analyzers.dll /analyzer:/Users/dotritrong/.nuget/packages/microsoft.entityframeworkcore.analyzers/8.0.20/analyzers/dotnet/cs/Microsoft.EntityFrameworkCore.Analyzers.dll /analyzer:/usr/local/share/dotnet/packs/Microsoft.NETCore.App.Ref/8.0.15/analyzers/dotnet/cs/Microsoft.Interop.ComInterfaceGenerator.dll /analyzer:/usr/local/share/dotnet/packs/Microsoft.NETCore.App.Ref/8.0.15/analyzers/dotnet/cs/Microsoft.Interop.JavaScript.JSImportGenerator.dll /analyzer:/usr/local/share/dotnet/packs/Microsoft.NETCore.App.Ref/8.0.15/analyzers/dotnet/cs/Microsoft.Interop.LibraryImportGenerator.dll /analyzer:/usr/local/share/dotnet/packs/Microsoft.NETCore.App.Ref/8.0.15/analyzers/dotnet/cs/Microsoft.Interop.SourceGeneration.dll /analyzer:/usr/local/share/dotnet/packs/Microsoft.NETCore.App.Ref/8.0.15/analyzers/dotnet/cs/System.Text.Json.SourceGeneration.dll /analyzer:/usr/local/share/dotnet/packs/Microsoft.NETCore.App.Ref/8.0.15/analyzers/dotnet/cs/System.Text.RegularExpressions.Generator.dll /analyzer:/usr/local/share/dotnet/packs/Microsoft.AspNetCore.App.Ref/8.0.15/analyzers/dotnet/cs/Microsoft.AspNetCore.App.Analyzers.dll /analyzer:/usr/local/share/dotnet/packs/Microsoft.AspNetCore.App.Ref/8.0.15/analyzers/dotnet/cs/Microsoft.AspNetCore.App.CodeFixes.dll /analyzer:/usr/local/share/dotnet/packs/Microsoft.AspNetCore.App.Ref/8.0.15/analyzers/dotnet/cs/Microsoft.AspNetCore.Components.Analyzers.dll /analyzer:/usr/local/share/dotnet/packs/Microsoft.AspNetCore.App.Ref/8.0.15/analyzers/dotnet/roslyn4.4/cs/Microsoft.Extensions.Logging.Generators.dll /analyzer:/usr/local/share/dotnet/packs/Microsoft.AspNetCore.App.Ref/8.0.15/analyzers/dotnet/roslyn4.4/cs/Microsoft.Extensions.Options.SourceGeneration.dll /analyzer:/usr/local/share/dotnet/sdk/9.0.203/Sdks/Microsoft.NET.Sdk.Razor/targets/../source-generators/Microsoft.AspNetCore.Razor.Utilities.Shared.dll /analyzer:/usr/local/share/dotnet/sdk/9.0.203/Sdks/Microsoft.NET.Sdk.Razor/targets/../source-generators/Microsoft.CodeAnalysis.Razor.Compiler.dll /analyzer:/usr/local/share/dotnet/sdk/9.0.203/Sdks/Microsoft.NET.Sdk.Razor/targets/../source-generators/Microsoft.Extensions.ObjectPool.dll /analyzer:/usr/local/share/dotnet/sdk/9.0.203/Sdks/Microsoft.NET.Sdk.Razor/targets/../source-generators/System.Collections.Immutable.dll Constants/CashflowIdMapping.cs Constants/DoWMapping.cs Constants/IdentityRoleConstants.cs Constants/ReceiptStatus.cs Constants/ServiceStatus.cs Constants/StockOutStatus.cs Constants/TokenType.cs Controllers/ActivitiesController.cs Controllers/AttendanceController.cs Controllers/AuthController.cs Controllers/BlogsController.cs Controllers/BookingCourtsController.cs Controllers/CashflowsController.cs Controllers/CategoriesController.cs Controllers/CourtAreasController.cs Controllers/CourtsController.cs Controllers/CustomersController.cs Controllers/DashboardController.cs Controllers/DepartmentController.cs Controllers/EmailController.cs Controllers/ExportsController.cs Controllers/FeedbacksController.cs Controllers/FilesController.cs Controllers/InventoryCardsController.cs Controllers/InventoryChecksController.cs Controllers/MembershipsController.cs Controllers/NotificationsController.cs Controllers/OrdersController.cs Controllers/PaymentsController.cs Controllers/PaymentsQueryController.cs Controllers/PayrollController.cs Controllers/PricesController.cs Controllers/ProductsController.cs Controllers/ReceiptsController.cs Controllers/ReturnGoodsController.cs Controllers/RolesController.cs Controllers/SalaryFormController.cs Controllers/ScheduleController.cs Controllers/ServicesController.cs Controllers/ShiftController.cs Controllers/SlidersController.cs Controllers/StaffController.cs Controllers/StockOutsController.cs Controllers/StoreBankAccountsController.cs Controllers/SupplierBankAccountsController.cs Controllers/SuppliersController.cs Controllers/SystemConfigController.cs Controllers/UserMembershipsController.cs Controllers/UsersController.cs Controllers/VouchersController.cs Data/ApplicationDbContext.cs Dtos/Activity/CreateActivityRequest.cs Dtos/Activity/ListActivityRequest.cs Dtos/Activity/ListActivityResponse.cs Dtos/ApiResponse.cs Dtos/Attendance/AttendanceRequest.cs Dtos/Attendance/AttendanceResponse.cs Dtos/Attendance/CheckInRequest.cs Dtos/Attendance/CheckOutRequest.cs Dtos/Auth/CurrentUserResponse.cs Dtos/Auth/ForgotPasswordRequest.cs Dtos/Auth/LoginRequest.cs Dtos/Auth/MyProfileResponse.cs Dtos/Auth/RegisterRequest.cs Dtos/Auth/UpdateMyProfileRequest.cs Dtos/Auth/UpdatePasswordRequest.cs Dtos/Auth/ValidateForgotPasswordRequest.cs Dtos/Auth/VerifyEmailRequest.cs Dtos/Blog/CreateBlogRequest.cs Dtos/Blog/DeleteBlogRequest.cs Dtos/Blog/DetailBlogRequest.cs Dtos/Blog/DetailBlogResponse.cs Dtos/Blog/ListBlogRequest.cs Dtos/Blog/ListBlogResponse.cs Dtos/Blog/UpdateBlogRequest.cs Dtos/BookingCourt/BookingCourtOccurrenceDto.cs Dtos/BookingCourt/CancelBookingCourtRequest.cs Dtos/BookingCourt/CheckInBookingCourtRequest.cs Dtos/BookingCourt/CheckOutBookingCourtRequest.cs Dtos/BookingCourt/CheckoutDtos.cs Dtos/BookingCourt/CreateBookingCourtRequest.cs Dtos/BookingCourt/CreateBookingCourtResponse.cs Dtos/BookingCourt/DetailBookingCourtOccurrenceRequest.cs Dtos/BookingCourt/DetailBookingCourtOccurrenceResponse.cs Dtos/BookingCourt/DetailBookingCourtRequest.cs Dtos/BookingCourt/DetailBookingCourtResponse.cs Dtos/BookingCourt/ListBookingCourtOccurrenceRequest.cs Dtos/BookingCourt/ListBookingCourtOccurrenceResponse.cs Dtos/BookingCourt/ListBookingCourtRequest.cs Dtos/BookingCourt/ListBookingCourtResponse.cs Dtos/BookingCourt/ListUserBookingHistoryResponse.cs Dtos/BookingCourt/NoShowBookingCourtRequest.cs Dtos/BookingCourt/UserCreateBookingCourtRequest.cs Dtos/Cashflow/CashflowResponse.cs Dtos/Cashflow/CreateCashflowRequest.cs Dtos/Cashflow/ListCashflowRequest.cs Dtos/Cashflow/UpdateCashflowRequest.cs Dtos/Category/CreateCategoryRequest.cs Dtos/Category/DeleteCategoryRequest.cs Dtos/Category/DetailCategoryRequest.cs Dtos/Category/DetailCategoryResponse.cs Dtos/Category/ListCategoryRequest.cs Dtos/Category/ListCategoryResponse.cs Dtos/Category/UpdateCategoryRequest.cs Dtos/ChangeStaffStatusRequest.cs Dtos/Court/ChangeCourtStatusRequest.cs Dtos/Court/CourtDto.cs Dtos/Court/CourtPricingRuleDto.cs Dtos/Court/CourtPricingRuleTemplateDto.cs Dtos/Court/CreateCourtPricingRuleTemplateRequest.cs Dtos/Court/CreateCourtRequest.cs Dtos/Court/DeleteCourtPricingRuleTemplateRequest.cs Dtos/Court/DeleteCourtRequest.cs Dtos/Court/DetailCourtRequest.cs Dtos/Court/DetailCourtResponse.cs Dtos/Court/ListCourtGroupByCourtAreaResponse.cs Dtos/Court/ListCourtPricingRuleByCourtIdRequest.cs Dtos/Court/ListCourtPricingRuleByCourtIdResponse.cs Dtos/Court/ListCourtRequest.cs Dtos/Court/ListCourtResponse.cs Dtos/Court/UpdateCourtPricingRuleTemplateRequest.cs Dtos/Court/UpdateCourtRequest.cs Dtos/CourtArea/CreateCourtAreaRequest.cs Dtos/CourtArea/DeleteCourtAreaRequest.cs Dtos/CourtArea/DetailCourtAreaRequest.cs Dtos/CourtArea/DetailCourtAreaResponse.cs Dtos/CourtArea/ListCourtAreaResponse.cs Dtos/CourtArea/UpdateCourtAreaRequest.cs Dtos/CreateProductRequest.cs Dtos/Customer/ChangeCustomerStatusRequest.cs Dtos/Customer/CreateCustomerRequest.cs Dtos/Customer/CustomerDto.cs Dtos/Customer/DeleteCustomerRequest.cs Dtos/Customer/DetailCustomerRequest.cs Dtos/Customer/DetailCustomerResponse.cs Dtos/Customer/ListCustomerPagedRequest.cs Dtos/Customer/ListCustomerRequest.cs Dtos/Customer/ListCustomerResponse.cs Dtos/Customer/UpdateCustomerRequest.cs Dtos/Dashboard/DashboardSummaryResponse.cs Dtos/Dashboard/HeatmapCellDto.cs Dtos/Dashboard/MonthlyCustomerTypeDto.cs Dtos/Dashboard/RecentTransactionDto.cs Dtos/Dashboard/RevenuePointDto.cs Dtos/Dashboard/TopCourtDto.cs Dtos/DeleteProductRequest.cs Dtos/DepartmentRequest.cs Dtos/DepartmentResponse.cs Dtos/DetailProductRequest.cs Dtos/DetailProductResponse.cs Dtos/Email/EmailRequest.cs Dtos/Email/EmailResponse.cs Dtos/Email/EmailTemplateRequest.cs Dtos/Email/SendBookingConfirmationEmailAsyncRequest.cs Dtos/Email/SendPaymentRequestEmailAsyncRequest.cs Dtos/Feedback/CreateFeedbackRequest.cs Dtos/Feedback/DeleteFeedbackRequest.cs Dtos/Feedback/DetailFeedbackRequest.cs Dtos/Feedback/DetailFeedbackResponse.cs Dtos/Feedback/ListFeedbackByBookingRequest.cs Dtos/Feedback/ListFeedbackByCustomerRequest.cs Dtos/Feedback/ListFeedbackRequest.cs Dtos/Feedback/ListFeedbackResponse.cs Dtos/Feedback/UpdateFeedbackRequest.cs Dtos/InventoryCard/CreateInventoryCardForPurchaseRequest.cs Dtos/InventoryCard/CreateInventoryCardForSaleRequest.cs Dtos/InventoryCard/CreateInventoryCardRequest.cs Dtos/InventoryCard/ListByProductResponse.cs Dtos/InventoryCard/UpdateInventoryCardRequest.cs Dtos/InventoryCard/UpdateInventoryCardResponse.cs Dtos/InventoryCheck/CreateInventoryCheckItem.cs Dtos/InventoryCheck/CreateInventoryCheckRequest.cs Dtos/InventoryCheck/DetailInventoryCheckResponse.cs Dtos/InventoryCheck/InventoryCheckItemResponse.cs Dtos/InventoryCheck/ListInventoryCheckRequest.cs Dtos/InventoryCheck/ListInventoryCheckResponse.cs Dtos/InventoryCheck/MergeInventoryChecksRequest.cs Dtos/ListDepartmentRequest.cs Dtos/ListProductRequest.cs Dtos/ListProductResponse.cs Dtos/ListStaffRequest.cs Dtos/Membership/CreateMembershipRequest.cs Dtos/Membership/DeleteMembershipRequest.cs Dtos/Membership/DetailMembershipRequest.cs Dtos/Membership/DetailMembershipResponse.cs Dtos/Membership/ListMembershipRequest.cs Dtos/Membership/ListMembershipResponse.cs Dtos/Membership/UpdateMembershipRequest.cs Dtos/Membership/UpdateMemberShipStatusRequest.cs Dtos/Membership/UserMembership/CreateUserMembershipForCurrentUserRequest.cs Dtos/Membership/UserMembership/CreateUserMembershipRequest.cs Dtos/Membership/UserMembership/CreateUserMembershipResponse.cs Dtos/Membership/UserMembership/DetailUserMembershipResponse.cs Dtos/Membership/UserMembership/ExtendPaymentRequest.cs Dtos/Membership/UserMembership/ListUserMembershipRequest.cs Dtos/Membership/UserMembership/ListUserMembershipResponse.cs Dtos/Membership/UserMembership/UpdateUserMembershipStatusRequest.cs Dtos/Membership/UserMembership/UserMembershipResponse.cs Dtos/Minio/DeleteFileRequest.cs Dtos/Minio/UploadFileRequest.cs Dtos/Minio/UploadFileResponse.cs Dtos/Notification/ListNotificationRequestDto.cs Dtos/Notification/NotificationBulkSendRequestDto.cs Dtos/Notification/NotificationResponseDto.cs Dtos/Notification/NotificationRoleSendRequestDto.cs Dtos/Notification/NotificationSendRequestDto.cs Dtos/Order/BookingCourtDto.cs Dtos/Order/BookingCourtOccurrenceDto.cs Dtos/Order/BookingOrderItemDto.cs Dtos/Order/BookingServiceDto.cs Dtos/Order/CheckoutBookingRequest.cs Dtos/Order/CheckoutResponse.cs Dtos/Order/CreateOrderRequest.cs Dtos/Order/ListOrderRequest.cs Dtos/Order/ListOrderResponse.cs Dtos/Order/OrderResponse.cs Dtos/Pagination/PagedResponse.cs Dtos/Pagination/PaginationRequest.cs Dtos/Payment/CreatePaymentForMembershipRequest.cs Dtos/Payment/CreatePaymentForOrderRequest.cs Dtos/Payment/CreatePaymentRequest.cs Dtos/Payment/DetailPaymentByBookingIdRequest.cs Dtos/Payment/DetailPaymentRequest.cs Dtos/Payment/DetailPaymentResponse.cs Dtos/Payment/PaymentDto.cs Dtos/Payment/QrPaymentResponse.cs Dtos/Payroll/CreatePayrollRequest.cs Dtos/Payroll/ListPayrollRequest.cs Dtos/Payroll/ListPayrollResponse.cs Dtos/Payroll/PayrollDetailResponse.cs Dtos/Payroll/PayrollItemResponse.cs Dtos/PriceTable/CreatePriceTableProductRequest.cs Dtos/PriceTable/CreatePriceTableRequest.cs Dtos/PriceTable/CreatePriceTimeRangeRequest.cs Dtos/PriceTable/DeletePriceTableProductRequest.cs Dtos/PriceTable/DeletePriceTableRequest.cs Dtos/PriceTable/DeletePriceTimeRangeRequest.cs Dtos/PriceTable/DetailPriceTableRequest.cs Dtos/PriceTable/DetailPriceTableResponse.cs Dtos/PriceTable/ListPriceTableProductsRequest.cs Dtos/PriceTable/ListPriceTableProductsResponse.cs Dtos/PriceTable/ListPriceTableRequest.cs Dtos/PriceTable/ListPriceTableResponse.cs Dtos/PriceTable/PriceTableProductDto.cs Dtos/PriceTable/PriceTableProductItem.cs Dtos/PriceTable/PriceTimeRangeDto.cs Dtos/PriceTable/SetPriceTableProductsRequest.cs Dtos/PriceTable/UpdatePriceTableProductRequest.cs Dtos/PriceTable/UpdatePriceTableRequest.cs Dtos/PriceTable/UpdatePriceTimeRangeRequest.cs Dtos/Product/GetCurrentAppliedPriceRequest.cs Dtos/Product/GetCurrentAppliedPriceResponse.cs Dtos/Product/ListProductsByPriceTableRequest.cs Dtos/Product/ListProductsByPriceTableResponse.cs Dtos/Receipt/CreateReceiptItem.cs Dtos/Receipt/CreateReceiptRequest.cs Dtos/Receipt/DetailReceiptItem.cs Dtos/Receipt/DetailReceiptResponse.cs Dtos/Receipt/ListReceiptResponse.cs Dtos/ReturnGoods/CancelReturnGoodsRequest.cs Dtos/ReturnGoods/CreateReturnGoodsItem.cs Dtos/ReturnGoods/CreateReturnGoodsRequest.cs Dtos/ReturnGoods/DetailReturnGoodsItem.cs Dtos/ReturnGoods/DetailReturnGoodsResponse.cs Dtos/ReturnGoods/ListReturnGoodsRequest.cs Dtos/ReturnGoods/ListReturnGoodsResponse.cs Dtos/Role/CreateRoleRequest.cs Dtos/Role/DeleteRoleRequest.cs Dtos/Role/DetailRoleRequest.cs Dtos/Role/DetailRoleResponse.cs Dtos/Role/ListRoleRequest.cs Dtos/Role/ListRoleResponse.cs Dtos/Role/UpdateRoleRequest.cs Dtos/SalaryFormRequest.cs Dtos/SalaryFormResponse.cs Dtos/ScheduleByShiftResponse.cs Dtos/ScheduleByStaffResponse.cs Dtos/ScheduleRequest.cs Dtos/ScheduleResponse.cs Dtos/Service/AddBookingServiceRequest.cs Dtos/Service/BookingServiceDto.cs Dtos/Service/ChangeServiceStatusRequest.cs Dtos/Service/CreateServiceRequest.cs Dtos/Service/DeleteServiceRequest.cs Dtos/Service/DetailServiceRequest.cs Dtos/Service/DetailServiceResponse.cs Dtos/Service/EndServiceRequest.cs Dtos/Service/ListServiceRequest.cs Dtos/Service/ListServiceResponse.cs Dtos/Service/RemoveBookingServiceRequest.cs Dtos/Service/UpdateServiceRequest.cs Dtos/SetPriceTableProductItem.cs Dtos/ShiftRequest.cs Dtos/ShiftResponse.cs Dtos/Slider/CreateSliderRequest.cs Dtos/Slider/DeleteSliderRequest.cs Dtos/Slider/DetailSliderRequest.cs Dtos/Slider/DetailSliderResponse.cs Dtos/Slider/ListSliderRequest.cs Dtos/Slider/ListSliderResponse.cs Dtos/Slider/UpdateSliderRequest.cs Dtos/StaffRequest.cs Dtos/StaffResponse.cs Dtos/StockOut/CreateStockOutItem.cs Dtos/StockOut/CreateStockOutRequest.cs Dtos/StockOut/DetailStockOutItem.cs Dtos/StockOut/DetailStockOutResponse.cs Dtos/StockOut/ListStockOutResponse.cs Dtos/StoreBankAccount/CreateStoreBankAccountRequest.cs Dtos/StoreBankAccount/StoreBankAccountResponse.cs Dtos/Supplier/ChangeSupplierStatusRequest.cs Dtos/Supplier/CreateSupplierRequest.cs Dtos/Supplier/DeleteSupplierRequest.cs Dtos/Supplier/DetailSupplierRequest.cs Dtos/Supplier/DetailSupplierResponse.cs Dtos/Supplier/ListSupplierRequest.cs Dtos/Supplier/ListSupplierResponse.cs Dtos/Supplier/UpdateSupplierRequest.cs Dtos/SupplierBankAccount/UpsertBankAccountRequest.cs Dtos/SystemConfigRequest.cs Dtos/SystemConfigResponse.cs Dtos/UpdateProductImagesRequest.cs Dtos/UpdateProductRequest.cs Dtos/User/ChangeUserStatusRequest.cs Dtos/User/CreateAdministratorRequest.cs Dtos/User/DetailAdministratorRequest.cs Dtos/User/DetailAdministratorResponse.cs Dtos/User/ListAdministratorRequest.cs Dtos/User/ListAdministratorResponse.cs Dtos/User/ListUserRoleItemResponse.cs Dtos/User/ListUserRolesRequest.cs Dtos/User/UpdateUserRequest.cs Dtos/User/UpdateUserRolesRequest.cs Dtos/Voucher/CreateVoucherRequest.cs Dtos/Voucher/DeleteVoucherRequest.cs Dtos/Voucher/DetailVoucherRequest.cs Dtos/Voucher/ExtendVoucherRequest.cs Dtos/Voucher/GetAvailableVouchersRequest.cs Dtos/Voucher/UpdateVoucherRequest.cs Dtos/Voucher/ValidateVoucherRequest.cs Dtos/Voucher/ValidateVoucherResponse.cs Dtos/Voucher/VoucherResponse.cs Dtos/Voucher/VoucherTimeRuleDto.cs Dtos/Voucher/VoucherUserRuleDto.cs Dtos/WeeklyScheduleRequest.cs Entities/Activity.cs Entities/ApplicationUser.cs Entities/ApplicationUserToken.cs Entities/AttendanceRecord.cs Entities/Blog.cs Entities/BookingCourt.cs Entities/BookingCourtOccurrence.cs Entities/BookingOrderItem.cs Entities/BookingService.cs Entities/Branch.cs Entities/CancelledShift.cs Entities/Cashflow.cs Entities/CashflowType.cs Entities/Category.cs Entities/Court.cs Entities/CourtArea.cs Entities/CourtPricingRules.cs Entities/CourtPricingRuleTemplate.cs Entities/Customer.cs Entities/Department.cs Entities/Feedback.cs Entities/InventoryCard.cs Entities/InventoryCheck.cs Entities/InventoryCheckItem.cs Entities/Membership.cs Entities/Notification.cs Entities/Order.cs Entities/Payment.cs Entities/Payroll.cs Entities/PayrollItem.cs Entities/PriceTable.cs Entities/Product.cs Entities/Receipt.cs Entities/ReceiptItem.cs Entities/RelatedPerson.cs Entities/ReturnGoods.cs Entities/ReturnGoodsItem.cs Entities/SalaryForm.cs Entities/Schedule.cs Entities/Service.cs Entities/Shared/ApplicationUserStatus.cs Entities/Shared/AttendanceStatus.cs Entities/Shared/BaseEntity.cs Entities/Shared/BlogStatus.cs Entities/Shared/BookingCourtOccurrenceStatus.cs Entities/Shared/BookingCourtStatus.cs Entities/Shared/CashFlowStatus.cs Entities/Shared/CourtStatus.cs Entities/Shared/CustomerStatus.cs Entities/Shared/DiscountType.cs Entities/Shared/FeedbackStatus.cs Entities/Shared/IAuditableEntity.cs Entities/Shared/InventoryCheckStatus.cs Entities/Shared/MemebershipStatus.cs Entities/Shared/PaymentStatus.cs Entities/Shared/PayrollStatus.cs Entities/Shared/RelatedPeopleGroup.cs Entities/Shared/ServiceStatus.cs Entities/Shared/SliderStatus.cs Entities/Shared/SupplierStatus.cs Entities/Shift.cs Entities/Slider.cs Entities/Staff.cs Entities/StockOut.cs Entities/StockOutItem.cs Entities/StoreBankAccount.cs Entities/Supplier.cs Entities/SupplierBankAccount.cs Entities/SystemConfig.cs Entities/UserMembership.cs Entities/Voucher.cs Entities/VoucherTimeRule.cs Entities/VoucherUsage.cs Entities/VoucherUserRule.cs Enums/NotificationCategory.cs Enums/NotificationType.cs Enums/ReturnGoodsStatus.cs Enums/Role.cs Exceptions/ApiException.cs Exceptions/UnsupportedMediaTypeException.cs Extensions/EmailServiceExtensions.cs Extensions/QueryableExtensions.cs Helpers/AttendanceHelper.cs Helpers/RoleHelper.cs Helpers/SalaryHelper.cs Helpers/ScheduleHelper.cs Helpers/SwaggerFromQuerySchemaDocumentFilter.cs Mappings/ActivityMappingProfile.cs Mappings/AttendanceRecordMappingProfile.cs Mappings/AuthMappingProfile.cs Mappings/BlogMappingProfile.cs Mappings/BookingCourtMappingProfile.cs Mappings/CashflowMappingProfile.cs Mappings/CategoryMappingProfile.cs Mappings/CourtAreaMappingProfile.cs Mappings/CourtMappingProfile.cs Mappings/CustomerMappingProfile.cs Mappings/DepartmentMappingProfile.cs Mappings/FeedbackMappingProfile.cs Mappings/InventoryCardMappingProfile.cs Mappings/InventoryCheckMappingProfile.cs Mappings/MembershipMappingProfile.cs Mappings/NotificationMappingProfile.cs Mappings/OrderMappingProfile.cs Mappings/PaymentMappingProfile.cs Mappings/PayrollMappingProfile.cs Mappings/PriceTableMappingProfile.cs Mappings/ProductMappingProfile.cs Mappings/ReceiptMappingProfile.cs Mappings/RoleMappingProfile.cs Mappings/SalaryFormMappingProfile.cs Mappings/ScheduleMappingProfile.cs Mappings/ServiceMappingProfile.cs Mappings/ShiftMappingProfile.cs Mappings/SliderMappingProfile.cs Mappings/StaffMappingProfile.cs Mappings/StockOutMappingProfile.cs Mappings/SupplierBankAccountMappingProfile.cs Mappings/SupplierMappingProfile.cs Mappings/SystemConfigMappingProfile.cs Mappings/UserMappingProfile.cs Mappings/VoucherMappingProfile.cs Middlewares/ExceptionHandlingMiddleware.cs Migrations/20250915023317_Init.cs Migrations/20250915023317_Init.Designer.cs Migrations/20250915031156_ChangeApplicationUserEntityV1.cs Migrations/20250915031156_ChangeApplicationUserEntityV1.Designer.cs Migrations/20250915041640_UpdateModel15091116.cs Migrations/20250915041640_UpdateModel15091116.Designer.cs Migrations/20250916093401_UpdateDatabase160920251633.cs Migrations/20250916093401_UpdateDatabase160920251633.Designer.cs Migrations/20250918074308_UpdateInitData.cs Migrations/20250918074308_UpdateInitData.Designer.cs Migrations/20250921135649_AddCustomerEntity.cs Migrations/20250921135649_AddCustomerEntity.Designer.cs Migrations/20250921163346_AddAuditLogTable.cs Migrations/20250921163346_AddAuditLogTable.Designer.cs Migrations/20250921164257_AddActivityTable.cs Migrations/20250921164257_AddActivityTable.Designer.cs Migrations/20250921170632_FixDatabase22092025.cs Migrations/20250921170632_FixDatabase22092025.Designer.cs Migrations/20250921171122_FixModelActivity.cs Migrations/20250921171122_FixModelActivity.Designer.cs Migrations/20250922092724_AddAvatarToUser.cs Migrations/20250922092724_AddAvatarToUser.Designer.cs Migrations/20250922164726_FixDatabaseAfterMergeV1.cs Migrations/20250922164726_FixDatabaseAfterMergeV1.Designer.cs Migrations/20250922174448_UpdateDatabaseAfterMergeV2.cs Migrations/20250922174448_UpdateDatabaseAfterMergeV2.Designer.cs Migrations/20250923113710_CourtEtity.cs Migrations/20250923113710_CourtEtity.Designer.cs Migrations/20250924015805_ADdModelCourtPricingRules.cs Migrations/20250924015805_ADdModelCourtPricingRules.Designer.cs Migrations/20250924092910_FixDatabaseForCourtModel.cs Migrations/20250924092910_FixDatabaseForCourtModel.Designer.cs Migrations/20250924093836_FixModelCourtPricingRules.cs Migrations/20250924093836_FixModelCourtPricingRules.Designer.cs Migrations/20250924100045_AddCourtPricingRuleTemplateModel.cs Migrations/20250924100045_AddCourtPricingRuleTemplateModel.Designer.cs Migrations/20250926083018_FixDatabaseAfterMerge26092025.cs Migrations/20250926083018_FixDatabaseAfterMerge26092025.Designer.cs Migrations/20250926114431_FixDatabaseAfterMerge26092025Ver2.cs Migrations/20250926114431_FixDatabaseAfterMerge26092025Ver2.Designer.cs Migrations/20250926153543_FixDatabaseAfterMerge26092025Ver.cs Migrations/20250926153543_FixDatabaseAfterMerge26092025Ver.Designer.cs Migrations/20250928170124_FixDatabaseVer1.cs Migrations/20250928170124_FixDatabaseVer1.Designer.cs Migrations/20250929101351_NewEtity.cs Migrations/20250929101351_NewEtity.Designer.cs Migrations/20250929170256_ChangeIdInvoceToString.cs Migrations/20250929170256_ChangeIdInvoceToString.Designer.cs Migrations/20251001193347_AddHoldExpireTimeToModelBookingCourt.cs Migrations/20251001193347_AddHoldExpireTimeToModelBookingCourt.Designer.cs Migrations/20251001200047_AddPaymentModel.cs Migrations/20251001200047_AddPaymentModel.Designer.cs Migrations/20251001200952_FixModelPayments.cs Migrations/20251001200952_FixModelPayments.Designer.cs Migrations/20251001211348_DropInvoiceTable.cs Migrations/20251001211348_DropInvoiceTable.Designer.cs Migrations/20251002204848_AddOrderToCourtPricingRuleModel.cs Migrations/20251002204848_AddOrderToCourtPricingRuleModel.Designer.cs Migrations/20251002205425_AddOrderToCourtPricingRuleModelVer2.cs Migrations/20251002205425_AddOrderToCourtPricingRuleModelVer2.Designer.cs Migrations/20251004104046_AddCustomerIdToPaymentModel.cs Migrations/20251004104046_AddCustomerIdToPaymentModel.Designer.cs Migrations/20251004172843_FixDatabaseAfterMerge10052025.cs Migrations/20251004172843_FixDatabaseAfterMerge10052025.Designer.cs Migrations/20251005072214_AddCategoryEntity.cs Migrations/20251005072214_AddCategoryEntity.Designer.cs Migrations/20251007203937_ServiceEtity.cs Migrations/20251007203937_ServiceEtity.Designer.cs Migrations/20251008230424_add-attendance-record.cs Migrations/20251008230424_add-attendance-record.Designer.cs Migrations/20251012150751_add-system-config-and-payroll.cs Migrations/20251012150751_add-system-config-and-payroll.Designer.cs Migrations/20251014150556_AddNotificationEntiy.cs Migrations/20251014150556_AddNotificationEntiy.Designer.cs Migrations/20251014154950_fix-attendance.cs Migrations/20251014154950_fix-attendance.Designer.cs Migrations/20251014193855_AddServiceAndBookingServiceEntities.cs Migrations/20251014193855_AddServiceAndBookingServiceEntities.Designer.cs Migrations/20251014201027_AddNoteToServiceModel.cs Migrations/20251014201027_AddNoteToServiceModel.Designer.cs Migrations/20251016092740_BookingOrderItem.cs Migrations/20251016092740_BookingOrderItem.Designer.cs Migrations/20251017105138_FixDatabaseAfterMerge17102025.cs Migrations/20251017105138_FixDatabaseAfterMerge17102025.Designer.cs Migrations/20251018153151_FixDatabaseAfterMerge18102025.cs Migrations/20251018153151_FixDatabaseAfterMerge18102025.Designer.cs Migrations/20251019032455_FixDatabaseAfterMerge19102025.cs Migrations/20251019032455_FixDatabaseAfterMerge19102025.Designer.cs Migrations/20251020000331_AddOrderEntityAndPaymentOrderId.cs Migrations/20251020000331_AddOrderEntityAndPaymentOrderId.Designer.cs Migrations/20251020002947_FixPaymentOrderRelation.cs Migrations/20251020002947_FixPaymentOrderRelation.Designer.cs Migrations/20251020011726_FixSeedCustomers.cs Migrations/20251020011726_FixSeedCustomers.Designer.cs Migrations/20251020062030_AddBookingCourtOccurrenceModel.cs Migrations/20251020062030_AddBookingCourtOccurrenceModel.Designer.cs Migrations/20251022073013_AddServiceTimeTrackingToBookingService.cs Migrations/20251022073013_AddServiceTimeTrackingToBookingService.Designer.cs Migrations/20251022102118_AddServicesSubtotalToOrder.cs Migrations/20251022102118_AddServicesSubtotalToOrder.Designer.cs Migrations/20251023043252_AddOrderPaymentMethodAndOccurrenceId.cs Migrations/20251023043252_AddOrderPaymentMethodAndOccurrenceId.Designer.cs Migrations/20251023162518_AddOrderCodeToOrder.cs Migrations/20251023162518_AddOrderCodeToOrder.Designer.cs Migrations/20251023204946_AddBlogModel.cs Migrations/20251023204946_AddBlogModel.Designer.cs Migrations/20251023205547_AddBlogModelFix.cs Migrations/20251023205547_AddBlogModelFix.Designer.cs Migrations/20251024153757_FixDatabaseAfterMerge24102025.cs Migrations/20251024153757_FixDatabaseAfterMerge24102025.Designer.cs Migrations/20251026041404_FixDatabaseAfterMerge26102025.cs Migrations/20251026041404_FixDatabaseAfterMerge26102025.Designer.cs Migrations/20251026224059_AddSliderModel.cs Migrations/20251026224059_AddSliderModel.Designer.cs Migrations/20251027044348_AddRelationForCustomerAndApplicationUser.cs Migrations/20251027044348_AddRelationForCustomerAndApplicationUser.Designer.cs Migrations/20251103112222_MembershipBenefitsIntAndDescriptions.cs Migrations/20251103112222_MembershipBenefitsIntAndDescriptions.Designer.cs Migrations/20251103120925_RevertMembershipToDiscountPercent.cs Migrations/20251103120925_RevertMembershipToDiscountPercent.Designer.cs Migrations/20251103124347_UpdateMembershipData.cs Migrations/20251103124347_UpdateMembershipData.Designer.cs Migrations/20251103130514_FixDatabase03112025.cs Migrations/20251103130514_FixDatabase03112025.Designer.cs Migrations/20251103140400_FixDatabase03112025V1.cs Migrations/20251103140400_FixDatabase03112025V1.Designer.cs Migrations/20251103141055_FixDatabase03112025V2.cs Migrations/20251103141055_FixDatabase03112025V2.Designer.cs Migrations/20251103141158_FixDatabase03112025V3.cs Migrations/20251103141158_FixDatabase03112025V3.Designer.cs Migrations/20251105071418_FixDatabaseAfterMerge05112025.cs Migrations/20251105071418_FixDatabaseAfterMerge05112025.Designer.cs Migrations/20251106084237_AddIsDisplayOnWebToProduct.cs Migrations/20251106084237_AddIsDisplayOnWebToProduct.Designer.cs Migrations/20251106091500_MergeUpdateCashflowTable.cs Migrations/20251106175544_AddVoucherEntities.cs Migrations/20251106175544_AddVoucherEntities.Designer.cs Migrations/20251107230859_AddVoucherToBooking.cs Migrations/20251107230859_AddVoucherToBooking.Designer.cs Migrations/20251201132613_MakeRelatedIdNullable.cs Migrations/20251201132613_MakeRelatedIdNullable.Designer.cs Migrations/20251206065703_UpdateVoucherUserRule.cs Migrations/20251206065703_UpdateVoucherUserRule.Designer.cs Migrations/20251208012857_FixDatabase.cs Migrations/20251208012857_FixDatabase.Designer.cs Migrations/ApplicationDbContextModelSnapshot.cs Options/EmailOptions.cs Options/JwtOptions.cs Options/MinioOptions.cs Processors/IAuthTokenProcessor.cs Processors/Impl/AuthTokenProcessor.cs Program.cs Services/BackgroundServices/CreatePayrollService.cs Services/BackgroundServices/UpdatePayrollService.cs Services/IActivityHelperService.cs Services/IActivityService.cs Services/IAttendanceService.cs Services/IAuthService.cs Services/IBlogService.cs Services/IBookingCourtService.cs Services/ICashflowService.cs Services/ICashflowTypeService.cs Services/ICategoryService.cs Services/ICourtAreaService.cs Services/ICourtService.cs Services/ICustomerService.cs Services/IDashboardService.cs Services/IDepartmentService.cs Services/IEmailService.cs Services/IExportService.cs Services/IFeedbackService.cs Services/IInventoryCardService.cs Services/IInventoryCheckService.cs Services/IMembershipService.cs Services/Impl/ActivityHelperService.cs Services/Impl/ActivityService.cs Services/Impl/AttendanceService.cs Services/Impl/AuthService.cs Services/Impl/AutoCheckoutHostedService.cs Services/Impl/BlogService.cs Services/Impl/BookingCourtService.cs Services/Impl/BookingHoldExpiryHostedService.cs Services/Impl/CashflowService.cs Services/Impl/CashFlowTypeService.cs Services/Impl/CategoryService.cs Services/Impl/CourtAreaService.cs Services/Impl/CourtService.cs Services/Impl/CustomerService.cs Services/Impl/DashboardService.cs Services/Impl/DepartmentService.cs Services/Impl/EmailService.cs Services/Impl/ExportService.cs Services/Impl/FeedbackService.cs Services/Impl/InventoryCardService.cs Services/Impl/InventoryCheckService.cs Services/Impl/MembershipPaymentExpiryHostedService.cs Services/Impl/MembershipService.cs Services/Impl/MembershipStatusHostedService.cs Services/Impl/MinioStorageService.cs Services/Impl/NotificationService.cs Services/Impl/OrderExpiryHostedService.cs Services/Impl/OrderService.cs Services/Impl/PaymentService.cs Services/Impl/PayrollService.cs Services/Impl/PriceTableService.cs Services/Impl/ProductService.cs Services/Impl/ReceiptService.cs Services/Impl/ReturnGoodsService.cs Services/Impl/RoleService.cs Services/Impl/SalaryFormService.cs Services/Impl/ScheduleService.cs Services/Impl/ServiceService.cs Services/Impl/ShiftService.cs Services/Impl/SliderService.cs Services/Impl/StaffService.cs Services/Impl/StockOutService.cs Services/Impl/StoreBankAccountService.cs Services/Impl/SupplierBankAccountService.cs Services/Impl/SupplierService.cs Services/Impl/SystemConfigService.cs Services/Impl/UserMembershipService.cs Services/Impl/UserService.cs Services/Impl/VoucherService.cs Services/INotificationService.cs Services/IOrderService.cs Services/IPaymentService.cs Services/IPayrollService.cs Services/IPriceTableService.cs Services/IProductService.cs Services/IReceiptService.cs Services/IReturnGoodsService.cs Services/IRoleService.cs Services/ISalaryFormService.cs Services/IScheduleService.cs Services/IServiceService.cs Services/IShiftService.cs Services/ISliderService.cs Services/IStaffService.cs Services/IStockOutService.cs Services/IStorageService.cs Services/IStoreBankAccountService.cs Services/ISupplierBankAccountService.cs Services/ISupplierService.cs Services/ISystemConfigService.cs Services/IUserMembershipService.cs Services/IUserService.cs Services/IVoucherService.cs Sessions/ICurrentUser.cs Sessions/Impl/CurrentUser.cs SignalR/BookingHub.cs SignalR/NotificationHub.cs Template/EmailTemplateHTML.cs Template/SendForgotPasswordEmailAsyncRequest.cs Template/SendNewPasswordEmailAsyncRequest.cs Template/SendVerifyEmailAsyncRequest.cs Template/SendWelcomeEmailAsyncRequest.cs obj/Debug/net8.0/ApiApplication.GlobalUsings.g.cs "obj/Debug/net8.0/.NETCoreApp,Version=v8.0.AssemblyAttributes.cs" obj/Debug/net8.0/ApiApplication.AssemblyInfo.cs obj/Debug/net8.0/ApiApplication.MvcApplicationPartsAssemblyInfo.cs /warnaserror+:NU1605,SYSLIB0011
         CompilerServer: server - server processed compilation - ApiApplication (net8.0)
       _ProcessScopedCssFiles:
       Skipping target "_ProcessScopedCssFiles" because it has no outputs.
       _ProcessScopedCssFiles:
       Skipping target "_ProcessScopedCssFiles" because it has no outputs.
       ResolveBuildCompressedStaticWebAssetsConfiguration:
         Resolved 0 compressed assets for 0 candidate assets.
       _BuildCopyStaticWebAssetsPreserveNewest:
       Skipping target "_BuildCopyStaticWebAssetsPreserveNewest" because it has no outputs.
       _CopyOutOfDateSourceItemsToOutputDirectory:
       Building target "_CopyOutOfDateSourceItemsToOutputDirectory" partially, because some output files are out of date with respect to their input files.
         Copying file from "/Users/dotritrong/Desktop/Capstone/Badminton_Court_Management_System/ApiApplication/obj/Debug/net8.0/apphost" to "/Users/dotritrong/Desktop/Capstone/Badminton_Court_Management_System/ApiApplication/bin/Debug/net8.0/ApiApplication".
       GenerateBuildDependencyFile:
       Skipping target "GenerateBuildDependencyFile" because all output files are up-to-date with respect to the input files.
       GenerateBuildRuntimeConfigurationFiles:
       Skipping target "GenerateBuildRuntimeConfigurationFiles" because all output files are up-to-date with respect to the input files.
       CopyFilesToOutputDirectory:
         Copying file from "/Users/dotritrong/Desktop/Capstone/Badminton_Court_Management_System/ApiApplication/obj/Debug/net8.0/ApiApplication.dll" to "/Users/dotritrong/Desktop/Capstone/Badminton_Court_Management_System/ApiApplication/bin/Debug/net8.0/ApiApplication.dll".
         Copying reference assembly from "obj/Debug/net8.0/refint/ApiApplication.dll" to "/Users/dotritrong/Desktop/Capstone/Badminton_Court_Management_System/ApiApplication/obj/Debug/net8.0/ref/ApiApplication.dll".
         ApiApplication -> /Users/dotritrong/Desktop/Capstone/Badminton_Court_Management_System/ApiApplication/bin/Debug/net8.0/ApiApplication.dll
         Copying file from "/Users/dotritrong/Desktop/Capstone/Badminton_Court_Management_System/ApiApplication/obj/Debug/net8.0/ApiApplication.pdb" to "/Users/dotritrong/Desktop/Capstone/Badminton_Court_Management_System/ApiApplication/bin/Debug/net8.0/ApiApplication.pdb".
     2>Done Building Project "/Users/dotritrong/Desktop/Capstone/Badminton_Court_Management_System/ApiApplication/ApiApplication.csproj" (default targets).
     1>GenerateTargetFrameworkMonikerAttribute:
       Skipping target "GenerateTargetFrameworkMonikerAttribute" because all output files are up-to-date with respect to the input files.
       _GenerateSourceLinkFile:
         Updating Source Link file 'obj/Debug/net8.0/Tests.sourcelink.json'.
       CoreCompile:
         /usr/local/share/dotnet/dotnet exec "/usr/local/share/dotnet/sdk/9.0.203/Roslyn/bincore/csc.dll" /noconfig /unsafe- /checked- /nowarn:1701,1702,1701,1702 /fullpaths /nostdlib+ /errorreport:prompt /warn:8 /define:TRACE;DEBUG;NET;NET8_0;NETCOREAPP;NET5_0_OR_GREATER;NET6_0_OR_GREATER;NET7_0_OR_GREATER;NET8_0_OR_GREATER;NETCOREAPP1_0_OR_GREATER;NETCOREAPP1_1_OR_GREATER;NETCOREAPP2_0_OR_GREATER;NETCOREAPP2_1_OR_GREATER;NETCOREAPP2_2_OR_GREATER;NETCOREAPP3_0_OR_GREATER;NETCOREAPP3_1_OR_GREATER /highentropyva+ /nullable:enable /reference:/Users/dotritrong/Desktop/Capstone/Badminton_Court_Management_System/ApiApplication/obj/Debug/net8.0/ref/ApiApplication.dll /reference:/Users/dotritrong/.nuget/packages/automapper/15.0.1/lib/net8.0/AutoMapper.dll /reference:/Users/dotritrong/.nuget/packages/bouncycastle.cryptography/2.2.1/lib/net6.0/BouncyCastle.Cryptography.dll /reference:/Users/dotritrong/.nuget/packages/castle.core/5.1.1/lib/net6.0/Castle.Core.dll /reference:/Users/dotritrong/.nuget/packages/closedxml/0.105.0/lib/netstandard2.1/ClosedXML.dll /reference:/Users/dotritrong/.nuget/packages/closedxml.parser/2.0.0/lib/netstandard2.1/ClosedXML.Parser.dll /reference:/Users/dotritrong/.nuget/packages/communitytoolkit.highperformance/8.2.2/lib/net7.0/CommunityToolkit.HighPerformance.dll /reference:/Users/dotritrong/.nuget/packages/cronos/0.11.1/lib/net6.0/Cronos.dll /reference:/Users/dotritrong/.nuget/packages/documentformat.openxml/3.1.1/lib/net8.0/DocumentFormat.OpenXml.dll /reference:/Users/dotritrong/.nuget/packages/documentformat.openxml.framework/3.1.1/lib/net8.0/DocumentFormat.OpenXml.Framework.dll /reference:/Users/dotritrong/.nuget/packages/excelnumberformat/1.1.0/lib/netstandard2.0/ExcelNumberFormat.dll /reference:/Users/dotritrong/.nuget/packages/mailkit/4.3.0/lib/net6.0/MailKit.dll /reference:/Users/dotritrong/.nuget/packages/microsoft.applicationinsights/2.22.0/lib/netstandard2.0/Microsoft.ApplicationInsights.dll /reference:/usr/local/share/dotnet/packs/Microsoft.AspNetCore.App.Ref/8.0.15/ref/net8.0/Microsoft.AspNetCore.Antiforgery.dll /reference:/usr/local/share/dotnet/packs/Microsoft.AspNetCore.App.Ref/8.0.15/ref/net8.0/Microsoft.AspNetCore.Authentication.Abstractions.dll /reference:/usr/local/share/dotnet/packs/Microsoft.AspNetCore.App.Ref/8.0.15/ref/net8.0/Microsoft.AspNetCore.Authentication.BearerToken.dll /reference:/usr/local/share/dotnet/packs/Microsoft.AspNetCore.App.Ref/8.0.15/ref/net8.0/Microsoft.AspNetCore.Authentication.Cookies.dll /reference:/usr/local/share/dotnet/packs/Microsoft.AspNetCore.App.Ref/8.0.15/ref/net8.0/Microsoft.AspNetCore.Authentication.Core.dll /reference:/usr/local/share/dotnet/packs/Microsoft.AspNetCore.App.Ref/8.0.15/ref/net8.0/Microsoft.AspNetCore.Authentication.dll /reference:/Users/dotritrong/.nuget/packages/microsoft.aspnetcore.authentication.jwtbearer/8.0.20/lib/net8.0/Microsoft.AspNetCore.Authentication.JwtBearer.dll /reference:/usr/local/share/dotnet/packs/Microsoft.AspNetCore.App.Ref/8.0.15/ref/net8.0/Microsoft.AspNetCore.Authentication.OAuth.dll /reference:/usr/local/share/dotnet/packs/Microsoft.AspNetCore.App.Ref/8.0.15/ref/net8.0/Microsoft.AspNetCore.Authorization.dll /reference:/usr/local/share/dotnet/packs/Microsoft.AspNetCore.App.Ref/8.0.15/ref/net8.0/Microsoft.AspNetCore.Authorization.Policy.dll /reference:/usr/local/share/dotnet/packs/Microsoft.AspNetCore.App.Ref/8.0.15/ref/net8.0/Microsoft.AspNetCore.Components.Authorization.dll /reference:/usr/local/share/dotnet/packs/Microsoft.AspNetCore.App.Ref/8.0.15/ref/net8.0/Microsoft.AspNetCore.Components.dll /reference:/usr/local/share/dotnet/packs/Microsoft.AspNetCore.App.Ref/8.0.15/ref/net8.0/Microsoft.AspNetCore.Components.Endpoints.dll /reference:/usr/local/share/dotnet/packs/Microsoft.AspNetCore.App.Ref/8.0.15/ref/net8.0/Microsoft.AspNetCore.Components.Forms.dll /reference:/usr/local/share/dotnet/packs/Microsoft.AspNetCore.App.Ref/8.0.15/ref/net8.0/Microsoft.AspNetCore.Components.Server.dll /reference:/usr/local/share/dotnet/packs/Microsoft.AspNetCore.App.Ref/8.0.15/ref/net8.0/Microsoft.AspNetCore.Components.Web.dll /reference:/usr/local/share/dotnet/packs/Microsoft.AspNetCore.App.Ref/8.0.15/ref/net8.0/Microsoft.AspNetCore.Connections.Abstractions.dll /reference:/usr/local/share/dotnet/packs/Microsoft.AspNetCore.App.Ref/8.0.15/ref/net8.0/Microsoft.AspNetCore.CookiePolicy.dll /reference:/usr/local/share/dotnet/packs/Microsoft.AspNetCore.App.Ref/8.0.15/ref/net8.0/Microsoft.AspNetCore.Cors.dll /reference:/Users/dotritrong/.nuget/packages/microsoft.aspnetcore.cryptography.internal/8.0.20/lib/net8.0/Microsoft.AspNetCore.Cryptography.Internal.dll /reference:/Users/dotritrong/.nuget/packages/microsoft.aspnetcore.cryptography.keyderivation/8.0.20/lib/net8.0/Microsoft.AspNetCore.Cryptography.KeyDerivation.dll /reference:/usr/local/share/dotnet/packs/Microsoft.AspNetCore.App.Ref/8.0.15/ref/net8.0/Microsoft.AspNetCore.DataProtection.Abstractions.dll /reference:/usr/local/share/dotnet/packs/Microsoft.AspNetCore.App.Ref/8.0.15/ref/net8.0/Microsoft.AspNetCore.DataProtection.dll /reference:/usr/local/share/dotnet/packs/Microsoft.AspNetCore.App.Ref/8.0.15/ref/net8.0/Microsoft.AspNetCore.DataProtection.Extensions.dll /reference:/usr/local/share/dotnet/packs/Microsoft.AspNetCore.App.Ref/8.0.15/ref/net8.0/Microsoft.AspNetCore.Diagnostics.Abstractions.dll /reference:/usr/local/share/dotnet/packs/Microsoft.AspNetCore.App.Ref/8.0.15/ref/net8.0/Microsoft.AspNetCore.Diagnostics.dll /reference:/usr/local/share/dotnet/packs/Microsoft.AspNetCore.App.Ref/8.0.15/ref/net8.0/Microsoft.AspNetCore.Diagnostics.HealthChecks.dll /reference:/usr/local/share/dotnet/packs/Microsoft.AspNetCore.App.Ref/8.0.15/ref/net8.0/Microsoft.AspNetCore.dll /reference:/usr/local/share/dotnet/packs/Microsoft.AspNetCore.App.Ref/8.0.15/ref/net8.0/Microsoft.AspNetCore.HostFiltering.dll /reference:/usr/local/share/dotnet/packs/Microsoft.AspNetCore.App.Ref/8.0.15/ref/net8.0/Microsoft.AspNetCore.Hosting.Abstractions.dll /reference:/usr/local/share/dotnet/packs/Microsoft.AspNetCore.App.Ref/8.0.15/ref/net8.0/Microsoft.AspNetCore.Hosting.dll /reference:/usr/local/share/dotnet/packs/Microsoft.AspNetCore.App.Ref/8.0.15/ref/net8.0/Microsoft.AspNetCore.Hosting.Server.Abstractions.dll /reference:/usr/local/share/dotnet/packs/Microsoft.AspNetCore.App.Ref/8.0.15/ref/net8.0/Microsoft.AspNetCore.Html.Abstractions.dll /reference:/usr/local/share/dotnet/packs/Microsoft.AspNetCore.App.Ref/8.0.15/ref/net8.0/Microsoft.AspNetCore.Http.Abstractions.dll /reference:/usr/local/share/dotnet/packs/Microsoft.AspNetCore.App.Ref/8.0.15/ref/net8.0/Microsoft.AspNetCore.Http.Connections.Common.dll /reference:/usr/local/share/dotnet/packs/Microsoft.AspNetCore.App.Ref/8.0.15/ref/net8.0/Microsoft.AspNetCore.Http.Connections.dll /reference:/usr/local/share/dotnet/packs/Microsoft.AspNetCore.App.Ref/8.0.15/ref/net8.0/Microsoft.AspNetCore.Http.dll /reference:/usr/local/share/dotnet/packs/Microsoft.AspNetCore.App.Ref/8.0.15/ref/net8.0/Microsoft.AspNetCore.Http.Extensions.dll /reference:/usr/local/share/dotnet/packs/Microsoft.AspNetCore.App.Ref/8.0.15/ref/net8.0/Microsoft.AspNetCore.Http.Features.dll /reference:/usr/local/share/dotnet/packs/Microsoft.AspNetCore.App.Ref/8.0.15/ref/net8.0/Microsoft.AspNetCore.Http.Results.dll /reference:/usr/local/share/dotnet/packs/Microsoft.AspNetCore.App.Ref/8.0.15/ref/net8.0/Microsoft.AspNetCore.HttpLogging.dll /reference:/usr/local/share/dotnet/packs/Microsoft.AspNetCore.App.Ref/8.0.15/ref/net8.0/Microsoft.AspNetCore.HttpOverrides.dll /reference:/usr/local/share/dotnet/packs/Microsoft.AspNetCore.App.Ref/8.0.15/ref/net8.0/Microsoft.AspNetCore.HttpsPolicy.dll /reference:/usr/local/share/dotnet/packs/Microsoft.AspNetCore.App.Ref/8.0.15/ref/net8.0/Microsoft.AspNetCore.Identity.dll /reference:/Users/dotritrong/.nuget/packages/microsoft.aspnetcore.identity.entityframeworkcore/8.0.20/lib/net8.0/Microsoft.AspNetCore.Identity.EntityFrameworkCore.dll /reference:/usr/local/share/dotnet/packs/Microsoft.AspNetCore.App.Ref/8.0.15/ref/net8.0/Microsoft.AspNetCore.Localization.dll /reference:/usr/local/share/dotnet/packs/Microsoft.AspNetCore.App.Ref/8.0.15/ref/net8.0/Microsoft.AspNetCore.Localization.Routing.dll /reference:/usr/local/share/dotnet/packs/Microsoft.AspNetCore.App.Ref/8.0.15/ref/net8.0/Microsoft.AspNetCore.Metadata.dll /reference:/usr/local/share/dotnet/packs/Microsoft.AspNetCore.App.Ref/8.0.15/ref/net8.0/Microsoft.AspNetCore.Mvc.Abstractions.dll /reference:/usr/local/share/dotnet/packs/Microsoft.AspNetCore.App.Ref/8.0.15/ref/net8.0/Microsoft.AspNetCore.Mvc.ApiExplorer.dll /reference:/usr/local/share/dotnet/packs/Microsoft.AspNetCore.App.Ref/8.0.15/ref/net8.0/Microsoft.AspNetCore.Mvc.Core.dll /reference:/usr/local/share/dotnet/packs/Microsoft.AspNetCore.App.Ref/8.0.15/ref/net8.0/Microsoft.AspNetCore.Mvc.Cors.dll /reference:/usr/local/share/dotnet/packs/Microsoft.AspNetCore.App.Ref/8.0.15/ref/net8.0/Microsoft.AspNetCore.Mvc.DataAnnotations.dll /reference:/usr/local/share/dotnet/packs/Microsoft.AspNetCore.App.Ref/8.0.15/ref/net8.0/Microsoft.AspNetCore.Mvc.dll /reference:/usr/local/share/dotnet/packs/Microsoft.AspNetCore.App.Ref/8.0.15/ref/net8.0/Microsoft.AspNetCore.Mvc.Formatters.Json.dll /reference:/usr/local/share/dotnet/packs/Microsoft.AspNetCore.App.Ref/8.0.15/ref/net8.0/Microsoft.AspNetCore.Mvc.Formatters.Xml.dll /reference:/usr/local/share/dotnet/packs/Microsoft.AspNetCore.App.Ref/8.0.15/ref/net8.0/Microsoft.AspNetCore.Mvc.Localization.dll /reference:/usr/local/share/dotnet/packs/Microsoft.AspNetCore.App.Ref/8.0.15/ref/net8.0/Microsoft.AspNetCore.Mvc.Razor.dll /reference:/usr/local/share/dotnet/packs/Microsoft.AspNetCore.App.Ref/8.0.15/ref/net8.0/Microsoft.AspNetCore.Mvc.RazorPages.dll /reference:/usr/local/share/dotnet/packs/Microsoft.AspNetCore.App.Ref/8.0.15/ref/net8.0/Microsoft.AspNetCore.Mvc.TagHelpers.dll /reference:/usr/local/share/dotnet/packs/Microsoft.AspNetCore.App.Ref/8.0.15/ref/net8.0/Microsoft.AspNetCore.Mvc.ViewFeatures.dll /reference:/usr/local/share/dotnet/packs/Microsoft.AspNetCore.App.Ref/8.0.15/ref/net8.0/Microsoft.AspNetCore.OutputCaching.dll /reference:/usr/local/share/dotnet/packs/Microsoft.AspNetCore.App.Ref/8.0.15/ref/net8.0/Microsoft.AspNetCore.RateLimiting.dll /reference:/usr/local/share/dotnet/packs/Microsoft.AspNetCore.App.Ref/8.0.15/ref/net8.0/Microsoft.AspNetCore.Razor.dll /reference:/usr/local/share/dotnet/packs/Microsoft.AspNetCore.App.Ref/8.0.15/ref/net8.0/Microsoft.AspNetCore.Razor.Runtime.dll /reference:/usr/local/share/dotnet/packs/Microsoft.AspNetCore.App.Ref/8.0.15/ref/net8.0/Microsoft.AspNetCore.RequestDecompression.dll /reference:/usr/local/share/dotnet/packs/Microsoft.AspNetCore.App.Ref/8.0.15/ref/net8.0/Microsoft.AspNetCore.ResponseCaching.Abstractions.dll /reference:/usr/local/share/dotnet/packs/Microsoft.AspNetCore.App.Ref/8.0.15/ref/net8.0/Microsoft.AspNetCore.ResponseCaching.dll /reference:/usr/local/share/dotnet/packs/Microsoft.AspNetCore.App.Ref/8.0.15/ref/net8.0/Microsoft.AspNetCore.ResponseCompression.dll /reference:/usr/local/share/dotnet/packs/Microsoft.AspNetCore.App.Ref/8.0.15/ref/net8.0/Microsoft.AspNetCore.Rewrite.dll /reference:/usr/local/share/dotnet/packs/Microsoft.AspNetCore.App.Ref/8.0.15/ref/net8.0/Microsoft.AspNetCore.Routing.Abstractions.dll /reference:/usr/local/share/dotnet/packs/Microsoft.AspNetCore.App.Ref/8.0.15/ref/net8.0/Microsoft.AspNetCore.Routing.dll /reference:/usr/local/share/dotnet/packs/Microsoft.AspNetCore.App.Ref/8.0.15/ref/net8.0/Microsoft.AspNetCore.Server.HttpSys.dll /reference:/usr/local/share/dotnet/packs/Microsoft.AspNetCore.App.Ref/8.0.15/ref/net8.0/Microsoft.AspNetCore.Server.IIS.dll /reference:/usr/local/share/dotnet/packs/Microsoft.AspNetCore.App.Ref/8.0.15/ref/net8.0/Microsoft.AspNetCore.Server.IISIntegration.dll /reference:/usr/local/share/dotnet/packs/Microsoft.AspNetCore.App.Ref/8.0.15/ref/net8.0/Microsoft.AspNetCore.Server.Kestrel.Core.dll /reference:/usr/local/share/dotnet/packs/Microsoft.AspNetCore.App.Ref/8.0.15/ref/net8.0/Microsoft.AspNetCore.Server.Kestrel.dll /reference:/usr/local/share/dotnet/packs/Microsoft.AspNetCore.App.Ref/8.0.15/ref/net8.0/Microsoft.AspNetCore.Server.Kestrel.Transport.NamedPipes.dll /reference:/usr/local/share/dotnet/packs/Microsoft.AspNetCore.App.Ref/8.0.15/ref/net8.0/Microsoft.AspNetCore.Server.Kestrel.Transport.Quic.dll /reference:/usr/local/share/dotnet/packs/Microsoft.AspNetCore.App.Ref/8.0.15/ref/net8.0/Microsoft.AspNetCore.Server.Kestrel.Transport.Sockets.dll /reference:/usr/local/share/dotnet/packs/Microsoft.AspNetCore.App.Ref/8.0.15/ref/net8.0/Microsoft.AspNetCore.Session.dll /reference:/usr/local/share/dotnet/packs/Microsoft.AspNetCore.App.Ref/8.0.15/ref/net8.0/Microsoft.AspNetCore.SignalR.Common.dll /reference:/usr/local/share/dotnet/packs/Microsoft.AspNetCore.App.Ref/8.0.15/ref/net8.0/Microsoft.AspNetCore.SignalR.Core.dll /reference:/usr/local/share/dotnet/packs/Microsoft.AspNetCore.App.Ref/8.0.15/ref/net8.0/Microsoft.AspNetCore.SignalR.dll /reference:/usr/local/share/dotnet/packs/Microsoft.AspNetCore.App.Ref/8.0.15/ref/net8.0/Microsoft.AspNetCore.SignalR.Protocols.Json.dll /reference:/usr/local/share/dotnet/packs/Microsoft.AspNetCore.App.Ref/8.0.15/ref/net8.0/Microsoft.AspNetCore.StaticFiles.dll /reference:/usr/local/share/dotnet/packs/Microsoft.AspNetCore.App.Ref/8.0.15/ref/net8.0/Microsoft.AspNetCore.WebSockets.dll /reference:/usr/local/share/dotnet/packs/Microsoft.AspNetCore.App.Ref/8.0.15/ref/net8.0/Microsoft.AspNetCore.WebUtilities.dll /reference:/usr/local/share/dotnet/packs/Microsoft.NETCore.App.Ref/8.0.15/ref/net8.0/Microsoft.CSharp.dll /reference:/Users/dotritrong/.nuget/packages/microsoft.entityframeworkcore.abstractions/8.0.20/lib/net8.0/Microsoft.EntityFrameworkCore.Abstractions.dll /reference:/Users/dotritrong/.nuget/packages/microsoft.entityframeworkcore/8.0.20/lib/net8.0/Microsoft.EntityFrameworkCore.dll /reference:/Users/dotritrong/.nuget/packages/microsoft.entityframeworkcore.inmemory/8.0.20/lib/net8.0/Microsoft.EntityFrameworkCore.InMemory.dll /reference:/Users/dotritrong/.nuget/packages/microsoft.entityframeworkcore.relational/8.0.20/lib/net8.0/Microsoft.EntityFrameworkCore.Relational.dll /reference:/usr/local/share/dotnet/packs/Microsoft.AspNetCore.App.Ref/8.0.15/ref/net8.0/Microsoft.Extensions.Caching.Abstractions.dll /reference:/usr/local/share/dotnet/packs/Microsoft.AspNetCore.App.Ref/8.0.15/ref/net8.0/Microsoft.Extensions.Caching.Memory.dll /reference:/usr/local/share/dotnet/packs/Microsoft.AspNetCore.App.Ref/8.0.15/ref/net8.0/Microsoft.Extensions.Configuration.Abstractions.dll /reference:/usr/local/share/dotnet/packs/Microsoft.AspNetCore.App.Ref/8.0.15/ref/net8.0/Microsoft.Extensions.Configuration.Binder.dll /reference:/usr/local/share/dotnet/packs/Microsoft.AspNetCore.App.Ref/8.0.15/ref/net8.0/Microsoft.Extensions.Configuration.CommandLine.dll /reference:/usr/local/share/dotnet/packs/Microsoft.AspNetCore.App.Ref/8.0.15/ref/net8.0/Microsoft.Extensions.Configuration.dll /reference:/usr/local/share/dotnet/packs/Microsoft.AspNetCore.App.Ref/8.0.15/ref/net8.0/Microsoft.Extensions.Configuration.EnvironmentVariables.dll /reference:/usr/local/share/dotnet/packs/Microsoft.AspNetCore.App.Ref/8.0.15/ref/net8.0/Microsoft.Extensions.Configuration.FileExtensions.dll /reference:/usr/local/share/dotnet/packs/Microsoft.AspNetCore.App.Ref/8.0.15/ref/net8.0/Microsoft.Extensions.Configuration.Ini.dll /reference:/usr/local/share/dotnet/packs/Microsoft.AspNetCore.App.Ref/8.0.15/ref/net8.0/Microsoft.Extensions.Configuration.Json.dll /reference:/usr/local/share/dotnet/packs/Microsoft.AspNetCore.App.Ref/8.0.15/ref/net8.0/Microsoft.Extensions.Configuration.KeyPerFile.dll /reference:/usr/local/share/dotnet/packs/Microsoft.AspNetCore.App.Ref/8.0.15/ref/net8.0/Microsoft.Extensions.Configuration.UserSecrets.dll /reference:/usr/local/share/dotnet/packs/Microsoft.AspNetCore.App.Ref/8.0.15/ref/net8.0/Microsoft.Extensions.Configuration.Xml.dll /reference:/usr/local/share/dotnet/packs/Microsoft.AspNetCore.App.Ref/8.0.15/ref/net8.0/Microsoft.Extensions.DependencyInjection.Abstractions.dll /reference:/usr/local/share/dotnet/packs/Microsoft.AspNetCore.App.Ref/8.0.15/ref/net8.0/Microsoft.Extensions.DependencyInjection.dll /reference:/usr/local/share/dotnet/packs/Microsoft.AspNetCore.App.Ref/8.0.15/ref/net8.0/Microsoft.Extensions.Diagnostics.Abstractions.dll /reference:/usr/local/share/dotnet/packs/Microsoft.AspNetCore.App.Ref/8.0.15/ref/net8.0/Microsoft.Extensions.Diagnostics.dll /reference:/usr/local/share/dotnet/packs/Microsoft.AspNetCore.App.Ref/8.0.15/ref/net8.0/Microsoft.Extensions.Diagnostics.HealthChecks.Abstractions.dll /reference:/usr/local/share/dotnet/packs/Microsoft.AspNetCore.App.Ref/8.0.15/ref/net8.0/Microsoft.Extensions.Diagnostics.HealthChecks.dll /reference:/usr/local/share/dotnet/packs/Microsoft.AspNetCore.App.Ref/8.0.15/ref/net8.0/Microsoft.Extensions.Features.dll /reference:/usr/local/share/dotnet/packs/Microsoft.AspNetCore.App.Ref/8.0.15/ref/net8.0/Microsoft.Extensions.FileProviders.Abstractions.dll /reference:/usr/local/share/dotnet/packs/Microsoft.AspNetCore.App.Ref/8.0.15/ref/net8.0/Microsoft.Extensions.FileProviders.Composite.dll /reference:/usr/local/share/dotnet/packs/Microsoft.AspNetCore.App.Ref/8.0.15/ref/net8.0/Microsoft.Extensions.FileProviders.Embedded.dll /reference:/usr/local/share/dotnet/packs/Microsoft.AspNetCore.App.Ref/8.0.15/ref/net8.0/Microsoft.Extensions.FileProviders.Physical.dll /reference:/usr/local/share/dotnet/packs/Microsoft.AspNetCore.App.Ref/8.0.15/ref/net8.0/Microsoft.Extensions.FileSystemGlobbing.dll /reference:/usr/local/share/dotnet/packs/Microsoft.AspNetCore.App.Ref/8.0.15/ref/net8.0/Microsoft.Extensions.Hosting.Abstractions.dll /reference:/usr/local/share/dotnet/packs/Microsoft.AspNetCore.App.Ref/8.0.15/ref/net8.0/Microsoft.Extensions.Hosting.dll /reference:/usr/local/share/dotnet/packs/Microsoft.AspNetCore.App.Ref/8.0.15/ref/net8.0/Microsoft.Extensions.Http.dll /reference:/Users/dotritrong/.nuget/packages/microsoft.extensions.identity.core/8.0.20/lib/net8.0/Microsoft.Extensions.Identity.Core.dll /reference:/Users/dotritrong/.nuget/packages/microsoft.extensions.identity.stores/8.0.20/lib/net8.0/Microsoft.Extensions.Identity.Stores.dll /reference:/usr/local/share/dotnet/packs/Microsoft.AspNetCore.App.Ref/8.0.15/ref/net8.0/Microsoft.Extensions.Localization.Abstractions.dll /reference:/usr/local/share/dotnet/packs/Microsoft.AspNetCore.App.Ref/8.0.15/ref/net8.0/Microsoft.Extensions.Localization.dll /reference:/usr/local/share/dotnet/packs/Microsoft.AspNetCore.App.Ref/8.0.15/ref/net8.0/Microsoft.Extensions.Logging.Abstractions.dll /reference:/usr/local/share/dotnet/packs/Microsoft.AspNetCore.App.Ref/8.0.15/ref/net8.0/Microsoft.Extensions.Logging.Configuration.dll /reference:/usr/local/share/dotnet/packs/Microsoft.AspNetCore.App.Ref/8.0.15/ref/net8.0/Microsoft.Extensions.Logging.Console.dll /reference:/usr/local/share/dotnet/packs/Microsoft.AspNetCore.App.Ref/8.0.15/ref/net8.0/Microsoft.Extensions.Logging.Debug.dll /reference:/usr/local/share/dotnet/packs/Microsoft.AspNetCore.App.Ref/8.0.15/ref/net8.0/Microsoft.Extensions.Logging.dll /reference:/usr/local/share/dotnet/packs/Microsoft.AspNetCore.App.Ref/8.0.15/ref/net8.0/Microsoft.Extensions.Logging.EventLog.dll /reference:/usr/local/share/dotnet/packs/Microsoft.AspNetCore.App.Ref/8.0.15/ref/net8.0/Microsoft.Extensions.Logging.EventSource.dll /reference:/usr/local/share/dotnet/packs/Microsoft.AspNetCore.App.Ref/8.0.15/ref/net8.0/Microsoft.Extensions.Logging.TraceSource.dll /reference:/usr/local/share/dotnet/packs/Microsoft.AspNetCore.App.Ref/8.0.15/ref/net8.0/Microsoft.Extensions.ObjectPool.dll /reference:/usr/local/share/dotnet/packs/Microsoft.AspNetCore.App.Ref/8.0.15/ref/net8.0/Microsoft.Extensions.Options.ConfigurationExtensions.dll /reference:/usr/local/share/dotnet/packs/Microsoft.AspNetCore.App.Ref/8.0.15/ref/net8.0/Microsoft.Extensions.Options.DataAnnotations.dll /reference:/usr/local/share/dotnet/packs/Microsoft.AspNetCore.App.Ref/8.0.15/ref/net8.0/Microsoft.Extensions.Options.dll /reference:/usr/local/share/dotnet/packs/Microsoft.AspNetCore.App.Ref/8.0.15/ref/net8.0/Microsoft.Extensions.Primitives.dll /reference:/usr/local/share/dotnet/packs/Microsoft.AspNetCore.App.Ref/8.0.15/ref/net8.0/Microsoft.Extensions.WebEncoders.dll /reference:/Users/dotritrong/.nuget/packages/microsoft.identitymodel.abstractions/8.14.0/lib/net8.0/Microsoft.IdentityModel.Abstractions.dll /reference:/Users/dotritrong/.nuget/packages/microsoft.identitymodel.jsonwebtokens/8.14.0/lib/net8.0/Microsoft.IdentityModel.JsonWebTokens.dll /reference:/Users/dotritrong/.nuget/packages/microsoft.identitymodel.logging/8.14.0/lib/net8.0/Microsoft.IdentityModel.Logging.dll /reference:/Users/dotritrong/.nuget/packages/microsoft.identitymodel.protocols/7.1.2/lib/net8.0/Microsoft.IdentityModel.Protocols.dll /reference:/Users/dotritrong/.nuget/packages/microsoft.identitymodel.protocols.openidconnect/7.1.2/lib/net8.0/Microsoft.IdentityModel.Protocols.OpenIdConnect.dll /reference:/Users/dotritrong/.nuget/packages/microsoft.identitymodel.tokens/8.14.0/lib/net8.0/Microsoft.IdentityModel.Tokens.dll /reference:/usr/local/share/dotnet/packs/Microsoft.AspNetCore.App.Ref/8.0.15/ref/net8.0/Microsoft.JSInterop.dll /reference:/usr/local/share/dotnet/packs/Microsoft.AspNetCore.App.Ref/8.0.15/ref/net8.0/Microsoft.Net.Http.Headers.dll /reference:/Users/dotritrong/.nuget/packages/microsoft.openapi/1.6.14/lib/netstandard2.0/Microsoft.OpenApi.dll /reference:/Users/dotritrong/.nuget/packages/microsoft.testing.extensions.telemetry/1.3.2/lib/net8.0/Microsoft.Testing.Extensions.Telemetry.dll /reference:/Users/dotritrong/.nuget/packages/microsoft.testing.extensions.trxreport.abstractions/1.3.2/lib/net8.0/Microsoft.Testing.Extensions.TrxReport.Abstractions.dll /reference:/Users/dotritrong/.nuget/packages/microsoft.testing.extensions.vstestbridge/1.3.2/lib/net8.0/Microsoft.Testing.Extensions.VSTestBridge.dll /reference:/Users/dotritrong/.nuget/packages/microsoft.testing.platform/1.3.2/lib/net8.0/Microsoft.Testing.Platform.dll /reference:/Users/dotritrong/.nuget/packages/microsoft.testing.platform.msbuild/1.3.2/lib/net8.0/Microsoft.Testing.Platform.MSBuild.dll /reference:/Users/dotritrong/.nuget/packages/microsoft.testplatform.testhost/17.11.1/lib/netcoreapp3.1/Microsoft.TestPlatform.CommunicationUtilities.dll /reference:/Users/dotritrong/.nuget/packages/microsoft.testplatform.testhost/17.11.1/lib/netcoreapp3.1/Microsoft.TestPlatform.CoreUtilities.dll /reference:/Users/dotritrong/.nuget/packages/microsoft.testplatform.testhost/17.11.1/lib/netcoreapp3.1/Microsoft.TestPlatform.CrossPlatEngine.dll /reference:/Users/dotritrong/.nuget/packages/microsoft.testplatform.testhost/17.11.1/lib/netcoreapp3.1/Microsoft.TestPlatform.PlatformAbstractions.dll /reference:/Users/dotritrong/.nuget/packages/microsoft.testplatform.testhost/17.11.1/lib/netcoreapp3.1/Microsoft.TestPlatform.Utilities.dll /reference:/usr/local/share/dotnet/packs/Microsoft.NETCore.App.Ref/8.0.15/ref/net8.0/Microsoft.VisualBasic.Core.dll /reference:/usr/local/share/dotnet/packs/Microsoft.NETCore.App.Ref/8.0.15/ref/net8.0/Microsoft.VisualBasic.dll /reference:/Users/dotritrong/.nuget/packages/microsoft.codecoverage/17.11.1/lib/netcoreapp3.1/Microsoft.VisualStudio.CodeCoverage.Shim.dll /reference:/Users/dotritrong/.nuget/packages/microsoft.testplatform.testhost/17.11.1/lib/netcoreapp3.1/Microsoft.VisualStudio.TestPlatform.Common.dll /reference:/Users/dotritrong/.nuget/packages/microsoft.testplatform.testhost/17.11.1/lib/netcoreapp3.1/Microsoft.VisualStudio.TestPlatform.ObjectModel.dll /reference:/Users/dotritrong/.nuget/packages/mstest.testframework/3.5.1/lib/net8.0/Microsoft.VisualStudio.TestPlatform.TestFramework.dll /reference:/Users/dotritrong/.nuget/packages/mstest.testframework/3.5.1/build/net8.0/Microsoft.VisualStudio.TestPlatform.TestFramework.Extensions.dll /reference:/usr/local/share/dotnet/packs/Microsoft.NETCore.App.Ref/8.0.15/ref/net8.0/Microsoft.Win32.Primitives.dll /reference:/usr/local/share/dotnet/packs/Microsoft.NETCore.App.Ref/8.0.15/ref/net8.0/Microsoft.Win32.Registry.dll /reference:/Users/dotritrong/.nuget/packages/mimekit/4.3.0/lib/net6.0/MimeKit.dll /reference:/Users/dotritrong/.nuget/packages/minio/6.0.2/lib/net7.0/Minio.dll /reference:/Users/dotritrong/.nuget/packages/moq/4.20.72/lib/net6.0/Moq.dll /reference:/usr/local/share/dotnet/packs/Microsoft.NETCore.App.Ref/8.0.15/ref/net8.0/mscorlib.dll /reference:/usr/local/share/dotnet/packs/Microsoft.NETCore.App.Ref/8.0.15/ref/net8.0/netstandard.dll /reference:/Users/dotritrong/.nuget/packages/newtonsoft.json/13.0.1/lib/netstandard2.0/Newtonsoft.Json.dll /reference:/Users/dotritrong/.nuget/packages/npgsql/8.0.6/lib/net8.0/Npgsql.dll /reference:/Users/dotritrong/.nuget/packages/npgsql.entityframeworkcore.postgresql/8.0.11/lib/net8.0/Npgsql.EntityFrameworkCore.PostgreSQL.dll /reference:/Users/dotritrong/.nuget/packages/rbush.signed/4.0.0/lib/net8.0/RBush.dll /reference:/Users/dotritrong/.nuget/packages/scalar.aspnetcore/2.8.1/lib/net8.0/Scalar.AspNetCore.dll /reference:/Users/dotritrong/.nuget/packages/sixlabors.fonts/1.0.0/lib/netcoreapp3.1/SixLabors.Fonts.dll /reference:/Users/dotritrong/.nuget/packages/swashbuckle.aspnetcore.annotations/6.6.2/lib/net8.0/Swashbuckle.AspNetCore.Annotations.dll /reference:/Users/dotritrong/.nuget/packages/swashbuckle.aspnetcore.swagger/6.6.2/lib/net8.0/Swashbuckle.AspNetCore.Swagger.dll /reference:/Users/dotritrong/.nuget/packages/swashbuckle.aspnetcore.swaggergen/6.6.2/lib/net8.0/Swashbuckle.AspNetCore.SwaggerGen.dll /reference:/Users/dotritrong/.nuget/packages/swashbuckle.aspnetcore.swaggerui/6.6.2/lib/net8.0/Swashbuckle.AspNetCore.SwaggerUI.dll /reference:/usr/local/share/dotnet/packs/Microsoft.NETCore.App.Ref/8.0.15/ref/net8.0/System.AppContext.dll /reference:/usr/local/share/dotnet/packs/Microsoft.NETCore.App.Ref/8.0.15/ref/net8.0/System.Buffers.dll /reference:/usr/local/share/dotnet/packs/Microsoft.NETCore.App.Ref/8.0.15/ref/net8.0/System.Collections.Concurrent.dll /reference:/usr/local/share/dotnet/packs/Microsoft.NETCore.App.Ref/8.0.15/ref/net8.0/System.Collections.dll /reference:/usr/local/share/dotnet/packs/Microsoft.NETCore.App.Ref/8.0.15/ref/net8.0/System.Collections.Immutable.dll /reference:/usr/local/share/dotnet/packs/Microsoft.NETCore.App.Ref/8.0.15/ref/net8.0/System.Collections.NonGeneric.dll /reference:/usr/local/share/dotnet/packs/Microsoft.NETCore.App.Ref/8.0.15/ref/net8.0/System.Collections.Specialized.dll /reference:/usr/local/share/dotnet/packs/Microsoft.NETCore.App.Ref/8.0.15/ref/net8.0/System.ComponentModel.Annotations.dll /reference:/usr/local/share/dotnet/packs/Microsoft.NETCore.App.Ref/8.0.15/ref/net8.0/System.ComponentModel.DataAnnotations.dll /reference:/usr/local/share/dotnet/packs/Microsoft.NETCore.App.Ref/8.0.15/ref/net8.0/System.ComponentModel.dll /reference:/usr/local/share/dotnet/packs/Microsoft.NETCore.App.Ref/8.0.15/ref/net8.0/System.ComponentModel.EventBasedAsync.dll /reference:/usr/local/share/dotnet/packs/Microsoft.NETCore.App.Ref/8.0.15/ref/net8.0/System.ComponentModel.Primitives.dll /reference:/usr/local/share/dotnet/packs/Microsoft.NETCore.App.Ref/8.0.15/ref/net8.0/System.ComponentModel.TypeConverter.dll /reference:/usr/local/share/dotnet/packs/Microsoft.NETCore.App.Ref/8.0.15/ref/net8.0/System.Configuration.dll /reference:/usr/local/share/dotnet/packs/Microsoft.NETCore.App.Ref/8.0.15/ref/net8.0/System.Console.dll /reference:/usr/local/share/dotnet/packs/Microsoft.NETCore.App.Ref/8.0.15/ref/net8.0/System.Core.dll /reference:/usr/local/share/dotnet/packs/Microsoft.NETCore.App.Ref/8.0.15/ref/net8.0/System.Data.Common.dll /reference:/usr/local/share/dotnet/packs/Microsoft.NETCore.App.Ref/8.0.15/ref/net8.0/System.Data.DataSetExtensions.dll /reference:/usr/local/share/dotnet/packs/Microsoft.NETCore.App.Ref/8.0.15/ref/net8.0/System.Data.dll /reference:/usr/local/share/dotnet/packs/Microsoft.NETCore.App.Ref/8.0.15/ref/net8.0/System.Diagnostics.Contracts.dll /reference:/usr/local/share/dotnet/packs/Microsoft.NETCore.App.Ref/8.0.15/ref/net8.0/System.Diagnostics.Debug.dll /reference:/usr/local/share/dotnet/packs/Microsoft.NETCore.App.Ref/8.0.15/ref/net8.0/System.Diagnostics.DiagnosticSource.dll /reference:/usr/local/share/dotnet/packs/Microsoft.AspNetCore.App.Ref/8.0.15/ref/net8.0/System.Diagnostics.EventLog.dll /reference:/usr/local/share/dotnet/packs/Microsoft.NETCore.App.Ref/8.0.15/ref/net8.0/System.Diagnostics.FileVersionInfo.dll /reference:/usr/local/share/dotnet/packs/Microsoft.NETCore.App.Ref/8.0.15/ref/net8.0/System.Diagnostics.Process.dll /reference:/usr/local/share/dotnet/packs/Microsoft.NETCore.App.Ref/8.0.15/ref/net8.0/System.Diagnostics.StackTrace.dll /reference:/usr/local/share/dotnet/packs/Microsoft.NETCore.App.Ref/8.0.15/ref/net8.0/System.Diagnostics.TextWriterTraceListener.dll /reference:/usr/local/share/dotnet/packs/Microsoft.NETCore.App.Ref/8.0.15/ref/net8.0/System.Diagnostics.Tools.dll /reference:/usr/local/share/dotnet/packs/Microsoft.NETCore.App.Ref/8.0.15/ref/net8.0/System.Diagnostics.TraceSource.dll /reference:/usr/local/share/dotnet/packs/Microsoft.NETCore.App.Ref/8.0.15/ref/net8.0/System.Diagnostics.Tracing.dll /reference:/usr/local/share/dotnet/packs/Microsoft.NETCore.App.Ref/8.0.15/ref/net8.0/System.dll /reference:/usr/local/share/dotnet/packs/Microsoft.NETCore.App.Ref/8.0.15/ref/net8.0/System.Drawing.dll /reference:/usr/local/share/dotnet/packs/Microsoft.NETCore.App.Ref/8.0.15/ref/net8.0/System.Drawing.Primitives.dll /reference:/usr/local/share/dotnet/packs/Microsoft.NETCore.App.Ref/8.0.15/ref/net8.0/System.Dynamic.Runtime.dll /reference:/usr/local/share/dotnet/packs/Microsoft.NETCore.App.Ref/8.0.15/ref/net8.0/System.Formats.Asn1.dll /reference:/usr/local/share/dotnet/packs/Microsoft.NETCore.App.Ref/8.0.15/ref/net8.0/System.Formats.Tar.dll /reference:/usr/local/share/dotnet/packs/Microsoft.NETCore.App.Ref/8.0.15/ref/net8.0/System.Globalization.Calendars.dll /reference:/usr/local/share/dotnet/packs/Microsoft.NETCore.App.Ref/8.0.15/ref/net8.0/System.Globalization.dll /reference:/usr/local/share/dotnet/packs/Microsoft.NETCore.App.Ref/8.0.15/ref/net8.0/System.Globalization.Extensions.dll /reference:/Users/dotritrong/.nuget/packages/system.identitymodel.tokens.jwt/8.14.0/lib/net8.0/System.IdentityModel.Tokens.Jwt.dll /reference:/usr/local/share/dotnet/packs/Microsoft.NETCore.App.Ref/8.0.15/ref/net8.0/System.IO.Compression.Brotli.dll /reference:/usr/local/share/dotnet/packs/Microsoft.NETCore.App.Ref/8.0.15/ref/net8.0/System.IO.Compression.dll /reference:/usr/local/share/dotnet/packs/Microsoft.NETCore.App.Ref/8.0.15/ref/net8.0/System.IO.Compression.FileSystem.dll /reference:/usr/local/share/dotnet/packs/Microsoft.NETCore.App.Ref/8.0.15/ref/net8.0/System.IO.Compression.ZipFile.dll /reference:/usr/local/share/dotnet/packs/Microsoft.NETCore.App.Ref/8.0.15/ref/net8.0/System.IO.dll /reference:/usr/local/share/dotnet/packs/Microsoft.NETCore.App.Ref/8.0.15/ref/net8.0/System.IO.FileSystem.AccessControl.dll /reference:/usr/local/share/dotnet/packs/Microsoft.NETCore.App.Ref/8.0.15/ref/net8.0/System.IO.FileSystem.dll /reference:/usr/local/share/dotnet/packs/Microsoft.NETCore.App.Ref/8.0.15/ref/net8.0/System.IO.FileSystem.DriveInfo.dll /reference:/usr/local/share/dotnet/packs/Microsoft.NETCore.App.Ref/8.0.15/ref/net8.0/System.IO.FileSystem.Primitives.dll /reference:/usr/local/share/dotnet/packs/Microsoft.NETCore.App.Ref/8.0.15/ref/net8.0/System.IO.FileSystem.Watcher.dll /reference:/Users/dotritrong/.nuget/packages/system.io.hashing/8.0.0/lib/net8.0/System.IO.Hashing.dll /reference:/usr/local/share/dotnet/packs/Microsoft.NETCore.App.Ref/8.0.15/ref/net8.0/System.IO.IsolatedStorage.dll /reference:/usr/local/share/dotnet/packs/Microsoft.NETCore.App.Ref/8.0.15/ref/net8.0/System.IO.MemoryMappedFiles.dll /reference:/Users/dotritrong/.nuget/packages/system.io.packaging/8.0.1/lib/net8.0/System.IO.Packaging.dll /reference:/usr/local/share/dotnet/packs/Microsoft.AspNetCore.App.Ref/8.0.15/ref/net8.0/System.IO.Pipelines.dll /reference:/usr/local/share/dotnet/packs/Microsoft.NETCore.App.Ref/8.0.15/ref/net8.0/System.IO.Pipes.AccessControl.dll /reference:/usr/local/share/dotnet/packs/Microsoft.NETCore.App.Ref/8.0.15/ref/net8.0/System.IO.Pipes.dll /reference:/usr/local/share/dotnet/packs/Microsoft.NETCore.App.Ref/8.0.15/ref/net8.0/System.IO.UnmanagedMemoryStream.dll /reference:/usr/local/share/dotnet/packs/Microsoft.NETCore.App.Ref/8.0.15/ref/net8.0/System.Linq.dll /reference:/usr/local/share/dotnet/packs/Microsoft.NETCore.App.Ref/8.0.15/ref/net8.0/System.Linq.Expressions.dll /reference:/usr/local/share/dotnet/packs/Microsoft.NETCore.App.Ref/8.0.15/ref/net8.0/System.Linq.Parallel.dll /reference:/usr/local/share/dotnet/packs/Microsoft.NETCore.App.Ref/8.0.15/ref/net8.0/System.Linq.Queryable.dll /reference:/usr/local/share/dotnet/packs/Microsoft.NETCore.App.Ref/8.0.15/ref/net8.0/System.Memory.dll /reference:/usr/local/share/dotnet/packs/Microsoft.NETCore.App.Ref/8.0.15/ref/net8.0/System.Net.dll /reference:/usr/local/share/dotnet/packs/Microsoft.NETCore.App.Ref/8.0.15/ref/net8.0/System.Net.Http.dll /reference:/usr/local/share/dotnet/packs/Microsoft.NETCore.App.Ref/8.0.15/ref/net8.0/System.Net.Http.Json.dll /reference:/usr/local/share/dotnet/packs/Microsoft.NETCore.App.Ref/8.0.15/ref/net8.0/System.Net.HttpListener.dll /reference:/usr/local/share/dotnet/packs/Microsoft.NETCore.App.Ref/8.0.15/ref/net8.0/System.Net.Mail.dll /reference:/usr/local/share/dotnet/packs/Microsoft.NETCore.App.Ref/8.0.15/ref/net8.0/System.Net.NameResolution.dll /reference:/usr/local/share/dotnet/packs/Microsoft.NETCore.App.Ref/8.0.15/ref/net8.0/System.Net.NetworkInformation.dll /reference:/usr/local/share/dotnet/packs/Microsoft.NETCore.App.Ref/8.0.15/ref/net8.0/System.Net.Ping.dll /reference:/usr/local/share/dotnet/packs/Microsoft.NETCore.App.Ref/8.0.15/ref/net8.0/System.Net.Primitives.dll /reference:/usr/local/share/dotnet/packs/Microsoft.NETCore.App.Ref/8.0.15/ref/net8.0/System.Net.Quic.dll /reference:/usr/local/share/dotnet/packs/Microsoft.NETCore.App.Ref/8.0.15/ref/net8.0/System.Net.Requests.dll /reference:/usr/local/share/dotnet/packs/Microsoft.NETCore.App.Ref/8.0.15/ref/net8.0/System.Net.Security.dll /reference:/usr/local/share/dotnet/packs/Microsoft.NETCore.App.Ref/8.0.15/ref/net8.0/System.Net.ServicePoint.dll /reference:/usr/local/share/dotnet/packs/Microsoft.NETCore.App.Ref/8.0.15/ref/net8.0/System.Net.Sockets.dll /reference:/usr/local/share/dotnet/packs/Microsoft.NETCore.App.Ref/8.0.15/ref/net8.0/System.Net.WebClient.dll /reference:/usr/local/share/dotnet/packs/Microsoft.NETCore.App.Ref/8.0.15/ref/net8.0/System.Net.WebHeaderCollection.dll /reference:/usr/local/share/dotnet/packs/Microsoft.NETCore.App.Ref/8.0.15/ref/net8.0/System.Net.WebProxy.dll /reference:/usr/local/share/dotnet/packs/Microsoft.NETCore.App.Ref/8.0.15/ref/net8.0/System.Net.WebSockets.Client.dll /reference:/usr/local/share/dotnet/packs/Microsoft.NETCore.App.Ref/8.0.15/ref/net8.0/System.Net.WebSockets.dll /reference:/usr/local/share/dotnet/packs/Microsoft.NETCore.App.Ref/8.0.15/ref/net8.0/System.Numerics.dll /reference:/usr/local/share/dotnet/packs/Microsoft.NETCore.App.Ref/8.0.15/ref/net8.0/System.Numerics.Vectors.dll /reference:/usr/local/share/dotnet/packs/Microsoft.NETCore.App.Ref/8.0.15/ref/net8.0/System.ObjectModel.dll /reference:/Users/dotritrong/.nuget/packages/system.reactive/6.0.0/lib/net6.0/System.Reactive.dll /reference:/usr/local/share/dotnet/packs/Microsoft.NETCore.App.Ref/8.0.15/ref/net8.0/System.Reflection.DispatchProxy.dll /reference:/usr/local/share/dotnet/packs/Microsoft.NETCore.App.Ref/8.0.15/ref/net8.0/System.Reflection.dll /reference:/usr/local/share/dotnet/packs/Microsoft.NETCore.App.Ref/8.0.15/ref/net8.0/System.Reflection.Emit.dll /reference:/usr/local/share/dotnet/packs/Microsoft.NETCore.App.Ref/8.0.15/ref/net8.0/System.Reflection.Emit.ILGeneration.dll /reference:/usr/local/share/dotnet/packs/Microsoft.NETCore.App.Ref/8.0.15/ref/net8.0/System.Reflection.Emit.Lightweight.dll /reference:/usr/local/share/dotnet/packs/Microsoft.NETCore.App.Ref/8.0.15/ref/net8.0/System.Reflection.Extensions.dll /reference:/usr/local/share/dotnet/packs/Microsoft.NETCore.App.Ref/8.0.15/ref/net8.0/System.Reflection.Metadata.dll /reference:/usr/local/share/dotnet/packs/Microsoft.NETCore.App.Ref/8.0.15/ref/net8.0/System.Reflection.Primitives.dll /reference:/usr/local/share/dotnet/packs/Microsoft.NETCore.App.Ref/8.0.15/ref/net8.0/System.Reflection.TypeExtensions.dll /reference:/usr/local/share/dotnet/packs/Microsoft.NETCore.App.Ref/8.0.15/ref/net8.0/System.Resources.Reader.dll /reference:/usr/local/share/dotnet/packs/Microsoft.NETCore.App.Ref/8.0.15/ref/net8.0/System.Resources.ResourceManager.dll /reference:/usr/local/share/dotnet/packs/Microsoft.NETCore.App.Ref/8.0.15/ref/net8.0/System.Resources.Writer.dll /reference:/usr/local/share/dotnet/packs/Microsoft.NETCore.App.Ref/8.0.15/ref/net8.0/System.Runtime.CompilerServices.Unsafe.dll /reference:/usr/local/share/dotnet/packs/Microsoft.NETCore.App.Ref/8.0.15/ref/net8.0/System.Runtime.CompilerServices.VisualC.dll /reference:/usr/local/share/dotnet/packs/Microsoft.NETCore.App.Ref/8.0.15/ref/net8.0/System.Runtime.dll /reference:/usr/local/share/dotnet/packs/Microsoft.NETCore.App.Ref/8.0.15/ref/net8.0/System.Runtime.Extensions.dll /reference:/usr/local/share/dotnet/packs/Microsoft.NETCore.App.Ref/8.0.15/ref/net8.0/System.Runtime.Handles.dll /reference:/usr/local/share/dotnet/packs/Microsoft.NETCore.App.Ref/8.0.15/ref/net8.0/System.Runtime.InteropServices.dll /reference:/usr/local/share/dotnet/packs/Microsoft.NETCore.App.Ref/8.0.15/ref/net8.0/System.Runtime.InteropServices.JavaScript.dll /reference:/usr/local/share/dotnet/packs/Microsoft.NETCore.App.Ref/8.0.15/ref/net8.0/System.Runtime.InteropServices.RuntimeInformation.dll /reference:/usr/local/share/dotnet/packs/Microsoft.NETCore.App.Ref/8.0.15/ref/net8.0/System.Runtime.Intrinsics.dll /reference:/usr/local/share/dotnet/packs/Microsoft.NETCore.App.Ref/8.0.15/ref/net8.0/System.Runtime.Loader.dll /reference:/usr/local/share/dotnet/packs/Microsoft.NETCore.App.Ref/8.0.15/ref/net8.0/System.Runtime.Numerics.dll /reference:/usr/local/share/dotnet/packs/Microsoft.NETCore.App.Ref/8.0.15/ref/net8.0/System.Runtime.Serialization.dll /reference:/usr/local/share/dotnet/packs/Microsoft.NETCore.App.Ref/8.0.15/ref/net8.0/System.Runtime.Serialization.Formatters.dll /reference:/usr/local/share/dotnet/packs/Microsoft.NETCore.App.Ref/8.0.15/ref/net8.0/System.Runtime.Serialization.Json.dll /reference:/usr/local/share/dotnet/packs/Microsoft.NETCore.App.Ref/8.0.15/ref/net8.0/System.Runtime.Serialization.Primitives.dll /reference:/usr/local/share/dotnet/packs/Microsoft.NETCore.App.Ref/8.0.15/ref/net8.0/System.Runtime.Serialization.Xml.dll /reference:/usr/local/share/dotnet/packs/Microsoft.NETCore.App.Ref/8.0.15/ref/net8.0/System.Security.AccessControl.dll /reference:/usr/local/share/dotnet/packs/Microsoft.NETCore.App.Ref/8.0.15/ref/net8.0/System.Security.Claims.dll /reference:/usr/local/share/dotnet/packs/Microsoft.NETCore.App.Ref/8.0.15/ref/net8.0/System.Security.Cryptography.Algorithms.dll /reference:/usr/local/share/dotnet/packs/Microsoft.NETCore.App.Ref/8.0.15/ref/net8.0/System.Security.Cryptography.Cng.dll /reference:/usr/local/share/dotnet/packs/Microsoft.NETCore.App.Ref/8.0.15/ref/net8.0/System.Security.Cryptography.Csp.dll /reference:/usr/local/share/dotnet/packs/Microsoft.NETCore.App.Ref/8.0.15/ref/net8.0/System.Security.Cryptography.dll /reference:/usr/local/share/dotnet/packs/Microsoft.NETCore.App.Ref/8.0.15/ref/net8.0/System.Security.Cryptography.Encoding.dll /reference:/usr/local/share/dotnet/packs/Microsoft.NETCore.App.Ref/8.0.15/ref/net8.0/System.Security.Cryptography.OpenSsl.dll /reference:/Users/dotritrong/.nuget/packages/system.security.cryptography.pkcs/7.0.3/lib/net7.0/System.Security.Cryptography.Pkcs.dll /reference:/usr/local/share/dotnet/packs/Microsoft.NETCore.App.Ref/8.0.15/ref/net8.0/System.Security.Cryptography.Primitives.dll /reference:/usr/local/share/dotnet/packs/Microsoft.NETCore.App.Ref/8.0.15/ref/net8.0/System.Security.Cryptography.X509Certificates.dll /reference:/usr/local/share/dotnet/packs/Microsoft.AspNetCore.App.Ref/8.0.15/ref/net8.0/System.Security.Cryptography.Xml.dll /reference:/usr/local/share/dotnet/packs/Microsoft.NETCore.App.Ref/8.0.15/ref/net8.0/System.Security.dll /reference:/usr/local/share/dotnet/packs/Microsoft.NETCore.App.Ref/8.0.15/ref/net8.0/System.Security.Principal.dll /reference:/usr/local/share/dotnet/packs/Microsoft.NETCore.App.Ref/8.0.15/ref/net8.0/System.Security.Principal.Windows.dll /reference:/usr/local/share/dotnet/packs/Microsoft.NETCore.App.Ref/8.0.15/ref/net8.0/System.Security.SecureString.dll /reference:/usr/local/share/dotnet/packs/Microsoft.NETCore.App.Ref/8.0.15/ref/net8.0/System.ServiceModel.Web.dll /reference:/usr/local/share/dotnet/packs/Microsoft.NETCore.App.Ref/8.0.15/ref/net8.0/System.ServiceProcess.dll /reference:/usr/local/share/dotnet/packs/Microsoft.NETCore.App.Ref/8.0.15/ref/net8.0/System.Text.Encoding.CodePages.dll /reference:/usr/local/share/dotnet/packs/Microsoft.NETCore.App.Ref/8.0.15/ref/net8.0/System.Text.Encoding.dll /reference:/usr/local/share/dotnet/packs/Microsoft.NETCore.App.Ref/8.0.15/ref/net8.0/System.Text.Encoding.Extensions.dll /reference:/usr/local/share/dotnet/packs/Microsoft.NETCore.App.Ref/8.0.15/ref/net8.0/System.Text.Encodings.Web.dll /reference:/usr/local/share/dotnet/packs/Microsoft.NETCore.App.Ref/8.0.15/ref/net8.0/System.Text.Json.dll /reference:/usr/local/share/dotnet/packs/Microsoft.NETCore.App.Ref/8.0.15/ref/net8.0/System.Text.RegularExpressions.dll /reference:/usr/local/share/dotnet/packs/Microsoft.NETCore.App.Ref/8.0.15/ref/net8.0/System.Threading.Channels.dll /reference:/usr/local/share/dotnet/packs/Microsoft.NETCore.App.Ref/8.0.15/ref/net8.0/System.Threading.dll /reference:/usr/local/share/dotnet/packs/Microsoft.NETCore.App.Ref/8.0.15/ref/net8.0/System.Threading.Overlapped.dll /reference:/usr/local/share/dotnet/packs/Microsoft.AspNetCore.App.Ref/8.0.15/ref/net8.0/System.Threading.RateLimiting.dll /reference:/usr/local/share/dotnet/packs/Microsoft.NETCore.App.Ref/8.0.15/ref/net8.0/System.Threading.Tasks.Dataflow.dll /reference:/usr/local/share/dotnet/packs/Microsoft.NETCore.App.Ref/8.0.15/ref/net8.0/System.Threading.Tasks.dll /reference:/usr/local/share/dotnet/packs/Microsoft.NETCore.App.Ref/8.0.15/ref/net8.0/System.Threading.Tasks.Extensions.dll /reference:/usr/local/share/dotnet/packs/Microsoft.NETCore.App.Ref/8.0.15/ref/net8.0/System.Threading.Tasks.Parallel.dll /reference:/usr/local/share/dotnet/packs/Microsoft.NETCore.App.Ref/8.0.15/ref/net8.0/System.Threading.Thread.dll /reference:/usr/local/share/dotnet/packs/Microsoft.NETCore.App.Ref/8.0.15/ref/net8.0/System.Threading.ThreadPool.dll /reference:/usr/local/share/dotnet/packs/Microsoft.NETCore.App.Ref/8.0.15/ref/net8.0/System.Threading.Timer.dll /reference:/usr/local/share/dotnet/packs/Microsoft.NETCore.App.Ref/8.0.15/ref/net8.0/System.Transactions.dll /reference:/usr/local/share/dotnet/packs/Microsoft.NETCore.App.Ref/8.0.15/ref/net8.0/System.Transactions.Local.dll /reference:/usr/local/share/dotnet/packs/Microsoft.NETCore.App.Ref/8.0.15/ref/net8.0/System.ValueTuple.dll /reference:/usr/local/share/dotnet/packs/Microsoft.NETCore.App.Ref/8.0.15/ref/net8.0/System.Web.dll /reference:/usr/local/share/dotnet/packs/Microsoft.NETCore.App.Ref/8.0.15/ref/net8.0/System.Web.HttpUtility.dll /reference:/usr/local/share/dotnet/packs/Microsoft.NETCore.App.Ref/8.0.15/ref/net8.0/System.Windows.dll /reference:/usr/local/share/dotnet/packs/Microsoft.NETCore.App.Ref/8.0.15/ref/net8.0/System.Xml.dll /reference:/usr/local/share/dotnet/packs/Microsoft.NETCore.App.Ref/8.0.15/ref/net8.0/System.Xml.Linq.dll /reference:/usr/local/share/dotnet/packs/Microsoft.NETCore.App.Ref/8.0.15/ref/net8.0/System.Xml.ReaderWriter.dll /reference:/usr/local/share/dotnet/packs/Microsoft.NETCore.App.Ref/8.0.15/ref/net8.0/System.Xml.Serialization.dll /reference:/usr/local/share/dotnet/packs/Microsoft.NETCore.App.Ref/8.0.15/ref/net8.0/System.Xml.XDocument.dll /reference:/usr/local/share/dotnet/packs/Microsoft.NETCore.App.Ref/8.0.15/ref/net8.0/System.Xml.XmlDocument.dll /reference:/usr/local/share/dotnet/packs/Microsoft.NETCore.App.Ref/8.0.15/ref/net8.0/System.Xml.XmlSerializer.dll /reference:/usr/local/share/dotnet/packs/Microsoft.NETCore.App.Ref/8.0.15/ref/net8.0/System.Xml.XPath.dll /reference:/usr/local/share/dotnet/packs/Microsoft.NETCore.App.Ref/8.0.15/ref/net8.0/System.Xml.XPath.XDocument.dll /reference:/Users/dotritrong/.nuget/packages/microsoft.testplatform.testhost/17.11.1/lib/netcoreapp3.1/testhost.dll /reference:/usr/local/share/dotnet/packs/Microsoft.NETCore.App.Ref/8.0.15/ref/net8.0/WindowsBase.dll /debug+ /debug:portable /filealign:512 /optimize- /out:obj/Debug/net8.0/Tests.dll /refout:obj/Debug/net8.0/refint/Tests.dll /target:exe /warnaserror- /utf8output /deterministic+ /sourcelink:obj/Debug/net8.0/Tests.sourcelink.json /langversion:12.0 /embed:/Users/dotritrong/.nuget/packages/microsoft.net.test.sdk/17.11.1/build/netcoreapp3.1/Microsoft.NET.Test.Sdk.Program.cs /analyzerconfig:obj/Debug/net8.0/Tests.GeneratedMSBuildEditorConfig.editorconfig /analyzerconfig:/usr/local/share/dotnet/sdk/9.0.203/Sdks/Microsoft.NET.Sdk/analyzers/build/config/analysislevel_8_default.globalconfig /analyzer:/usr/local/share/dotnet/sdk/9.0.203/Sdks/Microsoft.NET.Sdk/targets/../analyzers/Microsoft.CodeAnalysis.CSharp.NetAnalyzers.dll /analyzer:/usr/local/share/dotnet/sdk/9.0.203/Sdks/Microsoft.NET.Sdk/targets/../analyzers/Microsoft.CodeAnalysis.NetAnalyzers.dll /analyzer:/Users/dotritrong/.nuget/packages/microsoft.entityframeworkcore.analyzers/8.0.20/analyzers/dotnet/cs/Microsoft.EntityFrameworkCore.Analyzers.dll /analyzer:/usr/local/share/dotnet/packs/Microsoft.NETCore.App.Ref/8.0.15/analyzers/dotnet/cs/Microsoft.Interop.ComInterfaceGenerator.dll /analyzer:/usr/local/share/dotnet/packs/Microsoft.NETCore.App.Ref/8.0.15/analyzers/dotnet/cs/Microsoft.Interop.JavaScript.JSImportGenerator.dll /analyzer:/usr/local/share/dotnet/packs/Microsoft.NETCore.App.Ref/8.0.15/analyzers/dotnet/cs/Microsoft.Interop.LibraryImportGenerator.dll /analyzer:/usr/local/share/dotnet/packs/Microsoft.NETCore.App.Ref/8.0.15/analyzers/dotnet/cs/Microsoft.Interop.SourceGeneration.dll /analyzer:/usr/local/share/dotnet/packs/Microsoft.NETCore.App.Ref/8.0.15/analyzers/dotnet/cs/System.Text.Json.SourceGeneration.dll /analyzer:/usr/local/share/dotnet/packs/Microsoft.NETCore.App.Ref/8.0.15/analyzers/dotnet/cs/System.Text.RegularExpressions.Generator.dll /analyzer:/usr/local/share/dotnet/packs/Microsoft.AspNetCore.App.Ref/8.0.15/analyzers/dotnet/cs/Microsoft.AspNetCore.App.Analyzers.dll /analyzer:/usr/local/share/dotnet/packs/Microsoft.AspNetCore.App.Ref/8.0.15/analyzers/dotnet/cs/Microsoft.AspNetCore.App.CodeFixes.dll /analyzer:/usr/local/share/dotnet/packs/Microsoft.AspNetCore.App.Ref/8.0.15/analyzers/dotnet/cs/Microsoft.AspNetCore.Components.Analyzers.dll /analyzer:/usr/local/share/dotnet/packs/Microsoft.AspNetCore.App.Ref/8.0.15/analyzers/dotnet/roslyn4.4/cs/Microsoft.Extensions.Logging.Generators.dll /analyzer:/usr/local/share/dotnet/packs/Microsoft.AspNetCore.App.Ref/8.0.15/analyzers/dotnet/roslyn4.4/cs/Microsoft.Extensions.Options.SourceGeneration.dll AttendanceServiceTests.cs AuthServiceTests.cs BookingCourtServiceTests.cs CourtServiceTests.cs CustomerServiceTests.cs InventoryCardServiceTests.cs MembershipServiceTests.cs OrderServiceTests.cs PaymentServiceTests.cs PriceTableServiceTests.cs ProductServiceTests.cs ReturnGoodsServiceTests.cs ScheduleServiceTests.cs ServiceServiceTests.cs ShiftServiceTests.cs StaffServiceTests.cs StockOutServiceTests.cs TestHelpers.cs UserMembershipServiceTests.cs VoucherServiceTests.cs /Users/dotritrong/.nuget/packages/microsoft.net.test.sdk/17.11.1/build/netcoreapp3.1/Microsoft.NET.Test.Sdk.Program.cs obj/Debug/net8.0/Tests.GlobalUsings.g.cs "obj/Debug/net8.0/.NETCoreApp,Version=v8.0.AssemblyAttributes.cs" obj/Debug/net8.0/Tests.AssemblyInfo.cs /warnaserror+:NU1605,SYSLIB0011
     1>/Users/dotritrong/Desktop/Capstone/Badminton_Court_Management_System/Tests/ScheduleServiceTests.cs(7,7): warning CS0105: The using directive for 'System.Net' appeared previously in this namespace [/Users/dotritrong/Desktop/Capstone/Badminton_Court_Management_System/Tests/Tests.csproj]
     1>/Users/dotritrong/Desktop/Capstone/Badminton_Court_Management_System/Tests/BookingCourtServiceTests.cs(137,21): warning CS8601: Possible null reference assignment. [/Users/dotritrong/Desktop/Capstone/Badminton_Court_Management_System/Tests/Tests.csproj]
         CompilerServer: server - server processed compilation - Tests (net8.0)
       _CopyFilesMarkedCopyLocal:
         Copying file from "/Users/dotritrong/Desktop/Capstone/Badminton_Court_Management_System/ApiApplication/bin/Debug/net8.0/ApiApplication.dll" to "/Users/dotritrong/Desktop/Capstone/Badminton_Court_Management_System/Tests/bin/Debug/net8.0/ApiApplication.dll".
         Copying file from "/Users/dotritrong/Desktop/Capstone/Badminton_Court_Management_System/ApiApplication/bin/Debug/net8.0/ApiApplication.pdb" to "/Users/dotritrong/Desktop/Capstone/Badminton_Court_Management_System/Tests/bin/Debug/net8.0/ApiApplication.pdb".
         Touching "/Users/dotritrong/Desktop/Capstone/Badminton_Court_Management_System/Tests/obj/Debug/net8.0/Tests.csproj.Up2Date".
       _CopyOutOfDateSourceItemsToOutputDirectory:
       Building target "_CopyOutOfDateSourceItemsToOutputDirectory" partially, because some output files are out of date with respect to their input files.
         Copying file from "/Users/dotritrong/Desktop/Capstone/Badminton_Court_Management_System/ApiApplication/obj/Debug/net8.0/apphost" to "/Users/dotritrong/Desktop/Capstone/Badminton_Court_Management_System/Tests/bin/Debug/net8.0/ApiApplication".
       GenerateBuildDependencyFile:
       Skipping target "GenerateBuildDependencyFile" because all output files are up-to-date with respect to the input files.
       GenerateBuildRuntimeConfigurationFiles:
       Skipping target "GenerateBuildRuntimeConfigurationFiles" because all output files are up-to-date with respect to the input files.
       CopyFilesToOutputDirectory:
         Copying file from "/Users/dotritrong/Desktop/Capstone/Badminton_Court_Management_System/Tests/obj/Debug/net8.0/Tests.dll" to "/Users/dotritrong/Desktop/Capstone/Badminton_Court_Management_System/Tests/bin/Debug/net8.0/Tests.dll".
         Copying reference assembly from "obj/Debug/net8.0/refint/Tests.dll" to "/Users/dotritrong/Desktop/Capstone/Badminton_Court_Management_System/Tests/obj/Debug/net8.0/ref/Tests.dll".
         Tests -> /Users/dotritrong/Desktop/Capstone/Badminton_Court_Management_System/Tests/bin/Debug/net8.0/Tests.dll
         Copying file from "/Users/dotritrong/Desktop/Capstone/Badminton_Court_Management_System/Tests/obj/Debug/net8.0/Tests.pdb" to "/Users/dotritrong/Desktop/Capstone/Badminton_Court_Management_System/Tests/bin/Debug/net8.0/Tests.pdb".
     1>Done Building Project "/Users/dotritrong/Desktop/Capstone/Badminton_Court_Management_System/Tests/Tests.csproj" (default targets).
     1>BuildProject:
         Build completed.
         
Test run for /Users/dotritrong/Desktop/Capstone/Badminton_Court_Management_System/Tests/bin/Debug/net8.0/Tests.dll (.NETCoreApp,Version=v8.0)
VSTest version 17.13.0 (arm64)

Starting test execution, please wait...
A total of 1 test files matched the specified pattern.
  Passed FUNC29_TC01_CheckInAsync_Success_ShouldCreateAttendanceRecord [583 ms]
  Passed FUNC29_TC02_CheckInAsync_ExistingRecord_ShouldUpdateCheckInTime [19 ms]
  Passed FUNC29_TC03_CheckInAsync_MultipleTimes_ShouldUpdateLatestCheckIn [15 ms]
  Passed FUNC29_TC04_CheckInAsync_InvalidStaffId_ShouldStillCreateRecord [7 ms]
  Passed FUNC30_TC01_CheckOutAsync_Success_ShouldSetCheckOutTime [16 ms]
  Passed FUNC30_TC02_CheckOutAsync_NoCheckIn_ShouldReturnFalse [8 ms]
  Passed FUNC30_TC03_CheckOutAsync_AlreadyCheckedOut_ShouldReturnFalse [6 ms]
  Passed FUNC30_TC04_CheckOutAsync_MultipleRecords_ShouldUpdateMostRecent [11 ms]
  Failed FUNC01_TC01_UserRegisterAsync_Success_ShouldCreateUserAndCustomer [48 ms]
  Error Message:
   Test method Tests.AuthServiceTests.FUNC01_TC01_UserRegisterAsync_Success_ShouldCreateUserAndCustomer threw exception: 
System.NullReferenceException: Object reference not set to an instance of an object.
  Stack Trace:
      at ApiApplication.Services.Impl.AuthService.UserRegisterAsync(RegisterRequest registerRequest) in /Users/dotritrong/Desktop/Capstone/Badminton_Court_Management_System/ApiApplication/Services/Impl/AuthService.cs:line 531
   at Tests.AuthServiceTests.FUNC01_TC01_UserRegisterAsync_Success_ShouldCreateUserAndCustomer() in /Users/dotritrong/Desktop/Capstone/Badminton_Court_Management_System/Tests/AuthServiceTests.cs:line 116

  Passed FUNC01_TC02_UserRegisterAsync_EmailExists_ShouldThrowException [36 ms]
  Passed FUNC01_TC03_UserRegisterAsync_UserNameExists_ShouldThrowException [7 ms]
  Failed FUNC01_TC04_UserRegisterAsync_CreateUserFails_ShouldThrowException [14 ms]
  Error Message:
   Assert.ThrowsException failed. Threw exception NullReferenceException, but exception ApiException was expected. 
Exception Message: Object reference not set to an instance of an object.
Stack Trace:    at ApiApplication.Services.Impl.AuthService.UserRegisterAsync(RegisterRequest registerRequest) in /Users/dotritrong/Desktop/Capstone/Badminton_Court_Management_System/ApiApplication/Services/Impl/AuthService.cs:line 531
   at Tests.AuthServiceTests.<>c__DisplayClass14_0.<<FUNC01_TC04_UserRegisterAsync_CreateUserFails_ShouldThrowException>b__3>d.MoveNext() in /Users/dotritrong/Desktop/Capstone/Badminton_Court_Management_System/Tests/AuthServiceTests.cs:line 206
--- End of stack trace from previous location ---
   at Microsoft.VisualStudio.TestTools.UnitTesting.Assert.ThrowsExceptionAsync[T](Func`1 action, String message, Object[] parameters) in /_/src/TestFramework/TestFramework/Assertions/Assert.ThrowsException.cs:line 293
  Stack Trace:
     at Tests.AuthServiceTests.FUNC01_TC04_UserRegisterAsync_CreateUserFails_ShouldThrowException() in /Users/dotritrong/Desktop/Capstone/Badminton_Court_Management_System/Tests/AuthServiceTests.cs:line 206

  Failed FUNC01_TC05_UserRegisterAsync_WithMinimalRequiredFields_ShouldCreateUserSuccessfully [8 ms]
  Error Message:
   Test method Tests.AuthServiceTests.FUNC01_TC05_UserRegisterAsync_WithMinimalRequiredFields_ShouldCreateUserSuccessfully threw exception: 
System.NullReferenceException: Object reference not set to an instance of an object.
  Stack Trace:
      at ApiApplication.Services.Impl.AuthService.UserRegisterAsync(RegisterRequest registerRequest) in /Users/dotritrong/Desktop/Capstone/Badminton_Court_Management_System/ApiApplication/Services/Impl/AuthService.cs:line 531
   at Tests.AuthServiceTests.FUNC01_TC05_UserRegisterAsync_WithMinimalRequiredFields_ShouldCreateUserSuccessfully() in /Users/dotritrong/Desktop/Capstone/Badminton_Court_Management_System/Tests/AuthServiceTests.cs:line 233

  Passed FUNC02_TC01_LoginAsync_Success_ShouldReturnUserWithTokens [44 ms]
  Passed FUNC02_TC02_LoginAsync_InvalidCredentials_ShouldThrowException [7 ms]
  Passed FUNC02_TC03_LoginAsync_WrongPassword_ShouldThrowException [22 ms]
  Passed FUNC02_TC04_LoginAsync_InactiveUser_ShouldThrowException [31 ms]
  Passed FUNC02_TC05_LoginAsync_WithTempPassword_ShouldLogWarning [20 ms]
  Failed FUNC03_TC01_UpdatePasswordAsync_Success_ShouldUpdatePassword [19 ms]
  Error Message:
   Test method Tests.AuthServiceTests.FUNC03_TC01_UpdatePasswordAsync_Success_ShouldUpdatePassword threw exception: 
ApiApplication.Exceptions.ApiException: Không được phép truy cập
  Stack Trace:
      at ApiApplication.Services.Impl.AuthService.UpdatePasswordAsync(UpdatePasswordRequest updatePasswordRequest, String refreshToken) in /Users/dotritrong/Desktop/Capstone/Badminton_Court_Management_System/ApiApplication/Services/Impl/AuthService.cs:line 434
   at Tests.AuthServiceTests.FUNC03_TC01_UpdatePasswordAsync_Success_ShouldUpdatePassword() in /Users/dotritrong/Desktop/Capstone/Badminton_Court_Management_System/Tests/AuthServiceTests.cs:line 442

  Passed FUNC03_TC02_UpdatePasswordAsync_NoRefreshToken_ShouldThrowException [11 ms]
  Passed FUNC03_TC03_UpdatePasswordAsync_InvalidRefreshToken_ShouldThrowException [7 ms]
  Passed FUNC03_TC04_UpdatePasswordAsync_InactiveUser_ShouldThrowException [7 ms]
  Passed FUNC03_TC05_UpdatePasswordAsync_PasswordChangeFails_ShouldThrowException [11 ms]
  Passed FUNC04_TC01_ForgotPasswordAsync_Success_ShouldCreateResetToken [11 ms]
  Passed FUNC04_TC02_ForgotPasswordAsync_EmailNotFound_ShouldThrowException [11 ms]
  Failed FUNC04_TC03_ForgotPasswordAsync_ResetPasswordFails_ShouldThrowException [8 ms]
  Error Message:
   Assert.ThrowsException failed. No exception thrown. ApiException exception was expected. 
  Stack Trace:
     at Tests.AuthServiceTests.FUNC04_TC03_ForgotPasswordAsync_ResetPasswordFails_ShouldThrowException() in /Users/dotritrong/Desktop/Capstone/Badminton_Court_Management_System/Tests/AuthServiceTests.cs:line 628

  Passed FUNC05_TC01_VerifyEmailAsync_Success_ShouldConfirmEmailAndCreateCustomer [63 ms]
  Passed FUNC05_TC02_VerifyEmailAsync_InvalidEmail_ShouldThrowException [7 ms]
  Passed FUNC05_TC03_VerifyEmailAsync_EmailNotFound_ShouldThrowException [6 ms]
  Passed FUNC05_TC04_VerifyEmailAsync_InvalidToken_ShouldThrowException [10 ms]
  Passed FUNC05_TC05_VerifyEmailAsync_ExpiredToken_ShouldThrowException [8 ms]
  Passed FUNC05_TC06_VerifyEmailAsync_UserAlreadyHasCustomer_ShouldNotCreateDuplicate [11 ms]
  Failed FUNC06_TC01_CreateBookingCourtAsync_Success_ShouldCreateBooking [54 ms]
  Error Message:
   Test method Tests.BookingCourtServiceTests.FUNC06_TC01_CreateBookingCourtAsync_Success_ShouldCreateBooking threw exception: 
ApiApplication.Exceptions.ApiException: Booking vãng lai phải có StartDate = EndDate và DayOfWeek = null.
  Stack Trace:
      at ApiApplication.Services.Impl.BookingCourtService.CreateBookingCourtAsync(CreateBookingCourtRequest request) in /Users/dotritrong/Desktop/Capstone/Badminton_Court_Management_System/ApiApplication/Services/Impl/BookingCourtService.cs:line 96
   at Tests.BookingCourtServiceTests.FUNC06_TC01_CreateBookingCourtAsync_Success_ShouldCreateBooking() in /Users/dotritrong/Desktop/Capstone/Badminton_Court_Management_System/Tests/BookingCourtServiceTests.cs:line 191

  Passed FUNC06_TC02_CreateBookingCourtAsync_CourtNotFound_ShouldThrowException [7 ms]
  Passed FUNC06_TC03_CreateBookingCourtAsync_CourtInactive_ShouldThrowException [11 ms]
  Passed FUNC06_TC04_CreateBookingCourtAsync_InvalidTimeRange_ShouldThrowException [7 ms]
  Passed FUNC06_TC05_CreateBookingCourtAsync_PastDate_ShouldThrowException [7 ms]
  Failed FUNC06_TC06_CreateBookingCourtAsync_WithVoucher_ShouldApplyDiscount [10 ms]
  Error Message:
   Test method Tests.BookingCourtServiceTests.FUNC06_TC06_CreateBookingCourtAsync_WithVoucher_ShouldApplyDiscount threw exception: 
ApiApplication.Exceptions.ApiException: Booking vãng lai phải có StartDate = EndDate và DayOfWeek = null.
  Stack Trace:
      at ApiApplication.Services.Impl.BookingCourtService.CreateBookingCourtAsync(CreateBookingCourtRequest request) in /Users/dotritrong/Desktop/Capstone/Badminton_Court_Management_System/ApiApplication/Services/Impl/BookingCourtService.cs:line 96
   at Tests.BookingCourtServiceTests.FUNC06_TC06_CreateBookingCourtAsync_WithVoucher_ShouldApplyDiscount() in /Users/dotritrong/Desktop/Capstone/Badminton_Court_Management_System/Tests/BookingCourtServiceTests.cs:line 307

  Failed FUNC07_TC01_UserCreateBookingCourtAsync_Success_ShouldCreateBooking [23 ms]
  Error Message:
   Test method Tests.BookingCourtServiceTests.FUNC07_TC01_UserCreateBookingCourtAsync_Success_ShouldCreateBooking threw exception: 
ApiApplication.Exceptions.ApiException: Booking vãng lai phải có StartDate = EndDate và DayOfWeek = null.
  Stack Trace:
      at ApiApplication.Services.Impl.BookingCourtService.UserCreateBookingCourtAsync(UserCreateBookingCourtRequest request) in /Users/dotritrong/Desktop/Capstone/Badminton_Court_Management_System/ApiApplication/Services/Impl/BookingCourtService.cs:line 476
   at Tests.BookingCourtServiceTests.FUNC07_TC01_UserCreateBookingCourtAsync_Success_ShouldCreateBooking() in /Users/dotritrong/Desktop/Capstone/Badminton_Court_Management_System/Tests/BookingCourtServiceTests.cs:line 343

  Passed FUNC07_TC02_UserCreateBookingCourtAsync_NoUserId_ShouldThrowException [7 ms]
  Passed FUNC07_TC03_UserCreateBookingCourtAsync_NoCustomer_ShouldThrowException [13 ms]
  Passed FUNC08_TC01_CancelBookingCourtAsync_Success_ShouldCancelOccurrence [43 ms]
  Passed FUNC08_TC02_CancelBookingCourtAsync_OccurrenceNotFound_ShouldThrowException [11 ms]
  Passed FUNC08_TC03_CancelBookingCourtAsync_AlreadyCancelled_ShouldReturnTrue [7 ms]
  Failed FUNC09_TC01_CheckInOccurrenceAsync_Success_ShouldCheckIn [15 ms]
  Error Message:
   Test method Tests.BookingCourtServiceTests.FUNC09_TC01_CheckInOccurrenceAsync_Success_ShouldCheckIn threw exception: 
ApiApplication.Exceptions.ApiException: Chỉ có thể check-in trong khung giờ đã đặt: 12/12/2025 13:10:06 - 12/12/2025 20:25:06 - 12/12/2025 14:25:06
  Stack Trace:
      at ApiApplication.Services.Impl.BookingCourtService.CheckInOccurrenceAsync(CheckInBookingCourtRequest request) in /Users/dotritrong/Desktop/Capstone/Badminton_Court_Management_System/ApiApplication/Services/Impl/BookingCourtService.cs:line 1480
   at Tests.BookingCourtServiceTests.FUNC09_TC01_CheckInOccurrenceAsync_Success_ShouldCheckIn() in /Users/dotritrong/Desktop/Capstone/Badminton_Court_Management_System/Tests/BookingCourtServiceTests.cs:line 540

  Passed FUNC09_TC02_CheckInOccurrenceAsync_OccurrenceNotFound_ShouldThrowException [7 ms]
  Passed FUNC09_TC03_CheckInOccurrenceAsync_AlreadyCheckedIn_ShouldThrowException [7 ms]
  Passed FUNC10_TC01_CheckOutOccurrenceAsync_Success_ShouldCheckOut [13 ms]
  Passed FUNC10_TC02_CheckOutOccurrenceAsync_NotCheckedIn_ShouldThrowException [9 ms]
  Passed FUNC11_TC01_MarkOccurrenceNoShowAsync_Success_ShouldMarkNoShow [9 ms]
  Passed FUNC11_TC02_MarkOccurrenceNoShowAsync_AlreadyCompleted_ShouldReturnTrue [10 ms]
  Passed FUNC12_TC01_AddOrderItemAsync_Success_ShouldAddItem [49 ms]
  Passed FUNC12_TC02_AddOrderItemAsync_OccurrenceNotFound_ShouldThrowException [11 ms]
  Passed FUNC12_TC03_AddOrderItemAsync_ProductNotFound_ShouldThrowException [7 ms]
  Passed FUNC12_TC04_AddOrderItemAsync_ExistingItem_ShouldUpdateQuantity [8 ms]
  Passed FUNC13_TC01_UpdateOrderItemAsync_Success_ShouldUpdateItem [16 ms]
  Passed FUNC13_TC02_UpdateOrderItemAsync_QuantityZero_ShouldRemoveItem [12 ms]
  Passed FUNC13_TC03_UpdateOrderItemAsync_ItemNotFound_ShouldThrowException [12 ms]
  Passed FUNC40_TC01_ChangeCourtStatusAsync_Success_ShouldUpdateStatus [12 ms]
  Passed FUNC40_TC02_ChangeCourtStatusAsync_CourtNotFound_ShouldThrowException [7 ms]
  Passed FUNC40_TC03_ChangeCourtStatusAsync_InvalidStatus_ShouldThrowException [8 ms]
  Passed FUNC38_TC01_ChangeCustomerStatusAsync_Success_ShouldUpdateStatus [11 ms]
  Passed FUNC38_TC02_ChangeCustomerStatusAsync_CustomerNotFound_ShouldThrowException [6 ms]
  Passed FUNC38_TC03_ChangeCustomerStatusAsync_InvalidStatus_ShouldThrowException [8 ms]
  Passed FUNC31_TC01_CreateInventoryCardForSaleAsync_Success_ShouldDeductStock [13 ms]
  Passed FUNC31_TC02_CreateInventoryCardForSaleAsync_ProductNotFound_ShouldThrowException [< 1 ms]
  Passed FUNC31_TC03_CreateInventoryCardForSaleAsync_ProductNotManageInventory_ShouldThrowException [< 1 ms]
  Passed FUNC31_TC04_CreateInventoryCardForSaleAsync_UpdateProductStockFalse_ShouldNotDeductStock [< 1 ms]
  Passed FUNC31_TC05_CreateInventoryCardForSaleAsync_InsufficientStock_ShouldThrowException [< 1 ms]
  Passed FUNC32_TC01_CreateInventoryCardForPurchaseAsync_Success_ShouldAddStock [1 ms]
  Passed FUNC32_TC02_CreateInventoryCardForPurchaseAsync_ProductNotFound_ShouldThrowException [1 ms]
  Passed FUNC32_TC03_CreateInventoryCardForPurchaseAsync_ProductNotManageInventory_ShouldThrowException [1 ms]
  Passed FUNC32_TC04_CreateInventoryCardForPurchaseAsync_UpdateProductStockFalse_ShouldNotAddStock [< 1 ms]
  Passed FUNC19_TC01_CreateAsync_Success_ShouldCreateMembership [17 ms]
  Passed FUNC19_TC02_CreateAsync_WithoutStatus_ShouldDefaultToActive [10 ms]
  Passed FUNC19_TC03_CreateAsync_WithInactiveStatus_ShouldCreateInactive [7 ms]
  Passed FUNC19_TC04_CreateAsync_WithZeroPrice_ShouldCreate [11 ms]
  Passed FUNC19_TC05_CreateAsync_WithLongDuration_ShouldCreate [8 ms]
  Passed FUNC20_TC01_UpdateStatusAsync_Success_ShouldUpdateStatus [10 ms]
  Passed FUNC20_TC02_UpdateStatusAsync_MembershipNotFound_ShouldThrowException [10 ms]
  Passed FUNC20_TC03_UpdateStatusAsync_InvalidStatus_ShouldThrowException [7 ms]
  Passed FUNC20_TC04_UpdateStatusAsync_ToDeleted_ShouldUpdate [7 ms]
  Passed FUNC20_TC05_UpdateStatusAsync_FromInactiveToActive_ShouldUpdate [9 ms]
  Passed FUNC14_TC01_CheckoutAsync_Success_ShouldCreateOrder [97 ms]
  Passed FUNC14_TC02_CheckoutAsync_OccurrenceNotFound_ShouldThrowException [8 ms]
  Passed FUNC14_TC03_CheckoutAsync_NotCheckedIn_ShouldThrowException [7 ms]
  Passed FUNC14_TC04_CheckoutAsync_WithVoucher_ShouldApplyDiscount [14 ms]
  Passed FUNC14_TC05_CheckoutAsync_InvalidVoucher_ShouldThrowException [11 ms]
  Passed FUNC14_TC06_CheckoutAsync_BankPayment_ShouldCreatePendingOrder [8 ms]
  Passed FUNC14_TC07_CheckoutAsync_WithOrderItems_ShouldIncludeItemsInTotal [11 ms]
  Passed FUNC15_TC01_ExtendPaymentTimeAsync_Success_ShouldExtendPayment [44 ms]
  Passed FUNC15_TC02_ExtendPaymentTimeAsync_OrderNotFound_ShouldThrowException [10 ms]
  Passed FUNC15_TC03_ExtendPaymentTimeAsync_OrderNotCancelled_ShouldThrowException [7 ms]
  Passed FUNC15_TC04_ExtendPaymentTimeAsync_WithMultiplePayments_ShouldUpdateAllPayments [10 ms]
  Passed FUNC15_TC05_ExtendPaymentTimeAsync_ShouldResetPaymentCreatedAt [9 ms]
  Passed FUNC16_TC01_CreatePaymentForOrderAsync_Success_ShouldCreatePayment [75 ms]
  Passed FUNC16_TC02_CreatePaymentForOrderAsync_OrderNotFound_ShouldThrowException [7 ms]
  Passed FUNC16_TC03_CreatePaymentForOrderAsync_BookingNotFound_ShouldThrowException [7 ms]
  Passed FUNC16_TC04_CreatePaymentForOrderAsync_WithVoucher_ShouldIncludeVoucherInfo [25 ms]
  Passed FUNC16_TC05_CreatePaymentForOrderAsync_WithNote_ShouldSaveNote [10 ms]
  Passed FUNC16_TC06_CreatePaymentForOrderAsync_ShouldSetPaymentCreatedAt [14 ms]
  Passed FUNC16_TC07_CreatePaymentForOrderAsync_ShouldGeneratePaymentId [11 ms]
  Failed FUNC16_TC08_CreatePaymentForOrderAsync_ShouldSendSignalRNotification [12 ms]
  Error Message:
   Test method Tests.PaymentServiceTests.FUNC16_TC08_CreatePaymentForOrderAsync_ShouldSendSignalRNotification threw exception: 
Moq.MockException: 
Expected invocation on the mock at least once, but was never performed: x => x.Clients.All

Performed invocations:

   Mock<IHubContext<BookingHub>:34> (x):
   No invocations performed.

  Stack Trace:
      at Moq.Mock.Verify(Mock mock, LambdaExpression expression, Times times, String failMessage) in /_/src/Moq/Mock.cs:line 332
   at Moq.Mock`1.Verify[TResult](Expression`1 expression, Func`1 times) in /_/src/Moq/Mock`1.cs:line 840
   at Tests.PaymentServiceTests.FUNC16_TC08_CreatePaymentForOrderAsync_ShouldSendSignalRNotification() in /Users/dotritrong/Desktop/Capstone/Badminton_Court_Management_System/Tests/PaymentServiceTests.cs:line 449

  Passed FUNC35_TC01_SetProductsAsync_Success_ShouldAssignProducts [42 ms]
  Passed FUNC35_TC02_SetProductsAsync_PriceTableNotFound_ShouldThrowException [7 ms]
  Passed FUNC35_TC03_SetProductsAsync_InvalidProductId_ShouldIgnore [11 ms]
  Passed FUNC35_TC04_SetProductsAsync_PriceBelowCostPrice_ShouldThrowException [7 ms]
  Passed FUNC39_TC01_UpdateWebDisplayAsync_Success_ShouldUpdateIsDisplayOnWeb [11 ms]
  Passed FUNC39_TC02_UpdateWebDisplayAsync_SetToFalse_ShouldUpdateIsDisplayOnWeb [9 ms]
  Passed FUNC39_TC03_UpdateWebDisplayAsync_ProductNotFound_ShouldThrowException [6 ms]
  Passed FUNC34_TC01_CompleteAsync_Success_ShouldUpdateStatus [39 ms]
  Passed FUNC34_TC02_CompleteAsync_ReturnGoodsNotFound_ShouldThrowException [< 1 ms]
  Passed FUNC34_TC03_CompleteAsync_NotDraftStatus_ShouldThrowException [< 1 ms]
  Passed FUNC34_TC04_CompleteAsync_WithCashPayment_ShouldSetSupplierPaid [1 ms]
  Passed FUNC34_TC05_CompleteAsync_WithItems_ShouldProcessInventory [15 ms]
  Passed FUNC25_TC01_AssignShiftToStaffAsync_Success_ShouldCreateSchedule [25 ms]
  Passed FUNC25_TC02_AssignShiftToStaffAsync_FixedShift_ShouldCreateFixedSchedule [15 ms]
  Passed FUNC25_TC03_AssignShiftToStaffAsync_WithCancelledShift_ShouldRemoveCancelledShift [13 ms]
  Passed FUNC25_TC04_AssignShiftToStaffAsync_InvalidStaffId_ShouldFail [10 ms]
  Passed FUNC26_TC01_RemoveStaffFromShiftAsync_Success_ShouldDeleteSchedule [15 ms]
  Passed FUNC26_TC02_RemoveStaffFromShiftAsync_ScheduleNotFound_ShouldCreateCancelledShift [8 ms]
  Passed FUNC26_TC03_RemoveStaffFromShiftAsync_WithAttendanceNotYet_ShouldAllowRemoval [7 ms]
  Passed FUNC26_TC04_RemoveStaffFromShiftAsync_WithAttendanceCheckedIn_ShouldThrowException [10 ms]
  Passed FUNC36_TC01_AddBookingServiceAsync_Success_ShouldCreateBookingService [42 ms]
  Passed FUNC36_TC02_AddBookingServiceAsync_ServiceNotFound_ShouldThrowException [11 ms]
  Passed FUNC36_TC03_AddBookingServiceAsync_OccurrenceNotCheckedIn_ShouldThrowException [6 ms]
  Passed FUNC37_TC01_EndServiceAsync_Success_ShouldUpdateStatus [15 ms]
  Passed FUNC37_TC02_EndServiceAsync_BookingServiceNotFound_ShouldThrowException [6 ms]
  Passed FUNC27_TC01_CreateShiftAsync_Success_ShouldCreateShift [12 ms]
  Passed FUNC27_TC02_CreateShiftAsync_OverlappingTime_ShouldThrowException [9 ms]
  Passed FUNC27_TC03_CreateShiftAsync_StartTimeAfterEndTime_ShouldThrowException [7 ms]
  Passed FUNC27_TC04_CreateShiftAsync_ZeroDuration_ShouldThrowException [6 ms]
  Passed FUNC28_TC01_DeleteShiftAsync_Success_ShouldDeleteShift [15 ms]
  Passed FUNC28_TC02_DeleteShiftAsync_ShiftNotFound_ShouldThrowException [9 ms]
  Passed FUNC28_TC03_DeleteShiftAsync_WithSchedules_ShouldThrowException [7 ms]
  Passed FUNC23_TC01_CreateStaffAsync_Success_ShouldCreateStaff [23 ms]
  Passed FUNC23_TC02_CreateStaffAsync_InvalidIdentificationNumber_ShouldThrowException [6 ms]
  Passed FUNC23_TC03_CreateStaffAsync_DuplicateIdentificationNumber_ShouldThrowException [9 ms]
  Passed FUNC23_TC04_CreateStaffAsync_InvalidPhoneNumber_ShouldThrowException [6 ms]
  Passed FUNC23_TC05_CreateStaffAsync_DuplicatePhoneNumber_ShouldThrowException [6 ms]
  Passed FUNC23_TC06_CreateStaffAsync_WithoutOptionalFields_ShouldCreate [9 ms]
  Passed FUNC24_TC01_ChangeStaffStatusAsync_Success_ShouldUpdateStatus [6 ms]
  Passed FUNC24_TC02_ChangeStaffStatusAsync_StaffNotFound_ShouldThrowException [8 ms]
  Passed FUNC24_TC03_ChangeStaffStatusAsync_ActivateStaff_ShouldSetActive [8 ms]
  Passed FUNC24_TC04_ChangeStaffStatusAsync_DeactivateStaff_ShouldSetInactive [6 ms]
  Passed FUNC33_TC01_CompleteAsync_Success_ShouldUpdateStatusAndProcess [30 ms]
  Passed FUNC33_TC02_CompleteAsync_StockOutNotFound_ShouldThrowException [7 ms]
  Passed FUNC33_TC03_CompleteAsync_NotDraftStatus_ShouldThrowException [6 ms]
  Passed FUNC33_TC04_CompleteAsync_WithItems_ShouldDeductStock [10 ms]
  Failed FUNC21_TC01_CreateForCurrentUserAsync_Success_ShouldCreateMembership [30 ms]
  Error Message:
   Test method Tests.UserMembershipServiceTests.FUNC21_TC01_CreateForCurrentUserAsync_Success_ShouldCreateMembership threw exception: 
System.NullReferenceException: Object reference not set to an instance of an object.
  Stack Trace:
      at Microsoft.Extensions.Configuration.ConfigurationBinder.GetValue(IConfiguration configuration, Type type, String key, Object defaultValue)
   at Microsoft.Extensions.Configuration.ConfigurationBinder.GetValue[T](IConfiguration configuration, String key, T defaultValue)
   at Microsoft.Extensions.Configuration.ConfigurationBinder.GetValue[T](IConfiguration configuration, String key)
   at ApiApplication.Services.Impl.UserMembershipService.CreateAsync(CreateUserMembershipRequest request) in /Users/dotritrong/Desktop/Capstone/Badminton_Court_Management_System/ApiApplication/Services/Impl/UserMembershipService.cs:line 195
   at ApiApplication.Services.Impl.UserMembershipService.CreateForCurrentUserAsync(CreateUserMembershipForCurrentUserRequest request) in /Users/dotritrong/Desktop/Capstone/Badminton_Court_Management_System/ApiApplication/Services/Impl/UserMembershipService.cs:line 249
   at Tests.UserMembershipServiceTests.FUNC21_TC01_CreateForCurrentUserAsync_Success_ShouldCreateMembership() in /Users/dotritrong/Desktop/Capstone/Badminton_Court_Management_System/Tests/UserMembershipServiceTests.cs:line 157

  Passed FUNC21_TC02_CreateForCurrentUserAsync_NoUserId_ShouldThrowException [14 ms]
  Passed FUNC21_TC03_CreateForCurrentUserAsync_NoCustomer_ShouldThrowException [67 ms]
  Passed FUNC21_TC04_CreateForCurrentUserAsync_MembershipNotFound_ShouldThrowException [22 ms]
  Passed FUNC21_TC05_CreateForCurrentUserAsync_MembershipInactive_ShouldThrowException [12 ms]
  Passed FUNC21_TC06_CreateForCurrentUserAsync_ExistingUnexpiredMembership_ShouldThrowException [10 ms]
  Failed FUNC22_TC01_ExtendPaymentAsync_Success_ShouldExtendPayment [19 ms]
  Error Message:
   Test method Tests.UserMembershipServiceTests.FUNC22_TC01_ExtendPaymentAsync_Success_ShouldExtendPayment threw exception: 
System.NullReferenceException: Object reference not set to an instance of an object.
  Stack Trace:
      at Microsoft.Extensions.Configuration.ConfigurationBinder.GetValue(IConfiguration configuration, Type type, String key, Object defaultValue)
   at Microsoft.Extensions.Configuration.ConfigurationBinder.GetValue[T](IConfiguration configuration, String key, T defaultValue)
   at Microsoft.Extensions.Configuration.ConfigurationBinder.GetValue[T](IConfiguration configuration, String key)
   at ApiApplication.Services.Impl.UserMembershipService.ExtendPaymentAsync(ExtendPaymentRequest request) in /Users/dotritrong/Desktop/Capstone/Badminton_Court_Management_System/ApiApplication/Services/Impl/UserMembershipService.cs:line 313
   at Tests.UserMembershipServiceTests.FUNC22_TC01_ExtendPaymentAsync_Success_ShouldExtendPayment() in /Users/dotritrong/Desktop/Capstone/Badminton_Court_Management_System/Tests/UserMembershipServiceTests.cs:line 309

  Passed FUNC22_TC02_ExtendPaymentAsync_UserMembershipNotFound_ShouldThrowException [9 ms]
  Passed FUNC22_TC03_ExtendPaymentAsync_AlreadyPaid_ShouldThrowException [8 ms]
  Failed FUNC22_TC04_ExtendPaymentAsync_ShouldCreateNewPayment [8 ms]
  Error Message:
   Test method Tests.UserMembershipServiceTests.FUNC22_TC04_ExtendPaymentAsync_ShouldCreateNewPayment threw exception: 
System.NullReferenceException: Object reference not set to an instance of an object.
  Stack Trace:
      at Microsoft.Extensions.Configuration.ConfigurationBinder.GetValue(IConfiguration configuration, Type type, String key, Object defaultValue)
   at Microsoft.Extensions.Configuration.ConfigurationBinder.GetValue[T](IConfiguration configuration, String key, T defaultValue)
   at Microsoft.Extensions.Configuration.ConfigurationBinder.GetValue[T](IConfiguration configuration, String key)
   at ApiApplication.Services.Impl.UserMembershipService.ExtendPaymentAsync(ExtendPaymentRequest request) in /Users/dotritrong/Desktop/Capstone/Badminton_Court_Management_System/ApiApplication/Services/Impl/UserMembershipService.cs:line 313
   at Tests.UserMembershipServiceTests.FUNC22_TC04_ExtendPaymentAsync_ShouldCreateNewPayment() in /Users/dotritrong/Desktop/Capstone/Badminton_Court_Management_System/Tests/UserMembershipServiceTests.cs:line 392

  Failed FUNC22_TC05_ExtendPaymentAsync_ShouldResetStatusToPending [17 ms]
  Error Message:
   Test method Tests.UserMembershipServiceTests.FUNC22_TC05_ExtendPaymentAsync_ShouldResetStatusToPending threw exception: 
System.NullReferenceException: Object reference not set to an instance of an object.
  Stack Trace:
      at Microsoft.Extensions.Configuration.ConfigurationBinder.GetValue(IConfiguration configuration, Type type, String key, Object defaultValue)
   at Microsoft.Extensions.Configuration.ConfigurationBinder.GetValue[T](IConfiguration configuration, String key, T defaultValue)
   at Microsoft.Extensions.Configuration.ConfigurationBinder.GetValue[T](IConfiguration configuration, String key)
   at ApiApplication.Services.Impl.UserMembershipService.ExtendPaymentAsync(ExtendPaymentRequest request) in /Users/dotritrong/Desktop/Capstone/Badminton_Court_Management_System/ApiApplication/Services/Impl/UserMembershipService.cs:line 313
   at Tests.UserMembershipServiceTests.FUNC22_TC05_ExtendPaymentAsync_ShouldResetStatusToPending() in /Users/dotritrong/Desktop/Capstone/Badminton_Court_Management_System/Tests/UserMembershipServiceTests.cs:line 429

  Failed FUNC17_TC01_ValidateAndCalculateDiscountAsync_Success_ShouldReturnValidResponse [28 ms]
  Error Message:
   Assert.AreEqual failed. Expected:<10000>. Actual:<0>. 
  Stack Trace:
     at Tests.VoucherServiceTests.FUNC17_TC01_ValidateAndCalculateDiscountAsync_Success_ShouldReturnValidResponse() in /Users/dotritrong/Desktop/Capstone/Badminton_Court_Management_System/Tests/VoucherServiceTests.cs:line 136

  Passed FUNC17_TC02_ValidateAndCalculateDiscountAsync_VoucherNotFound_ShouldReturnInvalid [11 ms]
  Passed FUNC17_TC03_ValidateAndCalculateDiscountAsync_VoucherInactive_ShouldReturnInvalid [10 ms]
  Passed FUNC17_TC04_ValidateAndCalculateDiscountAsync_OrderAmountBelowMin_ShouldReturnInvalid [12 ms]
  Passed FUNC17_TC05_ValidateAndCalculateDiscountAsync_VoucherExpired_ShouldReturnInvalid [11 ms]
  Passed FUNC17_TC06_ValidateAndCalculateDiscountAsync_UsageLimitReached_ShouldReturnInvalid [9 ms]
  Failed FUNC17_TC07_ValidateAndCalculateDiscountAsync_PercentageDiscount_ShouldCalculateCorrectly [12 ms]
  Error Message:
   Assert.AreEqual failed. Expected:<10000>. Actual:<0>. 
  Stack Trace:
     at Tests.VoucherServiceTests.FUNC17_TC07_ValidateAndCalculateDiscountAsync_PercentageDiscount_ShouldCalculateCorrectly() in /Users/dotritrong/Desktop/Capstone/Badminton_Court_Management_System/Tests/VoucherServiceTests.cs:line 301

  Failed FUNC17_TC08_ValidateAndCalculateDiscountAsync_PercentageWithMaxDiscount_ShouldCapAtMax [18 ms]
  Error Message:
   Assert.AreEqual failed. Expected:<50000>. Actual:<0>. 
  Stack Trace:
     at Tests.VoucherServiceTests.FUNC17_TC08_ValidateAndCalculateDiscountAsync_PercentageWithMaxDiscount_ShouldCapAtMax() in /Users/dotritrong/Desktop/Capstone/Badminton_Court_Management_System/Tests/VoucherServiceTests.cs:line 340

  Passed FUNC18_TC01_RecordVoucherUsageAsync_Success_ShouldCreateUsageRecord [15 ms]
  Passed FUNC18_TC02_RecordVoucherUsageAsync_MultipleUsages_ShouldIncrementCount [14 ms]
  Passed FUNC18_TC03_RecordVoucherUsageAsync_DifferentCustomers_ShouldCreateSeparateRecords [13 ms]
  Passed FUNC18_TC04_RecordVoucherUsageAsync_ShouldSetUsedAtTimestamp [9 ms]
  Passed FUNC18_TC05_RecordVoucherUsageAsync_WithZeroDiscount_ShouldStillRecord [10 ms]
  Passed FUNC18_TC06_RecordVoucherUsageAsync_VoucherNotFound_ShouldStillIncrement [15 ms]

Test Run Failed.
Total tests: 174
     Passed: 157
     Failed: 17
 Total time: 3,6745 Seconds
       _VSTestConsole:
         MSB4181: The "VSTestTask" task returned false but did not log an error.
     1>Done Building Project "/Users/dotritrong/Desktop/Capstone/Badminton_Court_Management_System/Tests/Tests.csproj" (VSTest target(s)) -- FAILED.

Build FAILED.

       "/Users/dotritrong/Desktop/Capstone/Badminton_Court_Management_System/Tests/Tests.csproj" (VSTest target) (1:7) ->
       "/Users/dotritrong/Desktop/Capstone/Badminton_Court_Management_System/Tests/Tests.csproj" (default target) (1:8) ->
       (CoreCompile target) -> 
         /Users/dotritrong/Desktop/Capstone/Badminton_Court_Management_System/Tests/ScheduleServiceTests.cs(7,7): warning CS0105: The using directive for 'System.Net' appeared previously in this namespace [/Users/dotritrong/Desktop/Capstone/Badminton_Court_Management_System/Tests/Tests.csproj]
         /Users/dotritrong/Desktop/Capstone/Badminton_Court_Management_System/Tests/BookingCourtServiceTests.cs(137,21): warning CS8601: Possible null reference assignment. [/Users/dotritrong/Desktop/Capstone/Badminton_Court_Management_System/Tests/Tests.csproj]

    2 Warning(s)
    0 Error(s)

Time Elapsed 00:00:10.65
